Archive member included to satisfy reference by file (symbol)

/usr/lib/gcc/arm-none-eabi/13.2.1/../../../arm-none-eabi/lib/thumb/v7-m/nofp/libg_nano.a(libc_a-strlen-stub.o)
                              /tmp/ccKQddUX.o (strlen)
/usr/lib/gcc/arm-none-eabi/13.2.1/../../../arm-none-eabi/lib/thumb/v7-m/nofp/libg_nano.a(libc_a-memset.o)
                              /tmp/ccKQddUX.o (memset)
/usr/lib/gcc/arm-none-eabi/13.2.1/../../../arm-none-eabi/lib/thumb/v7-m/nofp/libg_nano.a(libc_a-memcpy.o)
                              /tmp/ccHhrU0S.o (memcpy)
/usr/lib/gcc/arm-none-eabi/13.2.1/../../../arm-none-eabi/lib/thumb/v7-m/nofp/libg_nano.a(libc_a-printf.o)
                              /tmp/ccnggrJS.o (printf)
/usr/lib/gcc/arm-none-eabi/13.2.1/../../../arm-none-eabi/lib/thumb/v7-m/nofp/libg_nano.a(libc_a-nano-vfprintf.o)
                              /usr/lib/gcc/arm-none-eabi/13.2.1/../../../arm-none-eabi/lib/thumb/v7-m/nofp/libg_nano.a(libc_a-printf.o) (_vfprintf_r)
/usr/lib/gcc/arm-none-eabi/13.2.1/../../../arm-none-eabi/lib/thumb/v7-m/nofp/libg_nano.a(libc_a-wbuf.o)
                              /usr/lib/gcc/arm-none-eabi/13.2.1/../../../arm-none-eabi/lib/thumb/v7-m/nofp/libg_nano.a(libc_a-nano-vfprintf.o) (__swbuf_r)
/usr/lib/gcc/arm-none-eabi/13.2.1/../../../arm-none-eabi/lib/thumb/v7-m/nofp/libg_nano.a(libc_a-impure.o)
                              /usr/lib/gcc/arm-none-eabi/13.2.1/../../../arm-none-eabi/lib/thumb/v7-m/nofp/libg_nano.a(libc_a-printf.o) (_impure_ptr)
/usr/lib/gcc/arm-none-eabi/13.2.1/../../../arm-none-eabi/lib/thumb/v7-m/nofp/libg_nano.a(libc_a-fvwrite.o)
                              /usr/lib/gcc/arm-none-eabi/13.2.1/../../../arm-none-eabi/lib/thumb/v7-m/nofp/libg_nano.a(libc_a-nano-vfprintf.o) (__sfvwrite_r)
/usr/lib/gcc/arm-none-eabi/13.2.1/../../../arm-none-eabi/lib/thumb/v7-m/nofp/libg_nano.a(libc_a-findfp.o)
                              /usr/lib/gcc/arm-none-eabi/13.2.1/../../../arm-none-eabi/lib/thumb/v7-m/nofp/libg_nano.a(libc_a-nano-vfprintf.o) (__sinit)
/usr/lib/gcc/arm-none-eabi/13.2.1/../../../arm-none-eabi/lib/thumb/v7-m/nofp/libg_nano.a(libc_a-fflush.o)
                              /usr/lib/gcc/arm-none-eabi/13.2.1/../../../arm-none-eabi/lib/thumb/v7-m/nofp/libg_nano.a(libc_a-wbuf.o) (_fflush_r)
/usr/lib/gcc/arm-none-eabi/13.2.1/../../../arm-none-eabi/lib/thumb/v7-m/nofp/libg_nano.a(libc_a-mallocr.o)
                              /usr/lib/gcc/arm-none-eabi/13.2.1/../../../arm-none-eabi/lib/thumb/v7-m/nofp/libg_nano.a(libc_a-fvwrite.o) (_malloc_r)
/usr/lib/gcc/arm-none-eabi/13.2.1/../../../arm-none-eabi/lib/thumb/v7-m/nofp/libg_nano.a(libc_a-freer.o)
                              /usr/lib/gcc/arm-none-eabi/13.2.1/../../../arm-none-eabi/lib/thumb/v7-m/nofp/libg_nano.a(libc_a-fvwrite.o) (_free_r)
/usr/lib/gcc/arm-none-eabi/13.2.1/../../../arm-none-eabi/lib/thumb/v7-m/nofp/libg_nano.a(libc_a-memmove.o)
                              /usr/lib/gcc/arm-none-eabi/13.2.1/../../../arm-none-eabi/lib/thumb/v7-m/nofp/libg_nano.a(libc_a-fvwrite.o) (memmove)
/usr/lib/gcc/arm-none-eabi/13.2.1/../../../arm-none-eabi/lib/thumb/v7-m/nofp/libg_nano.a(libc_a-fwalk.o)
                              /usr/lib/gcc/arm-none-eabi/13.2.1/../../../arm-none-eabi/lib/thumb/v7-m/nofp/libg_nano.a(libc_a-findfp.o) (_fwalk_sglue)
/usr/lib/gcc/arm-none-eabi/13.2.1/../../../arm-none-eabi/lib/thumb/v7-m/nofp/libg_nano.a(libc_a-wsetup.o)
                              /usr/lib/gcc/arm-none-eabi/13.2.1/../../../arm-none-eabi/lib/thumb/v7-m/nofp/libg_nano.a(libc_a-nano-vfprintf.o) (__swsetup_r)
/usr/lib/gcc/arm-none-eabi/13.2.1/../../../arm-none-eabi/lib/thumb/v7-m/nofp/libg_nano.a(libc_a-reallocr.o)
                              /usr/lib/gcc/arm-none-eabi/13.2.1/../../../arm-none-eabi/lib/thumb/v7-m/nofp/libg_nano.a(libc_a-fvwrite.o) (_realloc_r)
/usr/lib/gcc/arm-none-eabi/13.2.1/../../../arm-none-eabi/lib/thumb/v7-m/nofp/libg_nano.a(libc_a-nano-vfprintf_i.o)
                              /usr/lib/gcc/arm-none-eabi/13.2.1/../../../arm-none-eabi/lib/thumb/v7-m/nofp/libg_nano.a(libc_a-nano-vfprintf.o) (_printf_i)
/usr/lib/gcc/arm-none-eabi/13.2.1/../../../arm-none-eabi/lib/thumb/v7-m/nofp/libg_nano.a(libc_a-mlock.o)
                              /usr/lib/gcc/arm-none-eabi/13.2.1/../../../arm-none-eabi/lib/thumb/v7-m/nofp/libg_nano.a(libc_a-mallocr.o) (__malloc_lock)
/usr/lib/gcc/arm-none-eabi/13.2.1/../../../arm-none-eabi/lib/thumb/v7-m/nofp/libg_nano.a(libc_a-makebuf.o)
                              /usr/lib/gcc/arm-none-eabi/13.2.1/../../../arm-none-eabi/lib/thumb/v7-m/nofp/libg_nano.a(libc_a-wsetup.o) (__smakebuf_r)
/usr/lib/gcc/arm-none-eabi/13.2.1/../../../arm-none-eabi/lib/thumb/v7-m/nofp/libg_nano.a(libc_a-memchr-stub.o)
                              /usr/lib/gcc/arm-none-eabi/13.2.1/../../../arm-none-eabi/lib/thumb/v7-m/nofp/libg_nano.a(libc_a-nano-vfprintf.o) (memchr)
/usr/lib/gcc/arm-none-eabi/13.2.1/../../../arm-none-eabi/lib/thumb/v7-m/nofp/libg_nano.a(libc_a-isattyr.o)
[...]
Memory Configuration

Name             Origin             Length             Attributes
FLASH            0x00000000         0x00040000         xr
RAM              0x20000000         0x00010000         xrw
*default*        0x00000000         0xffffffff

Linker script and memory map

LOAD /tmp/ccnggrJS.o
LOAD /tmp/cccoYFku.o
LOAD /tmp/ccOxJgae.o
LOAD /tmp/ccUALYYE.o
LOAD /tmp/ccKgV91A.o
LOAD /tmp/ccMJWmlP.o
LOAD /tmp/ccKQddUX.o
LOAD /tmp/ccHhrU0S.o
LOAD /tmp/ccGiYHMx.o
LOAD /tmp/ccktjzyV.o
LOAD /tmp/cc0fDReu.o
LOAD /tmp/cclTcFNo.o
LOAD /tmp/cceDFBFe.o
LOAD /tmp/ccQ96G8w.o
START GROUP
LOAD /usr/lib/gcc/arm-none-eabi/13.2.1/thumb/v7-m/nofp/libgcc.a
LOAD /usr/lib/gcc/arm-none-eabi/13.2.1/../../../arm-none-eabi/lib/thumb/v7-m/nofp/libg_nano.a
LOAD /usr/lib/gcc/arm-none-eabi/13.2.1/../../../arm-none-eabi/lib/thumb/v7-m/nofp/libc_nano.a
END GROUP
START GROUP
LOAD /usr/lib/gcc/arm-none-eabi/13.2.1/thumb/v7-m/nofp/libgcc.a
LOAD /usr/lib/gcc/arm-none-eabi/13.2.1/../../../arm-none-eabi/lib/thumb/v7-m/nofp/libc_nano.a
LOAD /usr/lib/gcc/arm-none-eabi/13.2.1/../../../arm-none-eabi/lib/thumb/v7-m/nofp/libnosys.a
END GROUP
START GROUP
LOAD /usr/lib/gcc/arm-none-eabi/13.2.1/thumb/v7-m/nofp/libgcc.a
LOAD /usr/lib/gcc/arm-none-eabi/13.2.1/../../../arm-none-eabi/lib/thumb/v7-m/nofp/libc_nano.a
LOAD /usr/lib/gcc/arm-none-eabi/13.2.1/../../../arm-none-eabi/lib/thumb/v7-m/nofp/libnosys.a
END GROUP
                0x20010000                        _estack = (ORIGIN (RAM) + LENGTH (RAM))
                0x00002000                        _Min_Heap_Size = 0x2000
                0x00001000                        _Min_Stack_Size = 0x1000

.text           0x00000000     0x4a7c
                0x00000000                        . = ALIGN (0x4)
 *(.isr_vector)
 .isr_vector    0x00000000       0x40 /tmp/cccoYFku.o
                0x00000000                vector_table
 *(.text)
 .text          0x00000040       0xa0 /usr/lib/gcc/arm-none-eabi/13.2.1/../../../arm-none-eabi/lib/thumb/v7-m/nofp/libg_nano.a(libc_a-memset.o)
                0x00000040                memset
 .text          0x000000e0       0xec /usr/lib/gcc/arm-none-eabi/13.2.1/../../../arm-none-eabi/lib/thumb/v7-m/nofp/libg_nano.a(libc_a-memcpy.o)
                0x000000e0                memcpy
 .text          0x000001cc       0x48 /usr/lib/gcc/arm-none-eabi/13.2.1/../../../arm-none-eabi/lib/thumb/v7-m/nofp/libg_nano.a(libc_a-printf.o)
                0x000001cc                _printf_r
                0x000001cc                _iprintf_r
                0x000001ec                printf
                0x000001ec                iprintf
 .text          0x00000214      0x2ec /usr/lib/gcc/arm-none-eabi/13.2.1/../../../arm-none-eabi/lib/thumb/v7-m/nofp/libg_nano.a(libc_a-nano-vfprintf.o)
                0x0000023c                __sfputs_r
                0x0000026c                __sprint_r
                0x0000028c                _vfiprintf_r
                0x0000028c                _vfprintf_r
                0x000004e4                vfiprintf
                0x000004e4                vfprintf
 .text          0x00000500       0x9c /usr/lib/gcc/arm-none-eabi/13.2.1/../../../arm-none-eabi/lib/thumb/v7-m/nofp/libg_nano.a(libc_a-wbuf.o)
                0x00000500                __swbuf_r
                0x00000588                __swbuf
 .text          0x0000059c      0x2ec /usr/lib/gcc/arm-none-eabi/13.2.1/../../../arm-none-eabi/lib/thumb/v7-m/nofp/libg_nano.a(libc_a-fvwrite.o)
                0x0000059c                __sfvwrite_r
 .text          0x00000888      0x224 /usr/lib/gcc/arm-none-eabi/13.2.1/../../../arm-none-eabi/lib/thumb/v7-m/nofp/libg_nano.a(libc_a-findfp.o)
                0x000009b8                __sfp
                0x00000a5c                __sinit
                0x00000a7c                __sfp_lock_acquire
                0x00000a80                __sfp_lock_release
                0x00000a84                __fp_lock_all
                0x00000a98                __fp_unlock_all
 .text          0x00000aac      0x198 /usr/lib/gcc/arm-none-eabi/13.2.1/../../../arm-none-eabi/lib/thumb/v7-m/nofp/libg_nano.a(libc_a-fflush.o)
                0x00000aac                __sflush_r
                0x00000bc0                _fflush_r
                0x00000bf8                fflush
 .text          0x00000c44      0x14c /usr/lib/gcc/arm-none-eabi/13.2.1/../../../arm-none-eabi/lib/thumb/v7-m/nofp/libg_nano.a(libc_a-mallocr.o)
                0x00000c90                _malloc_r
 .text          0x00000d90       0xbc /usr/lib/gcc/arm-none-eabi/13.2.1/../../../arm-none-eabi/lib/thumb/v7-m/nofp/libg_nano.a(libc_a-freer.o)
                0x00000d90                _free_r
 .text          0x00000e4c       0xfc /usr/lib/gcc/arm-none-eabi/13.2.1/../../../arm-none-eabi/lib/thumb/v7-m/nofp/libg_nano.a(libc_a-memmove.o)
                0x00000e4c                memmove
 .text          0x00000f48       0x44 /usr/lib/gcc/arm-none-eabi/13.2.1/../../../arm-none-eabi/lib/thumb/v7-m/nofp/libg_nano.a(libc_a-fwalk.o)
                0x00000f48                _fwalk_sglue
 .text          0x00000f8c       0xc4 /usr/lib/gcc/arm-none-eabi/13.2.1/../../../arm-none-eabi/lib/thumb/v7-m/nofp/libg_nano.a(libc_a-wsetup.o)
                0x00000f8c                __swsetup_r
 .text          0x00001050       0x64 /usr/lib/gcc/arm-none-eabi/13.2.1/../../../arm-none-eabi/lib/thumb/v7-m/nofp/libg_nano.a(libc_a-reallocr.o)
                0x00001050                _realloc_r
 .text          0x000010b4      0x3a8 /usr/lib/gcc/arm-none-eabi/13.2.1/../../../arm-none-eabi/lib/thumb/v7-m/nofp/libg_nano.a(libc_a-nano-vfprintf_i.o)
                0x000010b4                _printf_common
                0x000011d8                _printf_i
 .text          0x0000145c        0x8 /usr/lib/gcc/arm-none-eabi/13.2.1/../../../arm-none-eabi/lib/thumb/v7-m/nofp/libg_nano.a(libc_a-mlock.o)
                0x0000145c                __malloc_lock
                0x00001460                __malloc_unlock
 .text          0x00001464      0x110 /usr/lib/gcc/arm-none-eabi/13.2.1/../../../arm-none-eabi/lib/thumb/v7-m/nofp/libg_nano.a(libc_a-makebuf.o)
                0x00001464                __smakebuf_r
                0x00001528                __swhatbuf_r
 .text          0x00001574       0x98 /usr/lib/gcc/arm-none-eabi/13.2.1/../../../arm-none-eabi/lib/thumb/v7-m/nofp/libg_nano.a(libc_a-memchr-stub.o)
                0x00001574                memchr
 .text          0x0000160c       0x24 /usr/lib/gcc/arm-none-eabi/13.2.1/../../../arm-none-eabi/lib/thumb/v7-m/nofp/libg_nano.a(libc_a-isattyr.o)
                0x0000160c                _isatty_r
 .text          0x00001630       0x24 /usr/lib/gcc/arm-none-eabi/13.2.1/../../../arm-none-eabi/lib/thumb/v7-m/nofp/libg_nano.a(libc_a-sbrkr.o)
                0x00001630                _sbrk_r
 .text          0x00001654       0x94 /usr/lib/gcc/arm-none-eabi/13.2.1/../../../arm-none-eabi/lib/thumb/v7-m/nofp/libg_nano.a(libc_a-stdio.o)
                0x00001654                __sread
                0x00001678                __seofread
                0x0000167c                __swrite
                0x000016bc                __sseek
                0x000016e0                __sclose
 .text          0x000016e8       0x10 /usr/lib/gcc/arm-none-eabi/13.2.1/../../../arm-none-eabi/lib/thumb/v7-m/nofp/libg_nano.a(libc_a-msizer.o)
                0x000016e8                _malloc_usable_size_r
 .text          0x000016f8       0x24 /usr/lib/gcc/arm-none-eabi/13.2.1/../../../arm-none-eabi/lib/thumb/v7-m/nofp/libg_nano.a(libc_a-closer.o)
                0x000016f8                _close_r
 .text          0x0000171c       0x2c /usr/lib/gcc/arm-none-eabi/13.2.1/../../../arm-none-eabi/lib/thumb/v7-m/nofp/libg_nano.a(libc_a-readr.o)
                0x0000171c                _read_r
 .text          0x00001748       0x28 /usr/lib/gcc/arm-none-eabi/13.2.1/../../../arm-none-eabi/lib/thumb/v7-m/nofp/libg_nano.a(libc_a-fstatr.o)
                0x00001748                _fstat_r
 .text          0x00001770       0x2c /usr/lib/gcc/arm-none-eabi/13.2.1/../../../arm-none-eabi/lib/thumb/v7-m/nofp/libg_nano.a(libc_a-lseekr.o)
                0x00001770                _lseek_r
 .text          0x0000179c       0x2c /usr/lib/gcc/arm-none-eabi/13.2.1/../../../arm-none-eabi/lib/thumb/v7-m/nofp/libg_nano.a(libc_a-writer.o)
                0x0000179c                _write_r
 *(.text*)
 .text.HRT_A    0x000017c8        0x4 /tmp/ccnggrJS.o
 .text.prvDemoSupervisor
                0x000017cc       0xec /tmp/ccnggrJS.o
 .text.SRT_X    0x000018b8        0x4 /tmp/ccnggrJS.o
 .text.SRT_Y    0x000018bc        0x4 /tmp/ccnggrJS.o
 .text.HRT_B    0x000018c0        0x4 /tmp/ccnggrJS.o
 .text.startup.main
                0x000018c4       0x94 /tmp/ccnggrJS.o
                0x000018c4                main
 .text.vApplicationMallocFailedHook
                0x00001958       0x20 /tmp/ccnggrJS.o
                0x00001958                vApplicationMallocFailedHook
 .text.vApplicationStackOverflowHook
                0x00001978       0x2c /tmp/ccnggrJS.o
                0x00001978                vApplicationStackOverflowHook
 .text.vApplicationIdleHook
                0x000019a4        0x4 /tmp/ccnggrJS.o
                0x000019a4                vApplicationIdleHook
 .text.vApplicationTickHook
                0x000019a8        0x4 /tmp/ccnggrJS.o
                0x000019a8                vApplicationTickHook
 .text.vAssertCalled
                0x000019ac       0x20 /tmp/ccnggrJS.o
                0x000019ac                vAssertCalled
 .text.vApplicationDeadlineMissHook
                0x000019cc       0x1c /tmp/ccnggrJS.o
                0x000019cc                vApplicationDeadlineMissHook
 .text.vApplicationTaskCreateFailedHook
                0x000019e8       0x30 /tmp/ccnggrJS.o
                0x000019e8                vApplicationTaskCreateFailedHook
 .text.vApplicationScheduleErrorHook
                0x00001a18       0x24 /tmp/ccnggrJS.o
                0x00001a18                vApplicationScheduleErrorHook
 .text.vApplicationGetIdleTaskMemory
                0x00001a3c       0x1c /tmp/ccnggrJS.o
                0x00001a3c                vApplicationGetIdleTaskMemory
 .text.vApplicationGetTimerTaskMemory
                0x00001a58       0x1c /tmp/ccnggrJS.o
                0x00001a58                vApplicationGetTimerTaskMemory
 .text.Default_Handler
                0x00001a74        0x4 /tmp/cccoYFku.o
                0x00001a74                DebugMon_Handler
                0x00001a74                HardFault_Handler
                0x00001a74                NMI_Handler
                0x00001a74                UsageFault_Handler
                0x00001a74                Default_Handler
                0x00001a74                MemManage_Handler
                0x00001a74                BusFault_Handler
 .text.SystemInit
                0x00001a78        0x4 /tmp/cccoYFku.o
                0x00001a78                SystemInit
 .text.Reset_Handler
                0x00001a7c       0x68 /tmp/cccoYFku.o
                0x00001a7c                Reset_Handler
 .text._write   0x00001ae4       0x3c /tmp/ccOxJgae.o
                0x00001ae4                _write
 .text._read    0x00001b20        0x4 /tmp/ccOxJgae.o
                0x00001b20                _read
 .text._close   0x00001b24        0x8 /tmp/ccOxJgae.o
                0x00001b24                _close
 .text._lseek   0x00001b2c        0x4 /tmp/ccOxJgae.o
                0x00001b2c                _lseek
 .text._fstat   0x00001b30        0xc /tmp/ccOxJgae.o
                0x00001b30                _fstat
 .text._isatty  0x00001b3c        0x4 /tmp/ccOxJgae.o
                0x00001b3c                _isatty
 .text._sbrk    0x00001b40       0x1c /tmp/ccOxJgae.o
                0x00001b40                _sbrk
 .text.uart0_init
                0x00001b5c       0x34 /tmp/ccOxJgae.o
                0x00001b5c                uart0_init
 .text.prvHrtTramp
                0x00001b90       0x48 /tmp/ccUALYYE.o
 .text.prvBuildTables.constprop.0
                0x00001bd8      0x148 /tmp/ccUALYYE.o
 .text.prvReleaseNextSrt.part.0
                0x00001d20       0x68 /tmp/ccUALYYE.o
 .text.prvSrtTramp
                0x00001d88       0x5c /tmp/ccUALYYE.o
 .text.prvEngineTask
                0x00001de4      0x2b4 /tmp/ccUALYYE.o
 .text.xTimelineEngineValidate
                0x00002098       0xd8 /tmp/ccUALYYE.o
                0x00002098                xTimelineEngineValidate
 .text.vConfigureScheduler
                0x00002170       0xa8 /tmp/ccUALYYE.o
                0x00002170                vConfigureScheduler
 .text.ulTimelineGetNonHrtTicks
                0x00002218        0xc /tmp/ccUALYYE.o
                0x00002218                ulTimelineGetNonHrtTicks
 .text.ulTimelineGetTrueIdleTicks
                0x00002224        0xc /tmp/ccUALYYE.o
                0x00002224                ulTimelineGetTrueIdleTicks
 .text.vTimelineIdleTickAccount
                0x00002230       0x24 /tmp/ccUALYYE.o
                0x00002230                vTimelineIdleTickAccount
 .text.vTraceRecordReset
                0x00002254        0xc /tmp/ccKgV91A.o
                0x00002254                vTraceRecordReset
 .text.vTraceRecordEnable
                0x00002260        0xc /tmp/ccKgV91A.o
                0x00002260                vTraceRecordEnable
 .text.vTraceEnable
                0x0000226c        0xc /tmp/ccKgV91A.o
                0x0000226c                vTraceEnable
 .text.vTraceLog
                0x00002278       0xb8 /tmp/ccKgV91A.o
                0x00002278                vTraceLog
 .text.vTraceIdleReport
                0x00002330       0x20 /tmp/ccKgV91A.o
                0x00002330                vTraceIdleReport
 .text.vTraceDumpAll
                0x00002350       0xdc /tmp/ccKgV91A.o
                0x00002350                vTraceDumpAll
 .text.vTimelineHookInit
                0x0000242c       0x34 /tmp/ccMJWmlP.o
                0x0000242c                vTimelineHookInit
 .text.xTimelineTickHookFromISR
                0x00002460       0x68 /tmp/ccMJWmlP.o
                0x00002460                xTimelineTickHookFromISR
 .text.xTimelineGetFrameOffset
                0x000024c8        0xc /tmp/ccMJWmlP.o
                0x000024c8                xTimelineGetFrameOffset
 .text.prvAddNewTaskToReadyList
                0x000024d4      0x128 /tmp/ccKQddUX.o
 .text.prvAddCurrentTaskToDelayedList
                0x000025fc       0xc0 /tmp/ccKQddUX.o
 .text.prvInitialiseNewTask.constprop.0
                0x000026bc       0xa8 /tmp/ccKQddUX.o
 .text.prvCheckTasksWaitingTermination
                0x00002764       0x6c /tmp/ccKQddUX.o
 .text.prvIdleTask
                0x000027d0       0x2c /tmp/ccKQddUX.o
 .text.xTaskIncrementTick.part.0
                0x000027fc      0x188 /tmp/ccKQddUX.o
 .text.xTaskCreateStatic
                0x00002984       0x90 /tmp/ccKQddUX.o
                0x00002984                xTaskCreateStatic
 .text.xTaskCreate
                0x00002a14       0x68 /tmp/ccKQddUX.o
                0x00002a14                xTaskCreate
 .text.vTaskDelete
                0x00002a7c      0x110 /tmp/ccKQddUX.o
                0x00002a7c                vTaskDelete
 .text.vTaskStartScheduler
                0x00002b8c       0x9c /tmp/ccKQddUX.o
                0x00002b8c                vTaskStartScheduler
 .text.vTaskSuspendAll
                0x00002c28       0x10 /tmp/ccKQddUX.o
                0x00002c28                vTaskSuspendAll
 .text.xTaskResumeAll
                0x00002c38      0x19c /tmp/ccKQddUX.o
                0x00002c38                xTaskResumeAll
 .text.vTaskDelay
                0x00002dd4       0x54 /tmp/ccKQddUX.o
                0x00002dd4                vTaskDelay
 .text.xTaskGetTickCount
                0x00002e28        0xc /tmp/ccKQddUX.o
                0x00002e28                xTaskGetTickCount
 .text.uxTaskGetNumberOfTasks
                0x00002e34        0xc /tmp/ccKQddUX.o
                0x00002e34                uxTaskGetNumberOfTasks
 .text.xTaskIncrementTick
                0x00002e40       0x28 /tmp/ccKQddUX.o
                0x00002e40                xTaskIncrementTick
 .text.vTaskSwitchContext
                0x00002e68       0xc8 /tmp/ccKQddUX.o
                0x00002e68                vTaskSwitchContext
 .text.vTaskSuspend
                0x00002f30       0xe0 /tmp/ccKQddUX.o
                0x00002f30                vTaskSuspend
 .text.vTaskPlaceOnEventList
                0x00003010       0x30 /tmp/ccKQddUX.o
                0x00003010                vTaskPlaceOnEventList
 .text.vTaskPlaceOnEventListRestricted
                0x00003040       0x5c /tmp/ccKQddUX.o
                0x00003040                vTaskPlaceOnEventListRestricted
 .text.xTaskRemoveFromEventList
                0x0000309c       0xcc /tmp/ccKQddUX.o
                0x0000309c                xTaskRemoveFromEventList
 .text.vTaskInternalSetTimeOutState
                0x00003168       0x18 /tmp/ccKQddUX.o
                0x00003168                vTaskInternalSetTimeOutState
 .text.xTaskCheckForTimeOut
                0x00003180       0x88 /tmp/ccKQddUX.o
                0x00003180                xTaskCheckForTimeOut
 .text.vTaskMissedYield
                0x00003208        0xc /tmp/ccKQddUX.o
                0x00003208                vTaskMissedYield
 .text.xTaskGetSchedulerState
                0x00003214       0x20 /tmp/ccKQddUX.o
                0x00003214                xTaskGetSchedulerState
 .text.xTaskPriorityInherit
                0x00003234       0x90 /tmp/ccKQddUX.o
                0x00003234                xTaskPriorityInherit
 .text.vTaskPriorityDisinheritAfterTimeout
                0x000032c4       0x9c /tmp/ccKQddUX.o
                0x000032c4                vTaskPriorityDisinheritAfterTimeout
 .text.pvTaskIncrementMutexHeldCount
                0x00003360       0x14 /tmp/ccKQddUX.o
                0x00003360                pvTaskIncrementMutexHeldCount
 .text.prvUnlockQueue
                0x00003374       0x8c /tmp/ccHhrU0S.o
 .text.xQueueGenericReset
                0x00003400       0x88 /tmp/ccHhrU0S.o
                0x00003400                xQueueGenericReset
 .text.xQueueGenericCreateStatic
                0x00003488       0x70 /tmp/ccHhrU0S.o
                0x00003488                xQueueGenericCreateStatic
 .text.xQueueGenericCreate
                0x000034f8       0x5c /tmp/ccHhrU0S.o
                0x000034f8                xQueueGenericCreate
 .text.xQueueGiveFromISR
                0x00003554       0x9c /tmp/ccHhrU0S.o
                0x00003554                xQueueGiveFromISR
 .text.xQueueReceive
                0x000035f0      0x14c /tmp/ccHhrU0S.o
                0x000035f0                xQueueReceive
 .text.xQueueSemaphoreTake
                0x0000373c      0x178 /tmp/ccHhrU0S.o
                0x0000373c                xQueueSemaphoreTake
 .text.vQueueAddToRegistry
                0x000038b4       0x54 /tmp/ccHhrU0S.o
                0x000038b4                vQueueAddToRegistry
 .text.vQueueWaitForMessageRestricted
                0x00003908       0x50 /tmp/ccHhrU0S.o
                0x00003908                vQueueWaitForMessageRestricted
 .text.vListInitialise
                0x00003958       0x18 /tmp/ccGiYHMx.o
                0x00003958                vListInitialise
 .text.vListInitialiseItem
                0x00003970        0x8 /tmp/ccGiYHMx.o
                0x00003970                vListInitialiseItem
 .text.vListInsertEnd
                0x00003978       0x1c /tmp/ccGiYHMx.o
                0x00003978                vListInsertEnd
 .text.vListInsert
                0x00003994       0x30 /tmp/ccGiYHMx.o
                0x00003994                vListInsert
 .text.uxListRemove
                0x000039c4       0x24 /tmp/ccGiYHMx.o
                0x000039c4                uxListRemove
 .text.prvCheckForValidListAndQueue
                0x000039e8       0x6c /tmp/ccktjzyV.o
 .text.prvProcessExpiredTimer
                0x00003a54       0x90 /tmp/ccktjzyV.o
 .text.prvTimerTask
                0x00003ae4      0x278 /tmp/ccktjzyV.o
 .text.xTimerCreateTimerTask
                0x00003d5c       0x5c /tmp/ccktjzyV.o
                0x00003d5c                xTimerCreateTimerTask
 .text.vPortSVCHandler
                0x00003db8       0x24 /tmp/cceDFBFe.o
                0x00003db8                vPortSVCHandler
 .text.prvPortStartFirstTask
                0x00003ddc       0x20 /tmp/cceDFBFe.o
 .text.xPortPendSVHandler
                0x00003dfc       0x44 /tmp/cceDFBFe.o
                0x00003dfc                xPortPendSVHandler
 .text.prvTaskExitError
                0x00003e40       0x34 /tmp/cceDFBFe.o
 .text.pxPortInitialiseStack
                0x00003e74       0x24 /tmp/cceDFBFe.o
                0x00003e74                pxPortInitialiseStack
 .text.vPortEnterCritical
                0x00003e98       0x34 /tmp/cceDFBFe.o
                0x00003e98                vPortEnterCritical
 .text.vPortExitCritical
                0x00003ecc       0x20 /tmp/cceDFBFe.o
                0x00003ecc                vPortExitCritical
 .text.xPortSysTickHandler
                0x00003eec       0x2c /tmp/cceDFBFe.o
                0x00003eec                xPortSysTickHandler
 .text.vPortSetupTimerInterrupt
                0x00003f18       0x18 /tmp/cceDFBFe.o
                0x00003f18                vPortSetupTimerInterrupt
 .text.xPortStartScheduler
                0x00003f30      0x118 /tmp/cceDFBFe.o
                0x00003f30                xPortStartScheduler
 .text.vPortValidateInterruptPriority
                0x00004048       0x48 /tmp/cceDFBFe.o
                0x00004048                vPortValidateInterruptPriority
 .text.pvPortMalloc
                0x00004090      0x1a0 /tmp/ccQ96G8w.o
                0x00004090                pvPortMalloc
 .text.vPortFree
                0x00004230      0x100 /tmp/ccQ96G8w.o
                0x00004230                vPortFree
 *(.rodata)
 *(.rodata*)
 .rodata.prvDemoSupervisor.str1.4
                0x00004330      0x66d /tmp/ccnggrJS.o
                                0x1ce (size before relaxing)
 .rodata.main.str1.4
                0x0000499d      0x175 /tmp/ccnggrJS.o
 .rodata.vApplicationMallocFailedHook.str1.4
                0x0000499d       0x15 /tmp/ccnggrJS.o
 .rodata.vApplicationStackOverflowHook.str1.4
                0x0000499d       0x20 /tmp/ccnggrJS.o
 .rodata.vAssertCalled.str1.4
                0x0000499d       0x1b /tmp/ccnggrJS.o
 .rodata.vApplicationDeadlineMissHook.str1.4
                0x0000499d       0x36 /tmp/ccnggrJS.o
 .rodata.vApplicationTaskCreateFailedHook.str1.4
                0x0000499d       0x33 /tmp/ccnggrJS.o
 .rodata.vApplicationScheduleErrorHook.str1.4
                0x0000499d       0x22 /tmp/ccnggrJS.o
 .rodata.str1.4
                0x0000499d       0x5e /tmp/ccnggrJS.o
 *fill*         0x0000499d        0x3 
 .rodata.names.4
                0x000049a0       0x10 /tmp/ccnggrJS.o
 .rodata.xSpec  0x000049b0       0x14 /tmp/ccnggrJS.o
 .rodata.xSlots
                0x000049c4       0x90 /tmp/ccnggrJS.o
 .rodata.prvEngineTask.str1.4
                0x00004a54        0x6 /tmp/ccUALYYE.o
 .rodata.vConfigureScheduler.str1.4
                0x00004a54       0x16 /tmp/ccUALYYE.o
 .rodata.vTraceLog.str1.4
                0x00004a54       0x96 /tmp/ccKgV91A.o
 .rodata.vTraceIdleReport.str1.4
                0x00004a54       0x28 /tmp/ccKgV91A.o
 .rodata.vTraceDumpAll.str1.4
                0x00004a54       0x88 /tmp/ccKgV91A.o
 .rodata.str1.4
                0x00004a54       0x49 /tmp/ccKgV91A.o
 .rodata.CSWTCH.22
                0x00004a54       0x24 /tmp/ccKgV91A.o
 .rodata.uxTopUsedPriority
                0x00004a78        0x4 /tmp/ccKQddUX.o
 .rodata.prvCheckForValidListAndQueue.str1.4
                0x00004a7c        0x5 /tmp/ccktjzyV.o
 .rodata.xTimerCreateTimerTask.str1.4
                0x00004a7c        0x8 /tmp/ccktjzyV.o
 .rodata.str1.4
                0x00004a7c       0x13 /usr/lib/gcc/arm-none-eabi/13.2.1/../../../arm-none-eabi/lib/thumb/v7-m/nofp/libg_nano.a(libc_a-nano-vfprintf.o)
 .rodata.str1.4
                0x00004a7c       0x25 /usr/lib/gcc/arm-none-eabi/13.2.1/../../../arm-none-eabi/lib/thumb/v7-m/nofp/libg_nano.a(libc_a-nano-vfprintf_i.o)
                0x00004aec                        . = ALIGN (0x4)
                0x00004a7c                        _etext = .
                0x00004a84                        _sidata = LOADADDR (.data)

.glue_7         0x00004a7c        0x0
 .glue_7        0x00004a7c        0x0 linker stubs

.glue_7t        0x00004a7c        0x0
 .glue_7t       0x00004a7c        0x0 linker stubs

.vfp11_veneer   0x00004a7c        0x0
 .vfp11_veneer  0x00004a7c        0x0 linker stubs

.v4_bx          0x00004a7c        0x0
 .v4_bx         0x00004a7c        0x0 linker stubs

.iplt           0x00004a7c        0x0
 .iplt          0x00004a7c        0x0 /tmp/ccnggrJS.o

.rel.dyn        0x00004a7c        0x0
 .rel.iplt      0x00004a7c        0x0 /tmp/ccnggrJS.o

.ARM.exidx      0x00004a7c        0x8
 .ARM.exidx     0x00004a7c        0x8 /usr/lib/gcc/arm-none-eabi/13.2.1/../../../arm-none-eabi/lib/thumb/v7-m/nofp/libg_nano.a(libc_a-memcpy.o)

.data           0x20000000       0x64 load address 0x00004a84
                0x20000000                        . = ALIGN (0x4)
                0x20000000                        _sdata = .
 *(.data)
 .data          0x20000000       0x50 /usr/lib/gcc/arm-none-eabi/13.2.1/../../../arm-none-eabi/lib/thumb/v7-m/nofp/libg_nano.a(libc_a-impure.o)
                0x20000000                _impure_ptr
                0x20000004                _impure_data
 .data          0x20000050        0xc /usr/lib/gcc/arm-none-eabi/13.2.1/../../../arm-none-eabi/lib/thumb/v7-m/nofp/libg_nano.a(libc_a-findfp.o)
                0x20000050                __sglue
 *(.data*)
 .data.s_ucTraceEnabled
                0x2000005c        0x1 /tmp/ccKgV91A.o
 *fill*         0x2000005d        0x3 
 .data.uxCriticalNesting
                0x20000060        0x4 /tmp/cceDFBFe.o
                0x20000064                        . = ALIGN (0x4)
                0x20000064                        _edata = .

.igot.plt       0x20000064        0x0 load address 0x00004ae8
 .igot.plt      0x20000064        0x0 /tmp/ccnggrJS.o

.bss            0x20000068     0x7680 load address 0x00004ae8
                0x20000068                        . = ALIGN (0x4)
                0x20000068                        _sbss = .
 *(.bss)
 .bss           0x20000068      0x13c /usr/lib/gcc/arm-none-eabi/13.2.1/../../../arm-none-eabi/lib/thumb/v7-m/nofp/libg_nano.a(libc_a-findfp.o)
                0x20000068                __sf
                0x200001a0                __stdio_exit_handler
 .bss           0x200001a4        0x8 /usr/lib/gcc/arm-none-eabi/13.2.1/../../../arm-none-eabi/lib/thumb/v7-m/nofp/libg_nano.a(libc_a-mallocr.o)
                0x200001a4                __malloc_sbrk_start
                0x200001a8                __malloc_free_list
 .bss           0x200001ac        0x4 /usr/lib/gcc/arm-none-eabi/13.2.1/../../../arm-none-eabi/lib/thumb/v7-m/nofp/libg_nano.a(libc_a-reent.o)
                0x200001ac                errno
 *(.bss*)
 .bss.xTimerStack.0
                0x200001b0      0x400 /tmp/ccnggrJS.o
 .bss.xTimerTCB.1
                0x200005b0       0x58 /tmp/ccnggrJS.o
 .bss.xIdleStack.2
                0x20000608      0x400 /tmp/ccnggrJS.o
 .bss.xIdleTCB.3
                0x20000a08       0x58 /tmp/ccnggrJS.o
 .bss.heap_ptr  0x20000a60        0x4 /tmp/ccOxJgae.o
 .bss.s_xLastTick.0
                0x20000a64        0x4 /tmp/ccUALYYE.o
 .bss.s_pxPendingSpec
                0x20000a68        0x4 /tmp/ccUALYYE.o
 .bss.s_ulTrueIdleCount
                0x20000a6c        0x4 /tmp/ccUALYYE.o
 .bss.s_ulNonHrtLatched
                0x20000a70        0x4 /tmp/ccUALYYE.o
 .bss.s_ulNonHrtTicks
                0x20000a74        0x4 /tmp/ccUALYYE.o
 .bss.s_ulSrtNext
                0x20000a78        0x4 /tmp/ccUALYYE.o
 .bss.s_xTickSignal
                0x20000a7c        0x4 /tmp/ccUALYYE.o
 .bss.s_xEngineTask
                0x20000a80        0x4 /tmp/ccUALYYE.o
 .bss.s_ulSrtCount
                0x20000a84        0x4 /tmp/ccUALYYE.o
 .bss.s_ulHrtCount
                0x20000a88        0x4 /tmp/ccUALYYE.o
 .bss.s_xSrt    0x20000a8c       0x60 /tmp/ccUALYYE.o
 .bss.s_xHrt    0x20000aec       0xc0 /tmp/ccUALYYE.o
 .bss.s_xSpec   0x20000bac       0x14 /tmp/ccUALYYE.o
 .bss.s_ucRecordEnabled
                0x20000bc0        0x1 /tmp/ccKgV91A.o
 *fill*         0x20000bc1        0x3 
 .bss.s_ulRecordCount
                0x20000bc4        0x4 /tmp/ccKgV91A.o
 .bss.s_xRecords
                0x20000bc8     0x4000 /tmp/ccKgV91A.o
 .bss.s_xTickSignal
                0x20004bc8        0x4 /tmp/ccMJWmlP.o
 .bss.s_ulFrameNumber
                0x20004bcc        0x4 /tmp/ccMJWmlP.o
 .bss.s_xFrameOffset
                0x20004bd0        0x4 /tmp/ccMJWmlP.o
 .bss.s_xFrameStart
                0x20004bd4        0x4 /tmp/ccMJWmlP.o
 .bss.s_xMajorFrame
                0x20004bd8        0x4 /tmp/ccMJWmlP.o
 .bss.uxSchedulerSuspended
                0x20004bdc        0x4 /tmp/ccKQddUX.o
 .bss.xIdleTaskHandles
                0x20004be0        0x4 /tmp/ccKQddUX.o
 .bss.xNextTaskUnblockTime
                0x20004be4        0x4 /tmp/ccKQddUX.o
 .bss.uxTaskNumber
                0x20004be8        0x4 /tmp/ccKQddUX.o
 .bss.xNumOfOverflows
                0x20004bec        0x4 /tmp/ccKQddUX.o
 .bss.xYieldPendings
                0x20004bf0        0x4 /tmp/ccKQddUX.o
 .bss.xPendedTicks
                0x20004bf4        0x4 /tmp/ccKQddUX.o
 .bss.xSchedulerRunning
                0x20004bf8        0x4 /tmp/ccKQddUX.o
 .bss.uxTopReadyPriority
                0x20004bfc        0x4 /tmp/ccKQddUX.o
 .bss.xTickCount
                0x20004c00        0x4 /tmp/ccKQddUX.o
 .bss.uxCurrentNumberOfTasks
                0x20004c04        0x4 /tmp/ccKQddUX.o
 .bss.xSuspendedTaskList
                0x20004c08       0x14 /tmp/ccKQddUX.o
 .bss.uxDeletedTasksWaitingCleanUp
                0x20004c1c        0x4 /tmp/ccKQddUX.o
 .bss.xTasksWaitingTermination
                0x20004c20       0x14 /tmp/ccKQddUX.o
 .bss.xPendingReadyList
                0x20004c34       0x14 /tmp/ccKQddUX.o
 .bss.pxOverflowDelayedTaskList
                0x20004c48        0x4 /tmp/ccKQddUX.o
 .bss.pxDelayedTaskList
                0x20004c4c        0x4 /tmp/ccKQddUX.o
 .bss.xDelayedTaskList2
                0x20004c50       0x14 /tmp/ccKQddUX.o
 .bss.xDelayedTaskList1
                0x20004c64       0x14 /tmp/ccKQddUX.o
 .bss.pxReadyTasksLists
                0x20004c78       0xc8 /tmp/ccKQddUX.o
 .bss.pxCurrentTCB
                0x20004d40        0x4 /tmp/ccKQddUX.o
                0x20004d40                pxCurrentTCB
 *fill*         0x20004d44        0x4 
 .bss.xQueueRegistry
                0x20004d48       0xa0 /tmp/ccHhrU0S.o
                0x20004d48                xQueueRegistry
 .bss.xStaticTimerQueue.0
                0x20004de8       0x50 /tmp/ccktjzyV.o
 .bss.ucStaticTimerQueueStorage.1
                0x20004e38       0x50 /tmp/ccktjzyV.o
 .bss.xLastTime.2
                0x20004e88        0x4 /tmp/ccktjzyV.o
 .bss.xTimerTaskHandle
                0x20004e8c        0x4 /tmp/ccktjzyV.o
 .bss.xTimerQueue
                0x20004e90        0x4 /tmp/ccktjzyV.o
 .bss.pxOverflowTimerList
                0x20004e94        0x4 /tmp/ccktjzyV.o
 .bss.pxCurrentTimerList
                0x20004e98        0x4 /tmp/ccktjzyV.o
 .bss.xActiveTimerList2
                0x20004e9c       0x14 /tmp/ccktjzyV.o
 .bss.xActiveTimerList1
                0x20004eb0       0x14 /tmp/ccktjzyV.o
 .bss.ulMaxPRIGROUPValue
                0x20004ec4        0x4 /tmp/cceDFBFe.o
 .bss.ucMaxSysCallPriority
                0x20004ec8        0x1 /tmp/cceDFBFe.o
 *fill*         0x20004ec9        0x3 
 .bss.xNumberOfSuccessfulFrees
                0x20004ecc        0x4 /tmp/ccQ96G8w.o
 .bss.xNumberOfSuccessfulAllocations
                0x20004ed0        0x4 /tmp/ccQ96G8w.o
 .bss.xMinimumEverFreeBytesRemaining
                0x20004ed4        0x4 /tmp/ccQ96G8w.o
 .bss.xFreeBytesRemaining
                0x20004ed8        0x4 /tmp/ccQ96G8w.o
 .bss.pxEnd     0x20004edc        0x4 /tmp/ccQ96G8w.o
 .bss.xStart    0x20004ee0        0x8 /tmp/ccQ96G8w.o
 .bss.ucHeap    0x20004ee8     0x2800 /tmp/ccQ96G8w.o
 *(COMMON)
                0x200076e8                        . = ALIGN (0x4)
                0x200076e8                        _ebss = .
                0x200076e8                        PROVIDE (end = .)
                [!provide]                        PROVIDE (_end = .)

._user_heap_stack
                0x200076e8     0x3000 load address 0x00004ae8
                0x200076e8                        . = ALIGN (0x8)
                [!provide]                        PROVIDE (__heap_start = .)
                0x200096e8                        . = (. + _Min_Heap_Size)
 *fill*         0x200076e8     0x2000 
                [!provide]                        PROVIDE (__heap_end = .)
                0x2000a6e8                        . = (. + _Min_Stack_Size)
 *fill*         0x200096e8     0x1000 
                0x2000a6e8                        . = ALIGN (0x8)
OUTPUT(build/scheduler.elf elf32-littlearm)
LOAD linker stubs

.debug_info     0x00000000    0x1b42a
 .debug_info    0x00000000      0xd41 /tmp/ccnggrJS.o
 .debug_info    0x00000d41      0x18b /tmp/cccoYFku.o
 .debug_info    0x00000ecc      0x590 /tmp/ccOxJgae.o
 .debug_info    0x0000145c      0xf77 /tmp/ccUALYYE.o
 .debug_info    0x000023d3      0x6d2 /tmp/ccKgV91A.o
 .debug_info    0x00002aa5      0x223 /tmp/ccMJWmlP.o
 .debug_info    0x00002cc8     0x414c /tmp/ccKQddUX.o
 .debug_info    0x00006e14     0x2ce8 /tmp/ccHhrU0S.o
 .debug_info    0x00009afc      0x2ad /tmp/ccGiYHMx.o
 .debug_info    0x00009da9     0x1e51 /tmp/ccktjzyV.o
 .debug_info    0x0000bbfa      0x521 /tmp/cceDFBFe.o
 .debug_info    0x0000c11b      0x66e /tmp/ccQ96G8w.o
 .debug_info    0x0000c789      0x135 /usr/lib/gcc/arm-none-eabi/13.2.1/../../../arm-none-eabi/lib/thumb/v7-m/nofp/libg_nano.a(libc_a-memset.o)
 .debug_info    0x0000c8be       0x33 /usr/lib/gcc/arm-none-eabi/13.2.1/../../../arm-none-eabi/lib/thumb/v7-m/nofp/libg_nano.a(libc_a-memcpy.o)
 .debug_info    0x0000c8f1      0x837 /usr/lib/gcc/arm-none-eabi/13.2.1/../../../arm-none-eabi/lib/thumb/v7-m/nofp/libg_nano.a(libc_a-printf.o)
 .debug_info    0x0000d128     0x108a /usr/lib/gcc/arm-none-eabi/13.2.1/../../../arm-none-eabi/lib/thumb/v7-m/nofp/libg_nano.a(libc_a-nano-vfprintf.o)
 .debug_info    0x0000e1b2      0x863 /usr/lib/gcc/arm-none-eabi/13.2.1/../../../arm-none-eabi/lib/thumb/v7-m/nofp/libg_nano.a(libc_a-wbuf.o)
 .debug_info    0x0000ea15      0x70b /usr/lib/gcc/arm-none-eabi/13.2.1/../../../arm-none-eabi/lib/thumb/v7-m/nofp/libg_nano.a(libc_a-impure.o)
 .debug_info    0x0000f120      0xb1e /usr/lib/gcc/arm-none-eabi/13.2.1/../../../arm-none-eabi/lib/thumb/v7-m/nofp/libg_nano.a(libc_a-fvwrite.o)
 .debug_info    0x0000fc3e      0xe8c /usr/lib/gcc/arm-none-eabi/13.2.1/../../../arm-none-eabi/lib/thumb/v7-m/nofp/libg_nano.a(libc_a-findfp.o)
 .debug_info    0x00010aca      0xa30 /usr/lib/gcc/arm-none-eabi/13.2.1/../../../arm-none-eabi/lib/thumb/v7-m/nofp/libg_nano.a(libc_a-fflush.o)
 .debug_info    0x000114fa      0x9b6 /usr/lib/gcc/arm-none-eabi/13.2.1/../../../arm-none-eabi/lib/thumb/v7-m/nofp/libg_nano.a(libc_a-mallocr.o)
 .debug_info    0x00011eb0      0x87f /usr/lib/gcc/arm-none-eabi/13.2.1/../../../arm-none-eabi/lib/thumb/v7-m/nofp/libg_nano.a(libc_a-freer.o)
 .debug_info    0x0001272f      0x148 /usr/lib/gcc/arm-none-eabi/13.2.1/../../../arm-none-eabi/lib/thumb/v7-m/nofp/libg_nano.a(libc_a-memmove.o)
 .debug_info    0x00012877      0x7c8 /usr/lib/gcc/arm-none-eabi/13.2.1/../../../arm-none-eabi/lib/thumb/v7-m/nofp/libg_nano.a(libc_a-fwalk.o)
 .debug_info    0x0001303f      0x7b1 /usr/lib/gcc/arm-none-eabi/13.2.1/../../../arm-none-eabi/lib/thumb/v7-m/nofp/libg_nano.a(libc_a-wsetup.o)
 .debug_info    0x000137f0      0x8cd /usr/lib/gcc/arm-none-eabi/13.2.1/../../../arm-none-eabi/lib/thumb/v7-m/nofp/libg_nano.a(libc_a-reallocr.o)
 .debug_info    0x000140bd      0xdd7 /usr/lib/gcc/arm-none-eabi/13.2.1/../../../arm-none-eabi/lib/thumb/v7-m/nofp/libg_nano.a(libc_a-nano-vfprintf_i.o)
 .debug_info    0x00014e94      0x71c /usr/lib/gcc/arm-none-eabi/13.2.1/../../../arm-none-eabi/lib/thumb/v7-m/nofp/libg_nano.a(libc_a-mlock.o)
 .debug_info    0x000155b0      0xbe6 /usr/lib/gcc/arm-none-eabi/13.2.1/../../../arm-none-eabi/lib/thumb/v7-m/nofp/libg_nano.a(libc_a-makebuf.o)
 .debug_info    0x00016196      0x14a /usr/lib/gcc/arm-none-eabi/13.2.1/../../../arm-none-eabi/lib/thumb/v7-m/nofp/libg_nano.a(libc_a-memchr-stub.o)
 .debug_info    0x000162e0      0x752 /usr/lib/gcc/arm-none-eabi/13.2.1/../../../arm-none-eabi/lib/thumb/v7-m/nofp/libg_nano.a(libc_a-isattyr.o)
 .debug_info    0x00016a32      0x778 /usr/lib/gcc/arm-none-eabi/13.2.1/../../../arm-none-eabi/lib/thumb/v7-m/nofp/libg_nano.a(libc_a-sbrkr.o)
 .debug_info    0x000171aa      0xa80 /usr/lib/gcc/arm-none-eabi/13.2.1/../../../arm-none-eabi/lib/thumb/v7-m/nofp/libg_nano.a(libc_a-stdio.o)
 .debug_info    0x00017c2a      0x78a /usr/lib/gcc/arm-none-eabi/13.2.1/../../../arm-none-eabi/lib/thumb/v7-m/nofp/libg_nano.a(libc_a-msizer.o)
 .debug_info    0x000183b4      0x752 /usr/lib/gcc/arm-none-eabi/13.2.1/../../../arm-none-eabi/lib/thumb/v7-m/nofp/libg_nano.a(libc_a-closer.o)
 .debug_info    0x00018b06      0x7b5 /usr/lib/gcc/arm-none-eabi/13.2.1/../../../arm-none-eabi/lib/thumb/v7-m/nofp/libg_nano.a(libc_a-readr.o)
 .debug_info    0x000192bb      0x89f /usr/lib/gcc/arm-none-eabi/13.2.1/../../../arm-none-eabi/lib/thumb/v7-m/nofp/libg_nano.a(libc_a-reent.o)
 .debug_info    0x00019b5a      0x977 /usr/lib/gcc/arm-none-eabi/13.2.1/../../../arm-none-eabi/lib/thumb/v7-m/nofp/libg_nano.a(libc_a-fstatr.o)
 .debug_info    0x0001a4d1      0x79e /usr/lib/gcc/arm-none-eabi/13.2.1/../../../arm-none-eabi/lib/thumb/v7-m/nofp/libg_nano.a(libc_a-lseekr.o)
 .debug_info    0x0001ac6f      0x7bb /usr/lib/gcc/arm-none-eabi/13.2.1/../../../arm-none-eabi/lib/thumb/v7-m/nofp/libg_nano.a(libc_a-writer.o)

.debug_abbrev   0x00000000     0x5b33
 .debug_abbrev  0x00000000      0x3bf /tmp/ccnggrJS.o
 .debug_abbrev  0x000003bf      0x118 /tmp/cccoYFku.o
 .debug_abbrev  0x000004d7      0x1f2 /tmp/ccOxJgae.o
 .debug_abbrev  0x000006c9      0x46d /tmp/ccUALYYE.o
 .debug_abbrev  0x00000b36      0x271 /tmp/ccKgV91A.o
 .debug_abbrev  0x00000da7      0x137 /tmp/ccMJWmlP.o
 .debug_abbrev  0x00000ede      0x593 /tmp/ccKQddUX.o
 .debug_abbrev  0x00001471      0x4bd /tmp/ccHhrU0S.o
 .debug_abbrev  0x0000192e      0x116 /tmp/ccGiYHMx.o
 .debug_abbrev  0x00001a44      0x46e /tmp/ccktjzyV.o
 .debug_abbrev  0x00001eb2      0x297 /tmp/cceDFBFe.o
 .debug_abbrev  0x00002149      0x2d0 /tmp/ccQ96G8w.o
 .debug_abbrev  0x00002419       0xb7 /usr/lib/gcc/arm-none-eabi/13.2.1/../../../arm-none-eabi/lib/thumb/v7-m/nofp/libg_nano.a(libc_a-memset.o)
 .debug_abbrev  0x000024d0       0x28 /usr/lib/gcc/arm-none-eabi/13.2.1/../../../arm-none-eabi/lib/thumb/v7-m/nofp/libg_nano.a(libc_a-memcpy.o)
 .debug_abbrev  0x000024f8      0x21a /usr/lib/gcc/arm-none-eabi/13.2.1/../../../arm-none-eabi/lib/thumb/v7-m/nofp/libg_nano.a(libc_a-printf.o)
 .debug_abbrev  0x00002712      0x36e /usr/lib/gcc/arm-none-eabi/13.2.1/../../../arm-none-eabi/lib/thumb/v7-m/nofp/libg_nano.a(libc_a-nano-vfprintf.o)
 .debug_abbrev  0x00002a80      0x236 /usr/lib/gcc/arm-none-eabi/13.2.1/../../../arm-none-eabi/lib/thumb/v7-m/nofp/libg_nano.a(libc_a-wbuf.o)
 .debug_abbrev  0x00002cb6      0x149 /usr/lib/gcc/arm-none-eabi/13.2.1/../../../arm-none-eabi/lib/thumb/v7-m/nofp/libg_nano.a(libc_a-impure.o)
 .debug_abbrev  0x00002dff      0x224 /usr/lib/gcc/arm-none-eabi/13.2.1/../../../arm-none-eabi/lib/thumb/v7-m/nofp/libg_nano.a(libc_a-fvwrite.o)
 .debug_abbrev  0x00003023      0x408 /usr/lib/gcc/arm-none-eabi/13.2.1/../../../arm-none-eabi/lib/thumb/v7-m/nofp/libg_nano.a(libc_a-findfp.o)
 .debug_abbrev  0x0000342b      0x2e1 /usr/lib/gcc/arm-none-eabi/13.2.1/../../../arm-none-eabi/lib/thumb/v7-m/nofp/libg_nano.a(libc_a-fflush.o)
 .debug_abbrev  0x0000370c      0x24a /usr/lib/gcc/arm-none-eabi/13.2.1/../../../arm-none-eabi/lib/thumb/v7-m/nofp/libg_nano.a(libc_a-mallocr.o)
 .debug_abbrev  0x00003956      0x249 /usr/lib/gcc/arm-none-eabi/13.2.1/../../../arm-none-eabi/lib/thumb/v7-m/nofp/libg_nano.a(libc_a-freer.o)
 .debug_abbrev  0x00003b9f       0xc3 /usr/lib/gcc/arm-none-eabi/13.2.1/../../../arm-none-eabi/lib/thumb/v7-m/nofp/libg_nano.a(libc_a-memmove.o)
 .debug_abbrev  0x00003c62      0x19b /usr/lib/gcc/arm-none-eabi/13.2.1/../../../arm-none-eabi/lib/thumb/v7-m/nofp/libg_nano.a(libc_a-fwalk.o)
 .debug_abbrev  0x00003dfd      0x1e2 /usr/lib/gcc/arm-none-eabi/13.2.1/../../../arm-none-eabi/lib/thumb/v7-m/nofp/libg_nano.a(libc_a-wsetup.o)
 .debug_abbrev  0x00003fdf      0x20c /usr/lib/gcc/arm-none-eabi/13.2.1/../../../arm-none-eabi/lib/thumb/v7-m/nofp/libg_nano.a(libc_a-reallocr.o)
 .debug_abbrev  0x000041eb      0x284 /usr/lib/gcc/arm-none-eabi/13.2.1/../../../arm-none-eabi/lib/thumb/v7-m/nofp/libg_nano.a(libc_a-nano-vfprintf_i.o)
 .debug_abbrev  0x0000446f      0x192 /usr/lib/gcc/arm-none-eabi/13.2.1/../../../arm-none-eabi/lib/thumb/v7-m/nofp/libg_nano.a(libc_a-mlock.o)
 .debug_abbrev  0x00004601      0x29d /usr/lib/gcc/arm-none-eabi/13.2.1/../../../arm-none-eabi/lib/thumb/v7-m/nofp/libg_nano.a(libc_a-makebuf.o)
 .debug_abbrev  0x0000489e       0xc7 /usr/lib/gcc/arm-none-eabi/13.2.1/../../../arm-none-eabi/lib/thumb/v7-m/nofp/libg_nano.a(libc_a-memchr-stub.o)
 .debug_abbrev  0x00004965      0x1b0 /usr/lib/gcc/arm-none-eabi/13.2.1/../../../arm-none-eabi/lib/thumb/v7-m/nofp/libg_nano.a(libc_a-isattyr.o)
 .debug_abbrev  0x00004b15      0x1da /usr/lib/gcc/arm-none-eabi/13.2.1/../../../arm-none-eabi/lib/thumb/v7-m/nofp/libg_nano.a(libc_a-sbrkr.o)
 .debug_abbrev  0x00004cef      0x224 /usr/lib/gcc/arm-none-eabi/13.2.1/../../../arm-none-eabi/lib/thumb/v7-m/nofp/libg_nano.a(libc_a-stdio.o)
 .debug_abbrev  0x00004f13      0x196 /usr/lib/gcc/arm-none-eabi/13.2.1/../../../arm-none-eabi/lib/thumb/v7-m/nofp/libg_nano.a(libc_a-msizer.o)
 .debug_abbrev  0x000050a9      0x1b0 /usr/lib/gcc/arm-none-eabi/13.2.1/../../../arm-none-eabi/lib/thumb/v7-m/nofp/libg_nano.a(libc_a-closer.o)
 .debug_abbrev  0x00005259      0x1b0 /usr/lib/gcc/arm-none-eabi/13.2.1/../../../arm-none-eabi/lib/thumb/v7-m/nofp/libg_nano.a(libc_a-readr.o)
 .debug_abbrev  0x00005409      0x1ee /usr/lib/gcc/arm-none-eabi/13.2.1/../../../arm-none-eabi/lib/thumb/v7-m/nofp/libg_nano.a(libc_a-reent.o)
 .debug_abbrev  0x000055f7      0x1c3 /usr/lib/gcc/arm-none-eabi/13.2.1/../../../arm-none-eabi/lib/thumb/v7-m/nofp/libg_nano.a(libc_a-fstatr.o)
 .debug_abbrev  0x000057ba      0x1c4 /usr/lib/gcc/arm-none-eabi/13.2.1/../../../arm-none-eabi/lib/thumb/v7-m/nofp/libg_nano.a(libc_a-lseekr.o)
 .debug_abbrev  0x0000597e      0x1b5 /usr/lib/gcc/arm-none-eabi/13.2.1/../../../arm-none-eabi/lib/thumb/v7-m/nofp/libg_nano.a(libc_a-writer.o)

.debug_loclists
                0x00000000     0x8ffa
 .debug_loclists
                0x00000000      0x1e4 /tmp/ccnggrJS.o
 .debug_loclists
                0x000001e4       0x46 /tmp/cccoYFku.o
 .debug_loclists
                0x0000022a      0x1c1 /tmp/ccOxJgae.o
 .debug_loclists
                0x000003eb      0x5e8 /tmp/ccUALYYE.o
 .debug_loclists
                0x000009d3      0x2f3 /tmp/ccKgV91A.o
 .debug_loclists
                0x00000cc6       0xa5 /tmp/ccMJWmlP.o
 .debug_loclists
                0x00000d6b     0x2898 /tmp/ccKQddUX.o
 .debug_loclists
                0x00003603     0x1d92 /tmp/ccHhrU0S.o
 .debug_loclists
                0x00005395       0x6a /tmp/ccGiYHMx.o
 .debug_loclists
                0x000053ff     0x10c6 /tmp/ccktjzyV.o
 .debug_loclists
                0x000064c5       0xaf /tmp/cceDFBFe.o
 .debug_loclists
                0x00006574      0x3cf /tmp/ccQ96G8w.o
 .debug_loclists
                0x00006943      0x1d7 /usr/lib/gcc/arm-none-eabi/13.2.1/../../../arm-none-eabi/lib/thumb/v7-m/nofp/libg_nano.a(libc_a-memset.o)
 .debug_loclists
                0x00006b1a       0x3c /usr/lib/gcc/arm-none-eabi/13.2.1/../../../arm-none-eabi/lib/thumb/v7-m/nofp/libg_nano.a(libc_a-printf.o)
 .debug_loclists
                0x00006b56      0x58a /usr/lib/gcc/arm-none-eabi/13.2.1/../../../arm-none-eabi/lib/thumb/v7-m/nofp/libg_nano.a(libc_a-nano-vfprintf.o)
 .debug_loclists
                0x000070e0      0x104 /usr/lib/gcc/arm-none-eabi/13.2.1/../../../arm-none-eabi/lib/thumb/v7-m/nofp/libg_nano.a(libc_a-wbuf.o)
 .debug_loclists
                0x000071e4      0x3f8 /usr/lib/gcc/arm-none-eabi/13.2.1/../../../arm-none-eabi/lib/thumb/v7-m/nofp/libg_nano.a(libc_a-fvwrite.o)
 .debug_loclists
                0x000075dc      0x1d0 /usr/lib/gcc/arm-none-eabi/13.2.1/../../../arm-none-eabi/lib/thumb/v7-m/nofp/libg_nano.a(libc_a-findfp.o)
 .debug_loclists
                0x000077ac      0x2f2 /usr/lib/gcc/arm-none-eabi/13.2.1/../../../arm-none-eabi/lib/thumb/v7-m/nofp/libg_nano.a(libc_a-fflush.o)
 .debug_loclists
                0x00007a9e      0x273 /usr/lib/gcc/arm-none-eabi/13.2.1/../../../arm-none-eabi/lib/thumb/v7-m/nofp/libg_nano.a(libc_a-mallocr.o)
 .debug_loclists
                0x00007d11      0x164 /usr/lib/gcc/arm-none-eabi/13.2.1/../../../arm-none-eabi/lib/thumb/v7-m/nofp/libg_nano.a(libc_a-freer.o)
 .debug_loclists
                0x00007e75      0x21b /usr/lib/gcc/arm-none-eabi/13.2.1/../../../arm-none-eabi/lib/thumb/v7-m/nofp/libg_nano.a(libc_a-memmove.o)
 .debug_loclists
                0x00008090       0x79 /usr/lib/gcc/arm-none-eabi/13.2.1/../../../arm-none-eabi/lib/thumb/v7-m/nofp/libg_nano.a(libc_a-fwalk.o)
 .debug_loclists
                0x00008109       0x61 /usr/lib/gcc/arm-none-eabi/13.2.1/../../../arm-none-eabi/lib/thumb/v7-m/nofp/libg_nano.a(libc_a-wsetup.o)
 .debug_loclists
                0x0000816a      0x102 /usr/lib/gcc/arm-none-eabi/13.2.1/../../../arm-none-eabi/lib/thumb/v7-m/nofp/libg_nano.a(libc_a-reallocr.o)
 .debug_loclists
                0x0000826c      0x444 /usr/lib/gcc/arm-none-eabi/13.2.1/../../../arm-none-eabi/lib/thumb/v7-m/nofp/libg_nano.a(libc_a-nano-vfprintf_i.o)
 .debug_loclists
                0x000086b0      0x1b4 /usr/lib/gcc/arm-none-eabi/13.2.1/../../../arm-none-eabi/lib/thumb/v7-m/nofp/libg_nano.a(libc_a-makebuf.o)
 .debug_loclists
                0x00008864      0x172 /usr/lib/gcc/arm-none-eabi/13.2.1/../../../arm-none-eabi/lib/thumb/v7-m/nofp/libg_nano.a(libc_a-memchr-stub.o)
 .debug_loclists
                0x000089d6       0x4b /usr/lib/gcc/arm-none-eabi/13.2.1/../../../arm-none-eabi/lib/thumb/v7-m/nofp/libg_nano.a(libc_a-isattyr.o)
 .debug_loclists
                0x00008a21       0x4b /usr/lib/gcc/arm-none-eabi/13.2.1/../../../arm-none-eabi/lib/thumb/v7-m/nofp/libg_nano.a(libc_a-sbrkr.o)
 .debug_loclists
                0x00008a6c      0x23b /usr/lib/gcc/arm-none-eabi/13.2.1/../../../arm-none-eabi/lib/thumb/v7-m/nofp/libg_nano.a(libc_a-stdio.o)
 .debug_loclists
                0x00008ca7       0x59 /usr/lib/gcc/arm-none-eabi/13.2.1/../../../arm-none-eabi/lib/thumb/v7-m/nofp/libg_nano.a(libc_a-msizer.o)
 .debug_loclists
                0x00008d00       0x4b /usr/lib/gcc/arm-none-eabi/13.2.1/../../../arm-none-eabi/lib/thumb/v7-m/nofp/libg_nano.a(libc_a-closer.o)
 .debug_loclists
                0x00008d4b       0x97 /usr/lib/gcc/arm-none-eabi/13.2.1/../../../arm-none-eabi/lib/thumb/v7-m/nofp/libg_nano.a(libc_a-readr.o)
 .debug_loclists
                0x00008de2       0x80 /usr/lib/gcc/arm-none-eabi/13.2.1/../../../arm-none-eabi/lib/thumb/v7-m/nofp/libg_nano.a(libc_a-reent.o)
 .debug_loclists
                0x00008e62       0x6a /usr/lib/gcc/arm-none-eabi/13.2.1/../../../arm-none-eabi/lib/thumb/v7-m/nofp/libg_nano.a(libc_a-fstatr.o)
 .debug_loclists
                0x00008ecc       0x97 /usr/lib/gcc/arm-none-eabi/13.2.1/../../../arm-none-eabi/lib/thumb/v7-m/nofp/libg_nano.a(libc_a-lseekr.o)
 .debug_loclists
                0x00008f63       0x97 /usr/lib/gcc/arm-none-eabi/13.2.1/../../../arm-none-eabi/lib/thumb/v7-m/nofp/libg_nano.a(libc_a-writer.o)

.debug_aranges  0x00000000      0xb68
 .debug_aranges
                0x00000000       0x98 /tmp/ccnggrJS.o
 .debug_aranges
                0x00000098       0x30 /tmp/cccoYFku.o
 .debug_aranges
                0x000000c8       0x70 /tmp/ccOxJgae.o
 .debug_aranges
                0x00000138       0x98 /tmp/ccUALYYE.o
 .debug_aranges
                0x000001d0       0x60 /tmp/ccKgV91A.o
 .debug_aranges
                0x00000230       0x38 /tmp/ccMJWmlP.o
 .debug_aranges
                0x00000268      0x238 /tmp/ccKQddUX.o
 .debug_aranges
                0x000004a0      0x140 /tmp/ccHhrU0S.o
 .debug_aranges
                0x000005e0       0x40 /tmp/ccGiYHMx.o
 .debug_aranges
                0x00000620       0xd8 /tmp/ccktjzyV.o
 .debug_aranges
                0x000006f8       0x78 /tmp/cceDFBFe.o
 .debug_aranges
                0x00000770       0x60 /tmp/ccQ96G8w.o
 .debug_aranges
                0x000007d0       0x20 /usr/lib/gcc/arm-none-eabi/13.2.1/../../../arm-none-eabi/lib/thumb/v7-m/nofp/libg_nano.a(libc_a-memset.o)
 .debug_aranges
                0x000007f0       0x20 /usr/lib/gcc/arm-none-eabi/13.2.1/../../../arm-none-eabi/lib/thumb/v7-m/nofp/libg_nano.a(libc_a-memcpy.o)
 .debug_aranges
                0x00000810       0x20 /usr/lib/gcc/arm-none-eabi/13.2.1/../../../arm-none-eabi/lib/thumb/v7-m/nofp/libg_nano.a(libc_a-printf.o)
 .debug_aranges
                0x00000830       0x20 /usr/lib/gcc/arm-none-eabi/13.2.1/../../../arm-none-eabi/lib/thumb/v7-m/nofp/libg_nano.a(libc_a-nano-vfprintf.o)
 .debug_aranges
                0x00000850       0x20 /usr/lib/gcc/arm-none-eabi/13.2.1/../../../arm-none-eabi/lib/thumb/v7-m/nofp/libg_nano.a(libc_a-wbuf.o)
 .debug_aranges
                0x00000870       0x18 /usr/lib/gcc/arm-none-eabi/13.2.1/../../../arm-none-eabi/lib/thumb/v7-m/nofp/libg_nano.a(libc_a-impure.o)
 .debug_aranges
                0x00000888       0x20 /usr/lib/gcc/arm-none-eabi/13.2.1/../../../arm-none-eabi/lib/thumb/v7-m/nofp/libg_nano.a(libc_a-fvwrite.o)
 .debug_aranges
                0x000008a8       0x20 /usr/lib/gcc/arm-none-eabi/13.2.1/../../../arm-none-eabi/lib/thumb/v7-m/nofp/libg_nano.a(libc_a-findfp.o)
 .debug_aranges
                0x000008c8       0x20 /usr/lib/gcc/arm-none-eabi/13.2.1/../../../arm-none-eabi/lib/thumb/v7-m/nofp/libg_nano.a(libc_a-fflush.o)
 .debug_aranges
                0x000008e8       0x20 /usr/lib/gcc/arm-none-eabi/13.2.1/../../../arm-none-eabi/lib/thumb/v7-m/nofp/libg_nano.a(libc_a-mallocr.o)
 .debug_aranges
                0x00000908       0x20 /usr/lib/gcc/arm-none-eabi/13.2.1/../../../arm-none-eabi/lib/thumb/v7-m/nofp/libg_nano.a(libc_a-freer.o)
 .debug_aranges
                0x00000928       0x20 /usr/lib/gcc/arm-none-eabi/13.2.1/../../../arm-none-eabi/lib/thumb/v7-m/nofp/libg_nano.a(libc_a-memmove.o)
 .debug_aranges
                0x00000948       0x20 /usr/lib/gcc/arm-none-eabi/13.2.1/../../../arm-none-eabi/lib/thumb/v7-m/nofp/libg_nano.a(libc_a-fwalk.o)
 .debug_aranges
                0x00000968       0x20 /usr/lib/gcc/arm-none-eabi/13.2.1/../../../arm-none-eabi/lib/thumb/v7-m/nofp/libg_nano.a(libc_a-wsetup.o)
 .debug_aranges
                0x00000988       0x20 /usr/lib/gcc/arm-none-eabi/13.2.1/../../../arm-none-eabi/lib/thumb/v7-m/nofp/libg_nano.a(libc_a-reallocr.o)
 .debug_aranges
                0x000009a8       0x20 /usr/lib/gcc/arm-none-eabi/13.2.1/../../../arm-none-eabi/lib/thumb/v7-m/nofp/libg_nano.a(libc_a-nano-vfprintf_i.o)
 .debug_aranges
                0x000009c8       0x20 /usr/lib/gcc/arm-none-eabi/13.2.1/../../../arm-none-eabi/lib/thumb/v7-m/nofp/libg_nano.a(libc_a-mlock.o)
 .debug_aranges
                0x000009e8       0x20 /usr/lib/gcc/arm-none-eabi/13.2.1/../../../arm-none-eabi/lib/thumb/v7-m/nofp/libg_nano.a(libc_a-makebuf.o)
 .debug_aranges
                0x00000a08       0x20 /usr/lib/gcc/arm-none-eabi/13.2.1/../../../arm-none-eabi/lib/thumb/v7-m/nofp/libg_nano.a(libc_a-memchr-stub.o)
 .debug_aranges
                0x00000a28       0x20 /usr/lib/gcc/arm-none-eabi/13.2.1/../../../arm-none-eabi/lib/thumb/v7-m/nofp/libg_nano.a(libc_a-isattyr.o)
 .debug_aranges
                0x00000a48       0x20 /usr/lib/gcc/arm-none-eabi/13.2.1/../../../arm-none-eabi/lib/thumb/v7-m/nofp/libg_nano.a(libc_a-sbrkr.o)
 .debug_aranges
                0x00000a68       0x20 /usr/lib/gcc/arm-none-eabi/13.2.1/../../../arm-none-eabi/lib/thumb/v7-m/nofp/libg_nano.a(libc_a-stdio.o)
 .debug_aranges
                0x00000a88       0x20 /usr/lib/gcc/arm-none-eabi/13.2.1/../../../arm-none-eabi/lib/thumb/v7-m/nofp/libg_nano.a(libc_a-msizer.o)
 .debug_aranges
                0x00000aa8       0x20 /usr/lib/gcc/arm-none-eabi/13.2.1/../../../arm-none-eabi/lib/thumb/v7-m/nofp/libg_nano.a(libc_a-closer.o)
 .debug_aranges
                0x00000ac8       0x20 /usr/lib/gcc/arm-none-eabi/13.2.1/../../../arm-none-eabi/lib/thumb/v7-m/nofp/libg_nano.a(libc_a-readr.o)
 .debug_aranges
                0x00000ae8       0x20 /usr/lib/gcc/arm-none-eabi/13.2.1/../../../arm-none-eabi/lib/thumb/v7-m/nofp/libg_nano.a(libc_a-reent.o)
 .debug_aranges
                0x00000b08       0x20 /usr/lib/gcc/arm-none-eabi/13.2.1/../../../arm-none-eabi/lib/thumb/v7-m/nofp/libg_nano.a(libc_a-fstatr.o)
 .debug_aranges
                0x00000b28       0x20 /usr/lib/gcc/arm-none-eabi/13.2.1/../../../arm-none-eabi/lib/thumb/v7-m/nofp/libg_nano.a(libc_a-lseekr.o)
 .debug_aranges
                0x00000b48       0x20 /usr/lib/gcc/arm-none-eabi/13.2.1/../../../arm-none-eabi/lib/thumb/v7-m/nofp/libg_nano.a(libc_a-writer.o)

.debug_rnglists
                0x00000000     0x110c
 .debug_rnglists
                0x00000000       0x6f /tmp/ccnggrJS.o
 .debug_rnglists
                0x0000006f       0x1f /tmp/cccoYFku.o
 .debug_rnglists
                0x0000008e       0x79 /tmp/ccOxJgae.o
 .debug_rnglists
                0x00000107      0x13c /tmp/ccUALYYE.o
 .debug_rnglists
                0x00000243       0x7c /tmp/ccKgV91A.o
 .debug_rnglists
                0x000002bf       0x25 /tmp/ccMJWmlP.o
 .debug_rnglists
                0x000002e4      0x5f3 /tmp/ccKQddUX.o
 .debug_rnglists
                0x000008d7      0x34c /tmp/ccHhrU0S.o
 .debug_rnglists
                0x00000c23       0x2b /tmp/ccGiYHMx.o
 .debug_rnglists
                0x00000c4e      0x1d9 /tmp/ccktjzyV.o
 .debug_rnglists
                0x00000e27       0x82 /tmp/cceDFBFe.o
 .debug_rnglists
                0x00000ea9       0x59 /tmp/ccQ96G8w.o
 .debug_rnglists
                0x00000f02       0x1a /usr/lib/gcc/arm-none-eabi/13.2.1/../../../arm-none-eabi/lib/thumb/v7-m/nofp/libg_nano.a(libc_a-nano-vfprintf.o)
 .debug_rnglists
                0x00000f1c       0x1b /usr/lib/gcc/arm-none-eabi/13.2.1/../../../arm-none-eabi/lib/thumb/v7-m/nofp/libg_nano.a(libc_a-wbuf.o)
 .debug_rnglists
                0x00000f37       0x30 /usr/lib/gcc/arm-none-eabi/13.2.1/../../../arm-none-eabi/lib/thumb/v7-m/nofp/libg_nano.a(libc_a-fvwrite.o)
 .debug_rnglists
                0x00000f67       0x7a /usr/lib/gcc/arm-none-eabi/13.2.1/../../../arm-none-eabi/lib/thumb/v7-m/nofp/libg_nano.a(libc_a-findfp.o)
 .debug_rnglists
                0x00000fe1       0x58 /usr/lib/gcc/arm-none-eabi/13.2.1/../../../arm-none-eabi/lib/thumb/v7-m/nofp/libg_nano.a(libc_a-fflush.o)
 .debug_rnglists
                0x00001039       0x1f /usr/lib/gcc/arm-none-eabi/13.2.1/../../../arm-none-eabi/lib/thumb/v7-m/nofp/libg_nano.a(libc_a-mallocr.o)
 .debug_rnglists
                0x00001058       0x13 /usr/lib/gcc/arm-none-eabi/13.2.1/../../../arm-none-eabi/lib/thumb/v7-m/nofp/libg_nano.a(libc_a-freer.o)
 .debug_rnglists
                0x0000106b       0x1e /usr/lib/gcc/arm-none-eabi/13.2.1/../../../arm-none-eabi/lib/thumb/v7-m/nofp/libg_nano.a(libc_a-wsetup.o)
 .debug_rnglists
                0x00001089       0x66 /usr/lib/gcc/arm-none-eabi/13.2.1/../../../arm-none-eabi/lib/thumb/v7-m/nofp/libg_nano.a(libc_a-nano-vfprintf_i.o)
 .debug_rnglists
                0x000010ef       0x1d /usr/lib/gcc/arm-none-eabi/13.2.1/../../../arm-none-eabi/lib/thumb/v7-m/nofp/libg_nano.a(libc_a-makebuf.o)

.debug_macro    0x00000000     0x4eca
 .debug_macro   0x00000000      0x1a7 /tmp/ccnggrJS.o
 .debug_macro   0x000001a7      0xac0 /tmp/ccnggrJS.o
 .debug_macro   0x00000c67       0x22 /tmp/ccnggrJS.o
 .debug_macro   0x00000c89       0x54 /tmp/ccnggrJS.o
 .debug_macro   0x00000cdd       0x24 /tmp/ccnggrJS.o
 .debug_macro   0x00000d01       0x94 /tmp/ccnggrJS.o
 .debug_macro   0x00000d95       0x43 /tmp/ccnggrJS.o
 .debug_macro   0x00000dd8       0x34 /tmp/ccnggrJS.o
 .debug_macro   0x00000e0c       0x16 /tmp/ccnggrJS.o
 .debug_macro   0x00000e22       0x57 /tmp/ccnggrJS.o
 .debug_macro   0x00000e79       0x9e /tmp/ccnggrJS.o
 .debug_macro   0x00000f17      0x370 /tmp/ccnggrJS.o
 .debug_macro   0x00001287      0x112 /tmp/ccnggrJS.o
 .debug_macro   0x00001399       0x10 /tmp/ccnggrJS.o
 .debug_macro   0x000013a9       0x16 /tmp/ccnggrJS.o
 .debug_macro   0x000013bf       0x4a /tmp/ccnggrJS.o
 .debug_macro   0x00001409       0x34 /tmp/ccnggrJS.o
 .debug_macro   0x0000143d       0x10 /tmp/ccnggrJS.o
 .debug_macro   0x0000144d       0x52 /tmp/ccnggrJS.o
 .debug_macro   0x0000149f       0x8e /tmp/ccnggrJS.o
 .debug_macro   0x0000152d       0x1c /tmp/ccnggrJS.o
 .debug_macro   0x00001549      0x177 /tmp/ccnggrJS.o
 .debug_macro   0x000016c0       0x16 /tmp/ccnggrJS.o
 .debug_macro   0x000016d6       0x16 /tmp/ccnggrJS.o
 .debug_macro   0x000016ec      0x146 /tmp/ccnggrJS.o
 .debug_macro   0x00001832      0x34e /tmp/ccnggrJS.o
 .debug_macro   0x00001b80       0x16 /tmp/ccnggrJS.o
 .debug_macro   0x00001b96      0x18b /tmp/ccnggrJS.o
 .debug_macro   0x00001d21       0x22 /tmp/ccnggrJS.o
 .debug_macro   0x00001d43      0x182 /tmp/ccnggrJS.o
 .debug_macro   0x00001ec5       0xd2 /tmp/ccnggrJS.o
 .debug_macro   0x00001f97       0x3a /tmp/ccnggrJS.o
 .debug_macro   0x00001fd1       0x1f /tmp/ccnggrJS.o
 .debug_macro   0x00001ff0       0x12 /tmp/ccnggrJS.o
 .debug_macro   0x00002002     0x10aa /tmp/ccnggrJS.o
 .debug_macro   0x000030ac       0xc3 /tmp/ccnggrJS.o
 .debug_macro   0x0000316f      0x161 /tmp/ccnggrJS.o
 .debug_macro   0x000032d0       0x16 /tmp/ccnggrJS.o
 .debug_macro   0x000032e6       0x22 /tmp/ccnggrJS.o
 .debug_macro   0x00003308       0x1a /tmp/cccoYFku.o
 .debug_macro   0x00003322      0x1bd /tmp/ccOxJgae.o
 .debug_macro   0x000034df      0x190 /tmp/ccOxJgae.o
 .debug_macro   0x0000366f       0x10 /tmp/ccOxJgae.o
 .debug_macro   0x0000367f       0x3c /tmp/ccOxJgae.o
 .debug_macro   0x000036bb       0x10 /tmp/ccOxJgae.o
 .debug_macro   0x000036cb       0x10 /tmp/ccOxJgae.o
 .debug_macro   0x000036db       0x10 /tmp/ccOxJgae.o
 .debug_macro   0x000036eb       0x6a /tmp/ccOxJgae.o
 .debug_macro   0x00003755       0x1c /tmp/ccOxJgae.o
 .debug_macro   0x00003771       0x52 /tmp/ccOxJgae.o
 .debug_macro   0x000037c3       0x22 /tmp/ccOxJgae.o
 .debug_macro   0x000037e5       0x10 /tmp/ccOxJgae.o
 .debug_macro   0x000037f5       0x52 /tmp/ccOxJgae.o
 .debug_macro   0x00003847       0xcf /tmp/ccOxJgae.o
 .debug_macro   0x00003916       0x1c /tmp/ccOxJgae.o
 .debug_macro   0x00003932       0x3d /tmp/ccOxJgae.o
 .debug_macro   0x0000396f       0x35 /tmp/ccOxJgae.o
 .debug_macro   0x000039a4      0x12c /tmp/ccOxJgae.o
 .debug_macro   0x00003ad0      0x204 /tmp/ccUALYYE.o
 .debug_macro   0x00003cd4       0x10 /tmp/ccUALYYE.o
 .debug_macro   0x00003ce4       0x1c /tmp/ccUALYYE.o
 .debug_macro   0x00003d00       0x1c /tmp/ccUALYYE.o
 .debug_macro   0x00003d1c       0x8e /tmp/ccUALYYE.o
 .debug_macro   0x00003daa       0xa8 /tmp/ccUALYYE.o
 .debug_macro   0x00003e52      0x127 /tmp/ccKgV91A.o
 .debug_macro   0x00003f79       0x1c /tmp/ccKgV91A.o
 .debug_macro   0x00003f95       0xc2 /tmp/ccMJWmlP.o
 .debug_macro   0x00004057      0x2ca /tmp/ccKQddUX.o
 .debug_macro   0x00004321       0x16 /tmp/ccKQddUX.o
 .debug_macro   0x00004337      0x11c /tmp/ccKQddUX.o
 .debug_macro   0x00004453       0x9b /tmp/ccKQddUX.o
 .debug_macro   0x000044ee       0x16 /tmp/ccKQddUX.o
 .debug_macro   0x00004504       0x29 /tmp/ccKQddUX.o
 .debug_macro   0x0000452d       0x16 /tmp/ccKQddUX.o
 .debug_macro   0x00004543       0x9e /tmp/ccKQddUX.o
 .debug_macro   0x000045e1       0x16 /tmp/ccKQddUX.o
 .debug_macro   0x000045f7      0x212 /tmp/ccHhrU0S.o
 .debug_macro   0x00004809      0x180 /tmp/ccGiYHMx.o
 .debug_macro   0x00004989      0x1cf /tmp/ccktjzyV.o
 .debug_macro   0x00004b58      0x162 /tmp/cceDFBFe.o
 .debug_macro   0x00004cba      0x210 /tmp/ccQ96G8w.o

.debug_line     0x00000000     0xf038
 .debug_line    0x00000000      0x626 /tmp/ccnggrJS.o
 .debug_line    0x00000626       0xff /tmp/cccoYFku.o
 .debug_line    0x00000725      0x443 /tmp/ccOxJgae.o
 .debug_line    0x00000b68      0xe69 /tmp/ccUALYYE.o
 .debug_line    0x000019d1      0x53e /tmp/ccKgV91A.o
 .debug_line    0x00001f0f      0x294 /tmp/ccMJWmlP.o
 .debug_line    0x000021a3     0x3d44 /tmp/ccKQddUX.o
 .debug_line    0x00005ee7     0x2162 /tmp/ccHhrU0S.o
 .debug_line    0x00008049      0x464 /tmp/ccGiYHMx.o
 .debug_line    0x000084ad      0xfe6 /tmp/ccktjzyV.o
 .debug_line    0x00009493      0x54a /tmp/cceDFBFe.o
 .debug_line    0x000099dd      0x8e4 /tmp/ccQ96G8w.o
 .debug_line    0x0000a2c1      0x1b1 /usr/lib/gcc/arm-none-eabi/13.2.1/../../../arm-none-eabi/lib/thumb/v7-m/nofp/libg_nano.a(libc_a-memset.o)
 .debug_line    0x0000a472       0xbd /usr/lib/gcc/arm-none-eabi/13.2.1/../../../arm-none-eabi/lib/thumb/v7-m/nofp/libg_nano.a(libc_a-memcpy.o)
 .debug_line    0x0000a52f      0x1c0 /usr/lib/gcc/arm-none-eabi/13.2.1/../../../arm-none-eabi/lib/thumb/v7-m/nofp/libg_nano.a(libc_a-printf.o)
 .debug_line    0x0000a6ef      0x6b7 /usr/lib/gcc/arm-none-eabi/13.2.1/../../../arm-none-eabi/lib/thumb/v7-m/nofp/libg_nano.a(libc_a-nano-vfprintf.o)
 .debug_line    0x0000ada6      0x253 /usr/lib/gcc/arm-none-eabi/13.2.1/../../../arm-none-eabi/lib/thumb/v7-m/nofp/libg_nano.a(libc_a-wbuf.o)
 .debug_line    0x0000aff9       0xe7 /usr/lib/gcc/arm-none-eabi/13.2.1/../../../arm-none-eabi/lib/thumb/v7-m/nofp/libg_nano.a(libc_a-impure.o)
 .debug_line    0x0000b0e0      0x5f5 /usr/lib/gcc/arm-none-eabi/13.2.1/../../../arm-none-eabi/lib/thumb/v7-m/nofp/libg_nano.a(libc_a-fvwrite.o)
 .debug_line    0x0000b6d5      0x51f /usr/lib/gcc/arm-none-eabi/13.2.1/../../../arm-none-eabi/lib/thumb/v7-m/nofp/libg_nano.a(libc_a-findfp.o)
 .debug_line    0x0000bbf4      0x456 /usr/lib/gcc/arm-none-eabi/13.2.1/../../../arm-none-eabi/lib/thumb/v7-m/nofp/libg_nano.a(libc_a-fflush.o)
 .debug_line    0x0000c04a      0x45c /usr/lib/gcc/arm-none-eabi/13.2.1/../../../arm-none-eabi/lib/thumb/v7-m/nofp/libg_nano.a(libc_a-mallocr.o)
 .debug_line    0x0000c4a6      0x2c8 /usr/lib/gcc/arm-none-eabi/13.2.1/../../../arm-none-eabi/lib/thumb/v7-m/nofp/libg_nano.a(libc_a-freer.o)
 .debug_line    0x0000c76e      0x20d /usr/lib/gcc/arm-none-eabi/13.2.1/../../../arm-none-eabi/lib/thumb/v7-m/nofp/libg_nano.a(libc_a-memmove.o)
 .debug_line    0x0000c97b      0x1c9 /usr/lib/gcc/arm-none-eabi/13.2.1/../../../arm-none-eabi/lib/thumb/v7-m/nofp/libg_nano.a(libc_a-fwalk.o)
 .debug_line    0x0000cb44      0x2bd /usr/lib/gcc/arm-none-eabi/13.2.1/../../../arm-none-eabi/lib/thumb/v7-m/nofp/libg_nano.a(libc_a-wsetup.o)
 .debug_line    0x0000ce01      0x1fa /usr/lib/gcc/arm-none-eabi/13.2.1/../../../arm-none-eabi/lib/thumb/v7-m/nofp/libg_nano.a(libc_a-reallocr.o)
 .debug_line    0x0000cffb      0x770 /usr/lib/gcc/arm-none-eabi/13.2.1/../../../arm-none-eabi/lib/thumb/v7-m/nofp/libg_nano.a(libc_a-nano-vfprintf_i.o)
 .debug_line    0x0000d76b      0x153 /usr/lib/gcc/arm-none-eabi/13.2.1/../../../arm-none-eabi/lib/thumb/v7-m/nofp/libg_nano.a(libc_a-mlock.o)
 .debug_line    0x0000d8be      0x3b0 /usr/lib/gcc/arm-none-eabi/13.2.1/../../../arm-none-eabi/lib/thumb/v7-m/nofp/libg_nano.a(libc_a-makebuf.o)
 .debug_line    0x0000dc6e      0x200 /usr/lib/gcc/arm-none-eabi/13.2.1/../../../arm-none-eabi/lib/thumb/v7-m/nofp/libg_nano.a(libc_a-memchr-stub.o)
 .debug_line    0x0000de6e      0x197 /usr/lib/gcc/arm-none-eabi/13.2.1/../../../arm-none-eabi/lib/thumb/v7-m/nofp/libg_nano.a(libc_a-isattyr.o)
 .debug_line    0x0000e005      0x196 /usr/lib/gcc/arm-none-eabi/13.2.1/../../../arm-none-eabi/lib/thumb/v7-m/nofp/libg_nano.a(libc_a-sbrkr.o)
 .debug_line    0x0000e19b      0x22b /usr/lib/gcc/arm-none-eabi/13.2.1/../../../arm-none-eabi/lib/thumb/v7-m/nofp/libg_nano.a(libc_a-stdio.o)
 .debug_line    0x0000e3c6      0x176 /usr/lib/gcc/arm-none-eabi/13.2.1/../../../arm-none-eabi/lib/thumb/v7-m/nofp/libg_nano.a(libc_a-msizer.o)
 .debug_line    0x0000e53c      0x196 /usr/lib/gcc/arm-none-eabi/13.2.1/../../../arm-none-eabi/lib/thumb/v7-m/nofp/libg_nano.a(libc_a-closer.o)
 .debug_line    0x0000e6d2      0x19c /usr/lib/gcc/arm-none-eabi/13.2.1/../../../arm-none-eabi/lib/thumb/v7-m/nofp/libg_nano.a(libc_a-readr.o)
 .debug_line    0x0000e86e      0x27b /usr/lib/gcc/arm-none-eabi/13.2.1/../../../arm-none-eabi/lib/thumb/v7-m/nofp/libg_nano.a(libc_a-reent.o)
 .debug_line    0x0000eae9      0x215 /usr/lib/gcc/arm-none-eabi/13.2.1/../../../arm-none-eabi/lib/thumb/v7-m/nofp/libg_nano.a(libc_a-fstatr.o)
 .debug_line    0x0000ecfe      0x19d /usr/lib/gcc/arm-none-eabi/13.2.1/../../../arm-none-eabi/lib/thumb/v7-m/nofp/libg_nano.a(libc_a-lseekr.o)
 .debug_line    0x0000ee9b      0x19d /usr/lib/gcc/arm-none-eabi/13.2.1/../../../arm-none-eabi/lib/thumb/v7-m/nofp/libg_nano.a(libc_a-writer.o)

.debug_str      0x00000000    0x1aa27
 .debug_str     0x00000000    0x1aa27 /tmp/ccnggrJS.o
                              0x1287d (size before relaxing)
 .debug_str     0x0001aa27     0x3951 /tmp/cccoYFku.o
 .debug_str     0x0001aa27     0x8192 /tmp/ccOxJgae.o
 .debug_str     0x0001aa27    0x13c98 /tmp/ccUALYYE.o
 .debug_str     0x0001aa27     0x782e /tmp/ccKgV91A.o
 .debug_str     0x0001aa27     0xfca4 /tmp/ccMJWmlP.o
 .debug_str     0x0001aa27    0x1596e /tmp/ccKQddUX.o
 .debug_str     0x0001aa27    0x13543 /tmp/ccHhrU0S.o
 .debug_str     0x0001aa27    0x108ad /tmp/ccGiYHMx.o
 .debug_str     0x0001aa27    0x139b4 /tmp/ccktjzyV.o
 .debug_str     0x0001aa27     0xf154 /tmp/cceDFBFe.o
 .debug_str     0x0001aa27    0x12464 /tmp/ccQ96G8w.o
 .debug_str     0x0001aa27      0x1a5 /usr/lib/gcc/arm-none-eabi/13.2.1/../../../arm-none-eabi/lib/thumb/v7-m/nofp/libg_nano.a(libc_a-memset.o)
 .debug_str     0x0001aa27       0xa8 /usr/lib/gcc/arm-none-eabi/13.2.1/../../../arm-none-eabi/lib/thumb/v7-m/nofp/libg_nano.a(libc_a-memcpy.o)
 .debug_str     0x0001aa27      0x4ef /usr/lib/gcc/arm-none-eabi/13.2.1/../../../arm-none-eabi/lib/thumb/v7-m/nofp/libg_nano.a(libc_a-printf.o)
 .debug_str     0x0001aa27      0x821 /usr/lib/gcc/arm-none-eabi/13.2.1/../../../arm-none-eabi/lib/thumb/v7-m/nofp/libg_nano.a(libc_a-nano-vfprintf.o)
 .debug_str     0x0001aa27      0x4ea /usr/lib/gcc/arm-none-eabi/13.2.1/../../../arm-none-eabi/lib/thumb/v7-m/nofp/libg_nano.a(libc_a-wbuf.o)
 .debug_str     0x0001aa27      0x4b4 /usr/lib/gcc/arm-none-eabi/13.2.1/../../../arm-none-eabi/lib/thumb/v7-m/nofp/libg_nano.a(libc_a-impure.o)
 .debug_str     0x0001aa27      0x558 /usr/lib/gcc/arm-none-eabi/13.2.1/../../../arm-none-eabi/lib/thumb/v7-m/nofp/libg_nano.a(libc_a-fvwrite.o)
 .debug_str     0x0001aa27      0x6b7 /usr/lib/gcc/arm-none-eabi/13.2.1/../../../arm-none-eabi/lib/thumb/v7-m/nofp/libg_nano.a(libc_a-findfp.o)
 .debug_str     0x0001aa27      0x53b /usr/lib/gcc/arm-none-eabi/13.2.1/../../../arm-none-eabi/lib/thumb/v7-m/nofp/libg_nano.a(libc_a-fflush.o)
 .debug_str     0x0001aa27      0x595 /usr/lib/gcc/arm-none-eabi/13.2.1/../../../arm-none-eabi/lib/thumb/v7-m/nofp/libg_nano.a(libc_a-mallocr.o)
 .debug_str     0x0001aa27      0x534 /usr/lib/gcc/arm-none-eabi/13.2.1/../../../arm-none-eabi/lib/thumb/v7-m/nofp/libg_nano.a(libc_a-freer.o)
 .debug_str     0x0001aa27      0x1c4 /usr/lib/gcc/arm-none-eabi/13.2.1/../../../arm-none-eabi/lib/thumb/v7-m/nofp/libg_nano.a(libc_a-memmove.o)
 .debug_str     0x0001aa27      0x4c4 /usr/lib/gcc/arm-none-eabi/13.2.1/../../../arm-none-eabi/lib/thumb/v7-m/nofp/libg_nano.a(libc_a-fwalk.o)
 .debug_str     0x0001aa27      0x4e5 /usr/lib/gcc/arm-none-eabi/13.2.1/../../../arm-none-eabi/lib/thumb/v7-m/nofp/libg_nano.a(libc_a-wsetup.o)
 .debug_str     0x0001aa27      0x52a /usr/lib/gcc/arm-none-eabi/13.2.1/../../../arm-none-eabi/lib/thumb/v7-m/nofp/libg_nano.a(libc_a-reallocr.o)
 .debug_str     0x0001aa27      0x793 /usr/lib/gcc/arm-none-eabi/13.2.1/../../../arm-none-eabi/lib/thumb/v7-m/nofp/libg_nano.a(libc_a-nano-vfprintf_i.o)
 .debug_str     0x0001aa27      0x4d2 /usr/lib/gcc/arm-none-eabi/13.2.1/../../../arm-none-eabi/lib/thumb/v7-m/nofp/libg_nano.a(libc_a-mlock.o)
 .debug_str     0x0001aa27      0x647 /usr/lib/gcc/arm-none-eabi/13.2.1/../../../arm-none-eabi/lib/thumb/v7-m/nofp/libg_nano.a(libc_a-makebuf.o)
 .debug_str     0x0001aa27      0x1b5 /usr/lib/gcc/arm-none-eabi/13.2.1/../../../arm-none-eabi/lib/thumb/v7-m/nofp/libg_nano.a(libc_a-memchr-stub.o)
 .debug_str     0x0001aa27      0x4b4 /usr/lib/gcc/arm-none-eabi/13.2.1/../../../arm-none-eabi/lib/thumb/v7-m/nofp/libg_nano.a(libc_a-isattyr.o)
 .debug_str     0x0001aa27      0x4bd /usr/lib/gcc/arm-none-eabi/13.2.1/../../../arm-none-eabi/lib/thumb/v7-m/nofp/libg_nano.a(libc_a-sbrkr.o)
 .debug_str     0x0001aa27      0x521 /usr/lib/gcc/arm-none-eabi/13.2.1/../../../arm-none-eabi/lib/thumb/v7-m/nofp/libg_nano.a(libc_a-stdio.o)
 .debug_str     0x0001aa27      0x4fd /usr/lib/gcc/arm-none-eabi/13.2.1/../../../arm-none-eabi/lib/thumb/v7-m/nofp/libg_nano.a(libc_a-msizer.o)
 .debug_str     0x0001aa27      0x4aa /usr/lib/gcc/arm-none-eabi/13.2.1/../../../arm-none-eabi/lib/thumb/v7-m/nofp/libg_nano.a(libc_a-closer.o)
 .debug_str     0x0001aa27      0x4b8 /usr/lib/gcc/arm-none-eabi/13.2.1/../../../arm-none-eabi/lib/thumb/v7-m/nofp/libg_nano.a(libc_a-readr.o)
 .debug_str     0x0001aa27      0x4d3 /usr/lib/gcc/arm-none-eabi/13.2.1/../../../arm-none-eabi/lib/thumb/v7-m/nofp/libg_nano.a(libc_a-reent.o)
 .debug_str     0x0001aa27      0x5fc /usr/lib/gcc/arm-none-eabi/13.2.1/../../../arm-none-eabi/lib/thumb/v7-m/nofp/libg_nano.a(libc_a-fstatr.o)
 .debug_str     0x0001aa27      0x4b8 /usr/lib/gcc/arm-none-eabi/13.2.1/../../../arm-none-eabi/lib/thumb/v7-m/nofp/libg_nano.a(libc_a-lseekr.o)
 .debug_str     0x0001aa27      0x4ba /usr/lib/gcc/arm-none-eabi/13.2.1/../../../arm-none-eabi/lib/thumb/v7-m/nofp/libg_nano.a(libc_a-writer.o)

.comment        0x00000000       0x26
 .comment       0x00000000       0x26 /tmp/ccnggrJS.o
                                 0x27 (size before relaxing)
 .comment       0x00000026       0x27 /tmp/cccoYFku.o
 .comment       0x00000026       0x27 /tmp/ccOxJgae.o
 .comment       0x00000026       0x27 /tmp/ccUALYYE.o
 .comment       0x00000026       0x27 /tmp/ccKgV91A.o
 .comment       0x00000026       0x27 /tmp/ccMJWmlP.o
 .comment       0x00000026       0x27 /tmp/ccKQddUX.o
 .comment       0x00000026       0x27 /tmp/ccHhrU0S.o
 .comment       0x00000026       0x27 /tmp/ccGiYHMx.o
 .comment       0x00000026       0x27 /tmp/ccktjzyV.o
 .comment       0x00000026       0x27 /tmp/cceDFBFe.o
 .comment       0x00000026       0x27 /tmp/ccQ96G8w.o
 .comment       0x00000026       0x27 /usr/lib/gcc/arm-none-eabi/13.2.1/../../../arm-none-eabi/lib/thumb/v7-m/nofp/libg_nano.a(libc_a-memset.o)
 .comment       0x00000026       0x27 /usr/lib/gcc/arm-none-eabi/13.2.1/../../../arm-none-eabi/lib/thumb/v7-m/nofp/libg_nano.a(libc_a-printf.o)
 .comment       0x00000026       0x27 /usr/lib/gcc/arm-none-eabi/13.2.1/../../../arm-none-eabi/lib/thumb/v7-m/nofp/libg_nano.a(libc_a-nano-vfprintf.o)
 .comment       0x00000026       0x27 /usr/lib/gcc/arm-none-eabi/13.2.1/../../../arm-none-eabi/lib/thumb/v7-m/nofp/libg_nano.a(libc_a-wbuf.o)
 .comment       0x00000026       0x27 /usr/lib/gcc/arm-none-eabi/13.2.1/../../../arm-none-eabi/lib/thumb/v7-m/nofp/libg_nano.a(libc_a-impure.o)
 .comment       0x00000026       0x27 /usr/lib/gcc/arm-none-eabi/13.2.1/../../../arm-none-eabi/lib/thumb/v7-m/nofp/libg_nano.a(libc_a-fvwrite.o)
 .comment       0x00000026       0x27 /usr/lib/gcc/arm-none-eabi/13.2.1/../../../arm-none-eabi/lib/thumb/v7-m/nofp/libg_nano.a(libc_a-findfp.o)
 .comment       0x00000026       0x27 /usr/lib/gcc/arm-none-eabi/13.2.1/../../../arm-none-eabi/lib/thumb/v7-m/nofp/libg_nano.a(libc_a-fflush.o)
 .comment       0x00000026       0x27 /usr/lib/gcc/arm-none-eabi/13.2.1/../../../arm-none-eabi/lib/thumb/v7-m/nofp/libg_nano.a(libc_a-mallocr.o)
 .comment       0x00000026       0x27 /usr/lib/gcc/arm-none-eabi/13.2.1/../../../arm-none-eabi/lib/thumb/v7-m/nofp/libg_nano.a(libc_a-freer.o)
 .comment       0x00000026       0x27 /usr/lib/gcc/arm-none-eabi/13.2.1/../../../arm-none-eabi/lib/thumb/v7-m/nofp/libg_nano.a(libc_a-memmove.o)
 .comment       0x00000026       0x27 /usr/lib/gcc/arm-none-eabi/13.2.1/../../../arm-none-eabi/lib/thumb/v7-m/nofp/libg_nano.a(libc_a-fwalk.o)
 .comment       0x00000026       0x27 /usr/lib/gcc/arm-none-eabi/13.2.1/../../../arm-none-eabi/lib/thumb/v7-m/nofp/libg_nano.a(libc_a-wsetup.o)
 .comment       0x00000026       0x27 /usr/lib/gcc/arm-none-eabi/13.2.1/../../../arm-none-eabi/lib/thumb/v7-m/nofp/libg_nano.a(libc_a-reallocr.o)
 .comment       0x00000026       0x27 /usr/lib/gcc/arm-none-eabi/13.2.1/../../../arm-none-eabi/lib/thumb/v7-m/nofp/libg_nano.a(libc_a-nano-vfprintf_i.o)
 .comment       0x00000026       0x27 /usr/lib/gcc/arm-none-eabi/13.2.1/../../../arm-none-eabi/lib/thumb/v7-m/nofp/libg_nano.a(libc_a-mlock.o)
 .comment       0x00000026       0x27 /usr/lib/gcc/arm-none-eabi/13.2.1/../../../arm-none-eabi/lib/thumb/v7-m/nofp/libg_nano.a(libc_a-makebuf.o)
 .comment       0x00000026       0x27 /usr/lib/gcc/arm-none-eabi/13.2.1/../../../arm-none-eabi/lib/thumb/v7-m/nofp/libg_nano.a(libc_a-memchr-stub.o)
 .comment       0x00000026       0x27 /usr/lib/gcc/arm-none-eabi/13.2.1/../../../arm-none-eabi/lib/thumb/v7-m/nofp/libg_nano.a(libc_a-isattyr.o)
 .comment       0x00000026       0x27 /usr/lib/gcc/arm-none-eabi/13.2.1/../../../arm-none-eabi/lib/thumb/v7-m/nofp/libg_nano.a(libc_a-sbrkr.o)
 .comment       0x00000026       0x27 /usr/lib/gcc/arm-none-eabi/13.2.1/../../../arm-none-eabi/lib/thumb/v7-m/nofp/libg_nano.a(libc_a-stdio.o)
 .comment       0x00000026       0x27 /usr/lib/gcc/arm-none-eabi/13.2.1/../../../arm-none-eabi/lib/thumb/v7-m/nofp/libg_nano.a(libc_a-msizer.o)
 .comment       0x00000026       0x27 /usr/lib/gcc/arm-none-eabi/13.2.1/../../../arm-none-eabi/lib/thumb/v7-m/nofp/libg_nano.a(libc_a-closer.o)
 .comment       0x00000026       0x27 /usr/lib/gcc/arm-none-eabi/13.2.1/../../../arm-none-eabi/lib/thumb/v7-m/nofp/libg_nano.a(libc_a-readr.o)
 .comment       0x00000026       0x27 /usr/lib/gcc/arm-none-eabi/13.2.1/../../../arm-none-eabi/lib/thumb/v7-m/nofp/libg_nano.a(libc_a-reent.o)
 .comment       0x00000026       0x27 /usr/lib/gcc/arm-none-eabi/13.2.1/../../../arm-none-eabi/lib/thumb/v7-m/nofp/libg_nano.a(libc_a-fstatr.o)
 .comment       0x00000026       0x27 /usr/lib/gcc/arm-none-eabi/13.2.1/../../../arm-none-eabi/lib/thumb/v7-m/nofp/libg_nano.a(libc_a-lseekr.o)
 .comment       0x00000026       0x27 /usr/lib/gcc/arm-none-eabi/13.2.1/../../../arm-none-eabi/lib/thumb/v7-m/nofp/libg_nano.a(libc_a-writer.o)

.ARM.attributes
                0x00000000       0x2b
 .ARM.attributes
                0x00000000       0x2d /tmp/ccnggrJS.o
 .ARM.attributes
                0x0000002d       0x2d /tmp/cccoYFku.o
 .ARM.attributes
                0x0000005a       0x2d /tmp/ccOxJgae.o
 .ARM.attributes
                0x00000087       0x2d /tmp/ccUALYYE.o
 .ARM.attributes
                0x000000b4       0x2d /tmp/ccKgV91A.o
 .ARM.attributes
                0x000000e1       0x2d /tmp/ccMJWmlP.o
 .ARM.attributes
                0x0000010e       0x2d /tmp/ccKQddUX.o
 .ARM.attributes
                0x0000013b       0x2d /tmp/ccHhrU0S.o
 .ARM.attributes
                0x00000168       0x2d /tmp/ccGiYHMx.o
 .ARM.attributes
                0x00000195       0x2d /tmp/ccktjzyV.o
 .ARM.attributes
                0x000001c2       0x2d /tmp/cceDFBFe.o
 .ARM.attributes
                0x000001ef       0x2d /tmp/ccQ96G8w.o
 .ARM.attributes
                0x0000021c       0x2d /usr/lib/gcc/arm-none-eabi/13.2.1/../../../arm-none-eabi/lib/thumb/v7-m/nofp/libg_nano.a(libc_a-memset.o)
 .ARM.attributes
                0x00000249       0x1b /usr/lib/gcc/arm-none-eabi/13.2.1/../../../arm-none-eabi/lib/thumb/v7-m/nofp/libg_nano.a(libc_a-memcpy.o)
 .ARM.attributes
                0x00000264       0x2d /usr/lib/gcc/arm-none-eabi/13.2.1/../../../arm-none-eabi/lib/thumb/v7-m/nofp/libg_nano.a(libc_a-printf.o)
 .ARM.attributes
                0x00000291       0x2d /usr/lib/gcc/arm-none-eabi/13.2.1/../../../arm-none-eabi/lib/thumb/v7-m/nofp/libg_nano.a(libc_a-nano-vfprintf.o)
 .ARM.attributes
                0x000002be       0x2d /usr/lib/gcc/arm-none-eabi/13.2.1/../../../arm-none-eabi/lib/thumb/v7-m/nofp/libg_nano.a(libc_a-wbuf.o)
 .ARM.attributes
                0x000002eb       0x2d /usr/lib/gcc/arm-none-eabi/13.2.1/../../../arm-none-eabi/lib/thumb/v7-m/nofp/libg_nano.a(libc_a-impure.o)
 .ARM.attributes
                0x00000318       0x2d /usr/lib/gcc/arm-none-eabi/13.2.1/../../../arm-none-eabi/lib/thumb/v7-m/nofp/libg_nano.a(libc_a-fvwrite.o)
 .ARM.attributes
                0x00000345       0x2d /usr/lib/gcc/arm-none-eabi/13.2.1/../../../arm-none-eabi/lib/thumb/v7-m/nofp/libg_nano.a(libc_a-findfp.o)
 .ARM.attributes
                0x00000372       0x2d /usr/lib/gcc/arm-none-eabi/13.2.1/../../../arm-none-eabi/lib/thumb/v7-m/nofp/libg_nano.a(libc_a-fflush.o)
 .ARM.attributes
                0x0000039f       0x2d /usr/lib/gcc/arm-none-eabi/13.2.1/../../../arm-none-eabi/lib/thumb/v7-m/nofp/libg_nano.a(libc_a-mallocr.o)
 .ARM.attributes
                0x000003cc       0x2d /usr/lib/gcc/arm-none-eabi/13.2.1/../../../arm-none-eabi/lib/thumb/v7-m/nofp/libg_nano.a(libc_a-freer.o)
 .ARM.attributes
                0x000003f9       0x2d /usr/lib/gcc/arm-none-eabi/13.2.1/../../../arm-none-eabi/lib/thumb/v7-m/nofp/libg_nano.a(libc_a-memmove.o)
 .ARM.attributes
                0x00000426       0x2d /usr/lib/gcc/arm-none-eabi/13.2.1/../../../arm-none-eabi/lib/thumb/v7-m/nofp/libg_nano.a(libc_a-fwalk.o)
 .ARM.attributes
                0x00000453       0x2d /usr/lib/gcc/arm-none-eabi/13.2.1/../../../arm-none-eabi/lib/thumb/v7-m/nofp/libg_nano.a(libc_a-wsetup.o)
 .ARM.attributes
                0x00000480       0x2d /usr/lib/gcc/arm-none-eabi/13.2.1/../../../arm-none-eabi/lib/thumb/v7-m/nofp/libg_nano.a(libc_a-reallocr.o)
 .ARM.attributes
                0x000004ad       0x2d /usr/lib/gcc/arm-none-eabi/13.2.1/../../../arm-none-eabi/lib/thumb/v7-m/nofp/libg_nano.a(libc_a-nano-vfprintf_i.o)
 .ARM.attributes
                0x000004da       0x2d /usr/lib/gcc/arm-none-eabi/13.2.1/../../../arm-none-eabi/lib/thumb/v7-m/nofp/libg_nano.a(libc_a-mlock.o)
 .ARM.attributes
                0x00000507       0x2d /usr/lib/gcc/arm-none-eabi/13.2.1/../../../arm-none-eabi/lib/thumb/v7-m/nofp/libg_nano.a(libc_a-makebuf.o)
 .ARM.attributes
                0x00000534       0x2d /usr/lib/gcc/arm-none-eabi/13.2.1/../../../arm-none-eabi/lib/thumb/v7-m/nofp/libg_nano.a(libc_a-memchr-stub.o)
 .ARM.attributes
                0x00000561       0x2d /usr/lib/gcc/arm-none-eabi/13.2.1/../../../arm-none-eabi/lib/thumb/v7-m/nofp/libg_nano.a(libc_a-isattyr.o)
 .ARM.attributes
                0x0000058e       0x2d /usr/lib/gcc/arm-none-eabi/13.2.1/../../../arm-none-eabi/lib/thumb/v7-m/nofp/libg_nano.a(libc_a-sbrkr.o)
 .ARM.attributes
                0x000005bb       0x2d /usr/lib/gcc/arm-none-eabi/13.2.1/../../../arm-none-eabi/lib/thumb/v7-m/nofp/libg_nano.a(libc_a-stdio.o)
 .ARM.attributes
                0x000005e8       0x2d /usr/lib/gcc/arm-none-eabi/13.2.1/../../../arm-none-eabi/lib/thumb/v7-m/nofp/libg_nano.a(libc_a-msizer.o)
 .ARM.attributes
                0x00000615       0x2d /usr/lib/gcc/arm-none-eabi/13.2.1/../../../arm-none-eabi/lib/thumb/v7-m/nofp/libg_nano.a(libc_a-closer.o)
 .ARM.attributes
                0x00000642       0x2d /usr/lib/gcc/arm-none-eabi/13.2.1/../../../arm-none-eabi/lib/thumb/v7-m/nofp/libg_nano.a(libc_a-readr.o)
 .ARM.attributes
                0x0000066f       0x2d /usr/lib/gcc/arm-none-eabi/13.2.1/../../../arm-none-eabi/lib/thumb/v7-m/nofp/libg_nano.a(libc_a-reent.o)
 .ARM.attributes
                0x0000069c       0x2d /usr/lib/gcc/arm-none-eabi/13.2.1/../../../arm-none-eabi/lib/thumb/v7-m/nofp/libg_nano.a(libc_a-fstatr.o)
 .ARM.attributes
                0x000006c9       0x2d /usr/lib/gcc/arm-none-eabi/13.2.1/../../../arm-none-eabi/lib/thumb/v7-m/nofp/libg_nano.a(libc_a-lseekr.o)
 .ARM.attributes
                0x000006f6       0x2d /usr/lib/gcc/arm-none-eabi/13.2.1/../../../arm-none-eabi/lib/thumb/v7-m/nofp/libg_nano.a(libc_a-writer.o)

.debug_frame    0x00000000     0x20e4
 .debug_frame   0x00000000      0x164 /tmp/ccnggrJS.o
 .debug_frame   0x00000164       0x48 /tmp/cccoYFku.o
 .debug_frame   0x000001ac       0xd4 /tmp/ccOxJgae.o
 .debug_frame   0x00000280      0x204 /tmp/ccUALYYE.o
 .debug_frame   0x00000484       0xf8 /tmp/ccKgV91A.o
 .debug_frame   0x0000057c       0x74 /tmp/ccMJWmlP.o
 .debug_frame   0x000005f0      0x868 /tmp/ccKQddUX.o
 .debug_frame   0x00000e58      0x478 /tmp/ccHhrU0S.o
 .debug_frame   0x000012d0       0x88 /tmp/ccGiYHMx.o
 .debug_frame   0x00001358      0x324 /tmp/ccktjzyV.o
 .debug_frame   0x0000167c      0x11c /tmp/cceDFBFe.o
 .debug_frame   0x00001798      0x114 /tmp/ccQ96G8w.o
 .debug_frame   0x000018ac       0x2c /usr/lib/gcc/arm-none-eabi/13.2.1/../../../arm-none-eabi/lib/thumb/v7-m/nofp/libg_nano.a(libc_a-memset.o)
 .debug_frame   0x000018d8       0x74 /usr/lib/gcc/arm-none-eabi/13.2.1/../../../arm-none-eabi/lib/thumb/v7-m/nofp/libg_nano.a(libc_a-printf.o)
 .debug_frame   0x0000194c       0xac /usr/lib/gcc/arm-none-eabi/13.2.1/../../../arm-none-eabi/lib/thumb/v7-m/nofp/libg_nano.a(libc_a-nano-vfprintf.o)
 .debug_frame   0x000019f8       0x40 /usr/lib/gcc/arm-none-eabi/13.2.1/../../../arm-none-eabi/lib/thumb/v7-m/nofp/libg_nano.a(libc_a-wbuf.o)
 .debug_frame   0x00001a38       0x64 /usr/lib/gcc/arm-none-eabi/13.2.1/../../../arm-none-eabi/lib/thumb/v7-m/nofp/libg_nano.a(libc_a-fvwrite.o)
 .debug_frame   0x00001a9c       0xf4 /usr/lib/gcc/arm-none-eabi/13.2.1/../../../arm-none-eabi/lib/thumb/v7-m/nofp/libg_nano.a(libc_a-findfp.o)
 .debug_frame   0x00001b90       0x8c /usr/lib/gcc/arm-none-eabi/13.2.1/../../../arm-none-eabi/lib/thumb/v7-m/nofp/libg_nano.a(libc_a-fflush.o)
 .debug_frame   0x00001c1c       0x50 /usr/lib/gcc/arm-none-eabi/13.2.1/../../../arm-none-eabi/lib/thumb/v7-m/nofp/libg_nano.a(libc_a-mallocr.o)
 .debug_frame   0x00001c6c       0x58 /usr/lib/gcc/arm-none-eabi/13.2.1/../../../arm-none-eabi/lib/thumb/v7-m/nofp/libg_nano.a(libc_a-freer.o)
 .debug_frame   0x00001cc4       0x40 /usr/lib/gcc/arm-none-eabi/13.2.1/../../../arm-none-eabi/lib/thumb/v7-m/nofp/libg_nano.a(libc_a-memmove.o)
 .debug_frame   0x00001d04       0x34 /usr/lib/gcc/arm-none-eabi/13.2.1/../../../arm-none-eabi/lib/thumb/v7-m/nofp/libg_nano.a(libc_a-fwalk.o)
 .debug_frame   0x00001d38       0x2c /usr/lib/gcc/arm-none-eabi/13.2.1/../../../arm-none-eabi/lib/thumb/v7-m/nofp/libg_nano.a(libc_a-wsetup.o)
 .debug_frame   0x00001d64       0x38 /usr/lib/gcc/arm-none-eabi/13.2.1/../../../arm-none-eabi/lib/thumb/v7-m/nofp/libg_nano.a(libc_a-reallocr.o)
 .debug_frame   0x00001d9c       0x6c /usr/lib/gcc/arm-none-eabi/13.2.1/../../../arm-none-eabi/lib/thumb/v7-m/nofp/libg_nano.a(libc_a-nano-vfprintf_i.o)
 .debug_frame   0x00001e08       0x30 /usr/lib/gcc/arm-none-eabi/13.2.1/../../../arm-none-eabi/lib/thumb/v7-m/nofp/libg_nano.a(libc_a-mlock.o)
 .debug_frame   0x00001e38       0x60 /usr/lib/gcc/arm-none-eabi/13.2.1/../../../arm-none-eabi/lib/thumb/v7-m/nofp/libg_nano.a(libc_a-makebuf.o)
 .debug_frame   0x00001e98       0x2c /usr/lib/gcc/arm-none-eabi/13.2.1/../../../arm-none-eabi/lib/thumb/v7-m/nofp/libg_nano.a(libc_a-memchr-stub.o)
 .debug_frame   0x00001ec4       0x2c /usr/lib/gcc/arm-none-eabi/13.2.1/../../../arm-none-eabi/lib/thumb/v7-m/nofp/libg_nano.a(libc_a-isattyr.o)
 .debug_frame   0x00001ef0       0x2c /usr/lib/gcc/arm-none-eabi/13.2.1/../../../arm-none-eabi/lib/thumb/v7-m/nofp/libg_nano.a(libc_a-sbrkr.o)
 .debug_frame   0x00001f1c       0x8c /usr/lib/gcc/arm-none-eabi/13.2.1/../../../arm-none-eabi/lib/thumb/v7-m/nofp/libg_nano.a(libc_a-stdio.o)
 .debug_frame   0x00001fa8       0x20 /usr/lib/gcc/arm-none-eabi/13.2.1/../../../arm-none-eabi/lib/thumb/v7-m/nofp/libg_nano.a(libc_a-msizer.o)
 .debug_frame   0x00001fc8       0x2c /usr/lib/gcc/arm-none-eabi/13.2.1/../../../arm-none-eabi/lib/thumb/v7-m/nofp/libg_nano.a(libc_a-closer.o)
 .debug_frame   0x00001ff4       0x2c /usr/lib/gcc/arm-none-eabi/13.2.1/../../../arm-none-eabi/lib/thumb/v7-m/nofp/libg_nano.a(libc_a-readr.o)
 .debug_frame   0x00002020       0x40 /usr/lib/gcc/arm-none-eabi/13.2.1/../../../arm-none-eabi/lib/thumb/v7-m/nofp/libg_nano.a(libc_a-reent.o)
 .debug_frame   0x00002060       0x2c /usr/lib/gcc/arm-none-eabi/13.2.1/../../../arm-none-eabi/lib/thumb/v7-m/nofp/libg_nano.a(libc_a-fstatr.o)
 .debug_frame   0x0000208c       0x2c /usr/lib/gcc/arm-none-eabi/13.2.1/../../../arm-none-eabi/lib/thumb/v7-m/nofp/libg_nano.a(libc_a-lseekr.o)
 .debug_frame   0x000020b8       0x2c /usr/lib/gcc/arm-none-eabi/13.2.1/../../../arm-none-eabi/lib/thumb/v7-m/nofp/libg_nano.a(libc_a-writer.o)

.debug_line_str
                0x00000000       0x95
 .debug_line_str
                0x00000000       0x95 /usr/lib/gcc/arm-none-eabi/13.2.1/../../../arm-none-eabi/lib/thumb/v7-m/nofp/libg_nano.a(libc_a-memcpy.o)
