Archive member included to satisfy reference by file (symbol)

/usr/lib/gcc/arm-none-eabi/13.2.1/../../../arm-none-eabi/lib/thumb/v7-m/nofp/libg_nano.a(libc_a-strlen-stub.o)
                              /tmp/ccUgzpAK.o (strlen)
/usr/lib/gcc/arm-none-eabi/13.2.1/../../../arm-none-eabi/lib/thumb/v7-m/nofp/libg_nano.a(libc_a-memset.o)
                              /tmp/ccUgzpAK.o (memset)
/usr/lib/gcc/arm-none-eabi/13.2.1/../../../arm-none-eabi/lib/thumb/v7-m/nofp/libg_nano.a(libc_a-memcpy.o)
                              /tmp/ccuRrMyb.o (memcpy)
/usr/lib/gcc/arm-none-eabi/13.2.1/../../../arm-none-eabi/lib/thumb/v7-m/nofp/libg_nano.a(libc_a-printf.o)
                              /tmp/ccMKcLAO.o (printf)
/usr/lib/gcc/arm-none-eabi/13.2.1/../../../arm-none-eabi/lib/thumb/v7-m/nofp/libg_nano.a(libc_a-nano-vfprintf.o)
                              /usr/lib/gcc/arm-none-eabi/13.2.1/../../../arm-none-eabi/lib/thumb/v7-m/nofp/libg_nano.a(libc_a-printf.o) (_vfprintf_r)
/usr/lib/gcc/arm-none-eabi/13.2.1/../../../arm-none-eabi/lib/thumb/v7-m/nofp/libg_nano.a(libc_a-wbuf.o)
                              /usr/lib/gcc/arm-none-eabi/13.2.1/../../../arm-none-eabi/lib/thumb/v7-m/nofp/libg_nano.a(libc_a-nano-vfprintf.o) (__swbuf_r)
/usr/lib/gcc/arm-none-eabi/13.2.1/../../../arm-none-eabi/lib/thumb/v7-m/nofp/libg_nano.a(libc_a-impure.o)
                              /usr/lib/gcc/arm-none-eabi/13.2.1/../../../arm-none-eabi/lib/thumb/v7-m/nofp/libg_nano.a(libc_a-printf.o) (_impure_ptr)
/usr/lib/gcc/arm-none-eabi/13.2.1/../../../arm-none-eabi/lib/thumb/v7-m/nofp/libg_nano.a(libc_a-fvwrite.o)
                              /usr/lib/gcc/arm-none-eabi/13.2.1/../../../arm-none-eabi/lib/thumb/v7-m/nofp/libg_nano.a(libc_a-nano-vfprintf.o) (__sfvwrite_r)
/usr/lib/gcc/arm-none-eabi/13.2.1/../../../arm-none-eabi/lib/thumb/v7-m/nofp/libg_nano.a(libc_a-findfp.o)
                              /usr/lib/gcc/arm-none-eabi/13.2.1/../../../arm-none-eabi/lib/thumb/v7-m/nofp/libg_nano.a(libc_a-nano-vfprintf.o) (__sinit)
/usr/lib/gcc/arm-none-eabi/13.2.1/../../../arm-none-eabi/lib/thumb/v7-m/nofp/libg_nano.a(libc_a-fflush.o)
                              /usr/lib/gcc/arm-none-eabi/13.2.1/../../../arm-none-eabi/lib/thumb/v7-m/nofp/libg_nano.a(libc_a-wbuf.o) (_fflush_r)
/usr/lib/gcc/arm-none-eabi/13.2.1/../../../arm-none-eabi/lib/thumb/v7-m/nofp/libg_nano.a(libc_a-mallocr.o)
                              /usr/lib/gcc/arm-none-eabi/13.2.1/../../../arm-none-eabi/lib/thumb/v7-m/nofp/libg_nano.a(libc_a-fvwrite.o) (_malloc_r)
/usr/lib/gcc/arm-none-eabi/13.2.1/../../../arm-none-eabi/lib/thumb/v7-m/nofp/libg_nano.a(libc_a-freer.o)
                              /usr/lib/gcc/arm-none-eabi/13.2.1/../../../arm-none-eabi/lib/thumb/v7-m/nofp/libg_nano.a(libc_a-fvwrite.o) (_free_r)
/usr/lib/gcc/arm-none-eabi/13.2.1/../../../arm-none-eabi/lib/thumb/v7-m/nofp/libg_nano.a(libc_a-memmove.o)
                              /usr/lib/gcc/arm-none-eabi/13.2.1/../../../arm-none-eabi/lib/thumb/v7-m/nofp/libg_nano.a(libc_a-fvwrite.o) (memmove)
/usr/lib/gcc/arm-none-eabi/13.2.1/../../../arm-none-eabi/lib/thumb/v7-m/nofp/libg_nano.a(libc_a-fwalk.o)
                              /usr/lib/gcc/arm-none-eabi/13.2.1/../../../arm-none-eabi/lib/thumb/v7-m/nofp/libg_nano.a(libc_a-findfp.o) (_fwalk_sglue)
/usr/lib/gcc/arm-none-eabi/13.2.1/../../../arm-none-eabi/lib/thumb/v7-m/nofp/libg_nano.a(libc_a-wsetup.o)
                              /usr/lib/gcc/arm-none-eabi/13.2.1/../../../arm-none-eabi/lib/thumb/v7-m/nofp/libg_nano.a(libc_a-nano-vfprintf.o) (__swsetup_r)
/usr/lib/gcc/arm-none-eabi/13.2.1/../../../arm-none-eabi/lib/thumb/v7-m/nofp/libg_nano.a(libc_a-reallocr.o)
                              /usr/lib/gcc/arm-none-eabi/13.2.1/../../../arm-none-eabi/lib/thumb/v7-m/nofp/libg_nano.a(libc_a-fvwrite.o) (_realloc_r)
/usr/lib/gcc/arm-none-eabi/13.2.1/../../../arm-none-eabi/lib/thumb/v7-m/nofp/libg_nano.a(libc_a-nano-vfprintf_i.o)
                              /usr/lib/gcc/arm-none-eabi/13.2.1/../../../arm-none-eabi/lib/thumb/v7-m/nofp/libg_nano.a(libc_a-nano-vfprintf.o) (_printf_i)
/usr/lib/gcc/arm-none-eabi/13.2.1/../../../arm-none-eabi/lib/thumb/v7-m/nofp/libg_nano.a(libc_a-mlock.o)
                              /usr/lib/gcc/arm-none-eabi/13.2.1/../../../arm-none-eabi/lib/thumb/v7-m/nofp/libg_nano.a(libc_a-mallocr.o) (__malloc_lock)
/usr/lib/gcc/arm-none-eabi/13.2.1/../../../arm-none-eabi/lib/thumb/v7-m/nofp/libg_nano.a(libc_a-makebuf.o)
                              /usr/lib/gcc/arm-none-eabi/13.2.1/../../../arm-none-eabi/lib/thumb/v7-m/nofp/libg_nano.a(libc_a-wsetup.o) (__smakebuf_r)
/usr/lib/gcc/arm-none-eabi/13.2.1/../../../arm-none-eabi/lib/thumb/v7-m/nofp/libg_nano.a(libc_a-memchr-stub.o)
                              /usr/lib/gcc/arm-none-eabi/13.2.1/../../../arm-none-eabi/lib/thumb/v7-m/nofp/libg_nano.a(libc_a-nano-vfprintf.o) (memchr)
/usr/lib/gcc/arm-none-eabi/13.2.1/../../../arm-none-eabi/lib/thumb/v7-m/nofp/libg_nano.a(libc_a-isattyr.o)
[...]
Memory Configuration

Name             Origin             Length             Attributes
FLASH            0x00000000         0x00040000         xr
RAM              0x20000000         0x00010000         xrw
*default*        0x00000000         0xffffffff

Linker script and memory map

LOAD /tmp/ccMKcLAO.o
LOAD /tmp/cceAeHFQ.o
LOAD /tmp/ccExNqlu.o
LOAD /tmp/ccv39uKu.o
LOAD /tmp/ccNaJ00p.o
LOAD /tmp/cckZ5w1j.o
LOAD /tmp/ccUgzpAK.o
LOAD /tmp/ccuRrMyb.o
LOAD /tmp/cc6cQ8g8.o
LOAD /tmp/ccojA2kM.o
LOAD /tmp/ccjth7aA.o
LOAD /tmp/ccB5EDWR.o
LOAD /tmp/ccEAICvA.o
LOAD /tmp/ccNgJF7f.o
START GROUP
LOAD /usr/lib/gcc/arm-none-eabi/13.2.1/thumb/v7-m/nofp/libgcc.a
LOAD /usr/lib/gcc/arm-none-eabi/13.2.1/../../../arm-none-eabi/lib/thumb/v7-m/nofp/libg_nano.a
LOAD /usr/lib/gcc/arm-none-eabi/13.2.1/../../../arm-none-eabi/lib/thumb/v7-m/nofp/libc_nano.a
END GROUP
START GROUP
LOAD /usr/lib/gcc/arm-none-eabi/13.2.1/thumb/v7-m/nofp/libgcc.a
LOAD /usr/lib/gcc/arm-none-eabi/13.2.1/../../../arm-none-eabi/lib/thumb/v7-m/nofp/libc_nano.a
LOAD /usr/lib/gcc/arm-none-eabi/13.2.1/../../../arm-none-eabi/lib/thumb/v7-m/nofp/libnosys.a
END GROUP
START GROUP
LOAD /usr/lib/gcc/arm-none-eabi/13.2.1/thumb/v7-m/nofp/libgcc.a
LOAD /usr/lib/gcc/arm-none-eabi/13.2.1/../../../arm-none-eabi/lib/thumb/v7-m/nofp/libc_nano.a
LOAD /usr/lib/gcc/arm-none-eabi/13.2.1/../../../arm-none-eabi/lib/thumb/v7-m/nofp/libnosys.a
END GROUP
                0x20010000                        _estack = (ORIGIN (RAM) + LENGTH (RAM))
                0x00002000                        _Min_Heap_Size = 0x2000
                0x00001000                        _Min_Stack_Size = 0x1000

.text           0x00000000     0x3218
                0x00000000                        . = ALIGN (0x4)
 *(.isr_vector)
 .isr_vector    0x00000000       0x40 /tmp/cceAeHFQ.o
                0x00000000                vector_table
 *(.text)
 .text          0x00000040       0xa0 /usr/lib/gcc/arm-none-eabi/13.2.1/../../../arm-none-eabi/lib/thumb/v7-m/nofp/libg_nano.a(libc_a-memset.o)
                0x00000040                memset
 .text          0x000000e0       0xec /usr/lib/gcc/arm-none-eabi/13.2.1/../../../arm-none-eabi/lib/thumb/v7-m/nofp/libg_nano.a(libc_a-memcpy.o)
                0x000000e0                memcpy
 .text          0x000001cc       0x48 /usr/lib/gcc/arm-none-eabi/13.2.1/../../../arm-none-eabi/lib/thumb/v7-m/nofp/libg_nano.a(libc_a-printf.o)
                0x000001cc                _printf_r
                0x000001cc                _iprintf_r
                0x000001ec                printf
                0x000001ec                iprintf
 .text          0x00000214      0x2ec /usr/lib/gcc/arm-none-eabi/13.2.1/../../../arm-none-eabi/lib/thumb/v7-m/nofp/libg_nano.a(libc_a-nano-vfprintf.o)
                0x0000023c                __sfputs_r
                0x0000026c                __sprint_r
                0x0000028c                _vfiprintf_r
                0x0000028c                _vfprintf_r
                0x000004e4                vfiprintf
                0x000004e4                vfprintf
 .text          0x00000500       0x9c /usr/lib/gcc/arm-none-eabi/13.2.1/../../../arm-none-eabi/lib/thumb/v7-m/nofp/libg_nano.a(libc_a-wbuf.o)
                0x00000500                __swbuf_r
                0x00000588                __swbuf
 .text          0x0000059c      0x2ec /usr/lib/gcc/arm-none-eabi/13.2.1/../../../arm-none-eabi/lib/thumb/v7-m/nofp/libg_nano.a(libc_a-fvwrite.o)
                0x0000059c                __sfvwrite_r
 .text          0x00000888      0x224 /usr/lib/gcc/arm-none-eabi/13.2.1/../../../arm-none-eabi/lib/thumb/v7-m/nofp/libg_nano.a(libc_a-findfp.o)
                0x000009b8                __sfp
                0x00000a5c                __sinit
                0x00000a7c                __sfp_lock_acquire
                0x00000a80                __sfp_lock_release
                0x00000a84                __fp_lock_all
                0x00000a98                __fp_unlock_all
 .text          0x00000aac      0x198 /usr/lib/gcc/arm-none-eabi/13.2.1/../../../arm-none-eabi/lib/thumb/v7-m/nofp/libg_nano.a(libc_a-fflush.o)
                0x00000aac                __sflush_r
                0x00000bc0                _fflush_r
                0x00000bf8                fflush
 .text          0x00000c44      0x14c /usr/lib/gcc/arm-none-eabi/13.2.1/../../../arm-none-eabi/lib/thumb/v7-m/nofp/libg_nano.a(libc_a-mallocr.o)
                0x00000c90                _malloc_r
 .text          0x00000d90       0xbc /usr/lib/gcc/arm-none-eabi/13.2.1/../../../arm-none-eabi/lib/thumb/v7-m/nofp/libg_nano.a(libc_a-freer.o)
                0x00000d90                _free_r
 .text          0x00000e4c       0xfc /usr/lib/gcc/arm-none-eabi/13.2.1/../../../arm-none-eabi/lib/thumb/v7-m/nofp/libg_nano.a(libc_a-memmove.o)
                0x00000e4c                memmove
 .text          0x00000f48       0x44 /usr/lib/gcc/arm-none-eabi/13.2.1/../../../arm-none-eabi/lib/thumb/v7-m/nofp/libg_nano.a(libc_a-fwalk.o)
                0x00000f48                _fwalk_sglue
 .text          0x00000f8c       0xc4 /usr/lib/gcc/arm-none-eabi/13.2.1/../../../arm-none-eabi/lib/thumb/v7-m/nofp/libg_nano.a(libc_a-wsetup.o)
                0x00000f8c                __swsetup_r
 .text          0x00001050       0x64 /usr/lib/gcc/arm-none-eabi/13.2.1/../../../arm-none-eabi/lib/thumb/v7-m/nofp/libg_nano.a(libc_a-reallocr.o)
                0x00001050                _realloc_r
 .text          0x000010b4      0x3a8 /usr/lib/gcc/arm-none-eabi/13.2.1/../../../arm-none-eabi/lib/thumb/v7-m/nofp/libg_nano.a(libc_a-nano-vfprintf_i.o)
                0x000010b4                _printf_common
                0x000011d8                _printf_i
 .text          0x0000145c        0x8 /usr/lib/gcc/arm-none-eabi/13.2.1/../../../arm-none-eabi/lib/thumb/v7-m/nofp/libg_nano.a(libc_a-mlock.o)
                0x0000145c                __malloc_lock
                0x00001460                __malloc_unlock
 .text          0x00001464      0x110 /usr/lib/gcc/arm-none-eabi/13.2.1/../../../arm-none-eabi/lib/thumb/v7-m/nofp/libg_nano.a(libc_a-makebuf.o)
                0x00001464                __smakebuf_r
                0x00001528                __swhatbuf_r
 .text          0x00001574       0x98 /usr/lib/gcc/arm-none-eabi/13.2.1/../../../arm-none-eabi/lib/thumb/v7-m/nofp/libg_nano.a(libc_a-memchr-stub.o)
                0x00001574                memchr
 .text          0x0000160c       0x24 /usr/lib/gcc/arm-none-eabi/13.2.1/../../../arm-none-eabi/lib/thumb/v7-m/nofp/libg_nano.a(libc_a-isattyr.o)
                0x0000160c                _isatty_r
 .text          0x00001630       0x24 /usr/lib/gcc/arm-none-eabi/13.2.1/../../../arm-none-eabi/lib/thumb/v7-m/nofp/libg_nano.a(libc_a-sbrkr.o)
                0x00001630                _sbrk_r
 .text          0x00001654       0x94 /usr/lib/gcc/arm-none-eabi/13.2.1/../../../arm-none-eabi/lib/thumb/v7-m/nofp/libg_nano.a(libc_a-stdio.o)
                0x00001654                __sread
                0x00001678                __seofread
                0x0000167c                __swrite
                0x000016bc                __sseek
                0x000016e0                __sclose
 .text          0x000016e8       0x10 /usr/lib/gcc/arm-none-eabi/13.2.1/../../../arm-none-eabi/lib/thumb/v7-m/nofp/libg_nano.a(libc_a-msizer.o)
                0x000016e8                _malloc_usable_size_r
 .text          0x000016f8       0x24 /usr/lib/gcc/arm-none-eabi/13.2.1/../../../arm-none-eabi/lib/thumb/v7-m/nofp/libg_nano.a(libc_a-closer.o)
                0x000016f8                _close_r
 .text          0x0000171c       0x2c /usr/lib/gcc/arm-none-eabi/13.2.1/../../../arm-none-eabi/lib/thumb/v7-m/nofp/libg_nano.a(libc_a-readr.o)
                0x0000171c                _read_r
 .text          0x00001748       0x28 /usr/lib/gcc/arm-none-eabi/13.2.1/../../../arm-none-eabi/lib/thumb/v7-m/nofp/libg_nano.a(libc_a-fstatr.o)
                0x00001748                _fstat_r
 .text          0x00001770       0x2c /usr/lib/gcc/arm-none-eabi/13.2.1/../../../arm-none-eabi/lib/thumb/v7-m/nofp/libg_nano.a(libc_a-lseekr.o)
                0x00001770                _lseek_r
 .text          0x0000179c       0x2c /usr/lib/gcc/arm-none-eabi/13.2.1/../../../arm-none-eabi/lib/thumb/v7-m/nofp/libg_nano.a(libc_a-writer.o)
                0x0000179c                _write_r
 *(.text*)
 .text.prvHello
                0x000017c8       0x18 /tmp/ccMKcLAO.o
 .text.startup.main
                0x000017e0       0x28 /tmp/ccMKcLAO.o
                0x000017e0                main
 .text.vApplicationGetIdleTaskMemory
                0x00001808       0x1c /tmp/ccMKcLAO.o
                0x00001808                vApplicationGetIdleTaskMemory
 .text.vApplicationGetTimerTaskMemory
                0x00001824       0x1c /tmp/ccMKcLAO.o
                0x00001824                vApplicationGetTimerTaskMemory
 .text.vApplicationMallocFailedHook
                0x00001840        0x4 /tmp/ccMKcLAO.o
                0x00001840                vApplicationMallocFailedHook
 .text.vApplicationStackOverflowHook
                0x00001844        0x4 /tmp/ccMKcLAO.o
                0x00001844                vApplicationStackOverflowHook
 .text.vApplicationIdleHook
                0x00001848        0x4 /tmp/ccMKcLAO.o
                0x00001848                vApplicationIdleHook
 .text.vApplicationTickHook
                0x0000184c        0x4 /tmp/ccMKcLAO.o
                0x0000184c                vApplicationTickHook
 .text.vAssertCalled
                0x00001850        0x4 /tmp/ccMKcLAO.o
                0x00001850                vAssertCalled
 .text.Default_Handler
                0x00001854        0x4 /tmp/cceAeHFQ.o
                0x00001854                DebugMon_Handler
                0x00001854                HardFault_Handler
                0x00001854                NMI_Handler
                0x00001854                UsageFault_Handler
                0x00001854                Default_Handler
                0x00001854                MemManage_Handler
                0x00001854                BusFault_Handler
 .text.SystemInit
                0x00001858        0x4 /tmp/cceAeHFQ.o
                0x00001858                SystemInit
 .text.Reset_Handler
                0x0000185c       0x68 /tmp/cceAeHFQ.o
                0x0000185c                Reset_Handler
 .text._write   0x000018c4       0x3c /tmp/ccExNqlu.o
                0x000018c4                _write
 .text._read    0x00001900        0x4 /tmp/ccExNqlu.o
                0x00001900                _read
 .text._close   0x00001904        0x8 /tmp/ccExNqlu.o
                0x00001904                _close
 .text._lseek   0x0000190c        0x4 /tmp/ccExNqlu.o
                0x0000190c                _lseek
 .text._fstat   0x00001910        0xc /tmp/ccExNqlu.o
                0x00001910                _fstat
 .text._isatty  0x0000191c        0x4 /tmp/ccExNqlu.o
                0x0000191c                _isatty
 .text._sbrk    0x00001920       0x1c /tmp/ccExNqlu.o
                0x00001920                _sbrk
 .text.uart0_init
                0x0000193c       0x34 /tmp/ccExNqlu.o
                0x0000193c                uart0_init
 .text.prvAddNewTaskToReadyList
                0x00001970      0x128 /tmp/ccUgzpAK.o
 .text.prvAddCurrentTaskToDelayedList
                0x00001a98       0xc0 /tmp/ccUgzpAK.o
 .text.prvInitialiseNewTask.constprop.0
                0x00001b58       0xa8 /tmp/ccUgzpAK.o
 .text.prvCheckTasksWaitingTermination
                0x00001c00       0x6c /tmp/ccUgzpAK.o
 .text.prvIdleTask
                0x00001c6c       0x2c /tmp/ccUgzpAK.o
 .text.xTaskIncrementTick.part.0
                0x00001c98      0x174 /tmp/ccUgzpAK.o
 .text.xTaskCreateStatic
                0x00001e0c       0x90 /tmp/ccUgzpAK.o
                0x00001e0c                xTaskCreateStatic
 .text.xTaskCreate
                0x00001e9c       0x68 /tmp/ccUgzpAK.o
                0x00001e9c                xTaskCreate
 .text.vTaskStartScheduler
                0x00001f04       0x9c /tmp/ccUgzpAK.o
                0x00001f04                vTaskStartScheduler
 .text.vTaskSuspendAll
                0x00001fa0       0x10 /tmp/ccUgzpAK.o
                0x00001fa0                vTaskSuspendAll
 .text.xTaskResumeAll
                0x00001fb0      0x19c /tmp/ccUgzpAK.o
                0x00001fb0                xTaskResumeAll
 .text.vTaskDelay
                0x0000214c       0x54 /tmp/ccUgzpAK.o
                0x0000214c                vTaskDelay
 .text.xTaskGetTickCount
                0x000021a0        0xc /tmp/ccUgzpAK.o
                0x000021a0                xTaskGetTickCount
 .text.xTaskIncrementTick
                0x000021ac       0x28 /tmp/ccUgzpAK.o
                0x000021ac                xTaskIncrementTick
 .text.vTaskSwitchContext
                0x000021d4       0xc8 /tmp/ccUgzpAK.o
                0x000021d4                vTaskSwitchContext
 .text.vTaskPlaceOnEventList
                0x0000229c       0x30 /tmp/ccUgzpAK.o
                0x0000229c                vTaskPlaceOnEventList
 .text.vTaskPlaceOnEventListRestricted
                0x000022cc       0x5c /tmp/ccUgzpAK.o
                0x000022cc                vTaskPlaceOnEventListRestricted
 .text.xTaskRemoveFromEventList
                0x00002328       0xcc /tmp/ccUgzpAK.o
                0x00002328                xTaskRemoveFromEventList
 .text.vTaskInternalSetTimeOutState
                0x000023f4       0x18 /tmp/ccUgzpAK.o
                0x000023f4                vTaskInternalSetTimeOutState
 .text.xTaskCheckForTimeOut
                0x0000240c       0x88 /tmp/ccUgzpAK.o
                0x0000240c                xTaskCheckForTimeOut
 .text.vTaskMissedYield
                0x00002494        0xc /tmp/ccUgzpAK.o
                0x00002494                vTaskMissedYield
 .text.xTaskGetSchedulerState
                0x000024a0       0x20 /tmp/ccUgzpAK.o
                0x000024a0                xTaskGetSchedulerState
 .text.prvUnlockQueue
                0x000024c0       0x8c /tmp/ccuRrMyb.o
 .text.xQueueGenericReset
                0x0000254c       0x88 /tmp/ccuRrMyb.o
                0x0000254c                xQueueGenericReset
 .text.xQueueGenericCreateStatic
                0x000025d4       0x70 /tmp/ccuRrMyb.o
                0x000025d4                xQueueGenericCreateStatic
 .text.xQueueReceive
                0x00002644      0x14c /tmp/ccuRrMyb.o
                0x00002644                xQueueReceive
 .text.vQueueAddToRegistry
                0x00002790       0x54 /tmp/ccuRrMyb.o
                0x00002790                vQueueAddToRegistry
 .text.vQueueWaitForMessageRestricted
                0x000027e4       0x50 /tmp/ccuRrMyb.o
                0x000027e4                vQueueWaitForMessageRestricted
 .text.vListInitialise
                0x00002834       0x18 /tmp/cc6cQ8g8.o
                0x00002834                vListInitialise
 .text.vListInitialiseItem
                0x0000284c        0x8 /tmp/cc6cQ8g8.o
                0x0000284c                vListInitialiseItem
 .text.vListInsert
                0x00002854       0x30 /tmp/cc6cQ8g8.o
                0x00002854                vListInsert
 .text.uxListRemove
                0x00002884       0x24 /tmp/cc6cQ8g8.o
                0x00002884                uxListRemove
 .text.prvCheckForValidListAndQueue
                0x000028a8       0x6c /tmp/ccojA2kM.o
 .text.prvProcessExpiredTimer
                0x00002914       0x90 /tmp/ccojA2kM.o
 .text.prvTimerTask
                0x000029a4      0x278 /tmp/ccojA2kM.o
 .text.xTimerCreateTimerTask
                0x00002c1c       0x5c /tmp/ccojA2kM.o
                0x00002c1c                xTimerCreateTimerTask
 .text.vPortSVCHandler
                0x00002c78       0x24 /tmp/ccEAICvA.o
                0x00002c78                vPortSVCHandler
 .text.prvPortStartFirstTask
                0x00002c9c       0x20 /tmp/ccEAICvA.o
 .text.xPortPendSVHandler
                0x00002cbc       0x44 /tmp/ccEAICvA.o
                0x00002cbc                xPortPendSVHandler
 .text.prvTaskExitError
                0x00002d00       0x34 /tmp/ccEAICvA.o
 .text.pxPortInitialiseStack
                0x00002d34       0x24 /tmp/ccEAICvA.o
                0x00002d34                pxPortInitialiseStack
 .text.vPortEnterCritical
                0x00002d58       0x34 /tmp/ccEAICvA.o
                0x00002d58                vPortEnterCritical
 .text.vPortExitCritical
                0x00002d8c       0x20 /tmp/ccEAICvA.o
                0x00002d8c                vPortExitCritical
 .text.xPortSysTickHandler
                0x00002dac       0x2c /tmp/ccEAICvA.o
                0x00002dac                xPortSysTickHandler
 .text.vPortSetupTimerInterrupt
                0x00002dd8       0x18 /tmp/ccEAICvA.o
                0x00002dd8                vPortSetupTimerInterrupt
 .text.xPortStartScheduler
                0x00002df0      0x118 /tmp/ccEAICvA.o
                0x00002df0                xPortStartScheduler
 .text.pvPortMalloc
                0x00002f08      0x1a0 /tmp/ccNgJF7f.o
                0x00002f08                pvPortMalloc
 .text.vPortFree
                0x000030a8      0x100 /tmp/ccNgJF7f.o
                0x000030a8                vPortFree
 *(.rodata)
 *(.rodata*)
 .rodata.prvHello.str1.4
                0x000031a8       0x69 /tmp/ccMKcLAO.o
                                 0x15 (size before relaxing)
 .rodata.main.str1.4
                0x00003211        0x6 /tmp/ccMKcLAO.o
 *fill*         0x00003211        0x3 
 .rodata.uxTopUsedPriority
                0x00003214        0x4 /tmp/ccUgzpAK.o
 .rodata.prvCheckForValidListAndQueue.str1.4
                0x00003218        0x5 /tmp/ccojA2kM.o
 .rodata.xTimerCreateTimerTask.str1.4
                0x00003218        0x8 /tmp/ccojA2kM.o
 .rodata.str1.4
                0x00003218       0x13 /usr/lib/gcc/arm-none-eabi/13.2.1/../../../arm-none-eabi/lib/thumb/v7-m/nofp/libg_nano.a(libc_a-nano-vfprintf.o)
 .rodata.str1.4
                0x00003218       0x25 /usr/lib/gcc/arm-none-eabi/13.2.1/../../../arm-none-eabi/lib/thumb/v7-m/nofp/libg_nano.a(libc_a-nano-vfprintf_i.o)
                0x00003240                        . = ALIGN (0x4)
                0x00003218                        _etext = .
                0x00003220                        _sidata = LOADADDR (.data)

.glue_7         0x00003218        0x0
 .glue_7        0x00003218        0x0 linker stubs

.glue_7t        0x00003218        0x0
 .glue_7t       0x00003218        0x0 linker stubs

.vfp11_veneer   0x00003218        0x0
 .vfp11_veneer  0x00003218        0x0 linker stubs

.v4_bx          0x00003218        0x0
 .v4_bx         0x00003218        0x0 linker stubs

.iplt           0x00003218        0x0
 .iplt          0x00003218        0x0 /tmp/ccMKcLAO.o

.rel.dyn        0x00003218        0x0
 .rel.iplt      0x00003218        0x0 /tmp/ccMKcLAO.o

.ARM.exidx      0x00003218        0x8
 .ARM.exidx     0x00003218        0x8 /usr/lib/gcc/arm-none-eabi/13.2.1/../../../arm-none-eabi/lib/thumb/v7-m/nofp/libg_nano.a(libc_a-memcpy.o)

.data           0x20000000       0x60 load address 0x00003220
                0x20000000                        . = ALIGN (0x4)
                0x20000000                        _sdata = .
 *(.data)
 .data          0x20000000       0x50 /usr/lib/gcc/arm-none-eabi/13.2.1/../../../arm-none-eabi/lib/thumb/v7-m/nofp/libg_nano.a(libc_a-impure.o)
                0x20000000                _impure_ptr
                0x20000004                _impure_data
 .data          0x20000050        0xc /usr/lib/gcc/arm-none-eabi/13.2.1/../../../arm-none-eabi/lib/thumb/v7-m/nofp/libg_nano.a(libc_a-findfp.o)
                0x20000050                __sglue
 *(.data*)
 .data.uxCriticalNesting
                0x2000005c        0x4 /tmp/ccEAICvA.o
                0x20000060                        . = ALIGN (0x4)
                0x20000060                        _edata = .

.igot.plt       0x20000060        0x0 load address 0x00003280
 .igot.plt      0x20000060        0x0 /tmp/ccMKcLAO.o

.bss            0x20000060     0x3508 load address 0x00003280
                0x20000060                        . = ALIGN (0x4)
                0x20000060                        _sbss = .
 *(.bss)
 .bss           0x20000060      0x13c /usr/lib/gcc/arm-none-eabi/13.2.1/../../../arm-none-eabi/lib/thumb/v7-m/nofp/libg_nano.a(libc_a-findfp.o)
                0x20000060                __sf
                0x20000198                __stdio_exit_handler
 .bss           0x2000019c        0x8 /usr/lib/gcc/arm-none-eabi/13.2.1/../../../arm-none-eabi/lib/thumb/v7-m/nofp/libg_nano.a(libc_a-mallocr.o)
                0x2000019c                __malloc_sbrk_start
                0x200001a0                __malloc_free_list
 .bss           0x200001a4        0x4 /usr/lib/gcc/arm-none-eabi/13.2.1/../../../arm-none-eabi/lib/thumb/v7-m/nofp/libg_nano.a(libc_a-reent.o)
                0x200001a4                errno
 *(.bss*)
 .bss.xStack.0  0x200001a8      0x400 /tmp/ccMKcLAO.o
 .bss.xTCB.1    0x200005a8       0x58 /tmp/ccMKcLAO.o
 .bss.xStack.2  0x20000600      0x400 /tmp/ccMKcLAO.o
 .bss.xTCB.3    0x20000a00       0x58 /tmp/ccMKcLAO.o
 .bss.heap_ptr  0x20000a58        0x4 /tmp/ccExNqlu.o
 .bss.uxSchedulerSuspended
                0x20000a5c        0x4 /tmp/ccUgzpAK.o
 .bss.xIdleTaskHandles
                0x20000a60        0x4 /tmp/ccUgzpAK.o
 .bss.xNextTaskUnblockTime
                0x20000a64        0x4 /tmp/ccUgzpAK.o
 .bss.uxTaskNumber
                0x20000a68        0x4 /tmp/ccUgzpAK.o
 .bss.xNumOfOverflows
                0x20000a6c        0x4 /tmp/ccUgzpAK.o
 .bss.xYieldPendings
                0x20000a70        0x4 /tmp/ccUgzpAK.o
 .bss.xPendedTicks
                0x20000a74        0x4 /tmp/ccUgzpAK.o
 .bss.xSchedulerRunning
                0x20000a78        0x4 /tmp/ccUgzpAK.o
 .bss.uxTopReadyPriority
                0x20000a7c        0x4 /tmp/ccUgzpAK.o
 .bss.xTickCount
                0x20000a80        0x4 /tmp/ccUgzpAK.o
 .bss.uxCurrentNumberOfTasks
                0x20000a84        0x4 /tmp/ccUgzpAK.o
 .bss.xSuspendedTaskList
                0x20000a88       0x14 /tmp/ccUgzpAK.o
 .bss.uxDeletedTasksWaitingCleanUp
                0x20000a9c        0x4 /tmp/ccUgzpAK.o
 .bss.xTasksWaitingTermination
                0x20000aa0       0x14 /tmp/ccUgzpAK.o
 .bss.xPendingReadyList
                0x20000ab4       0x14 /tmp/ccUgzpAK.o
 .bss.pxOverflowDelayedTaskList
                0x20000ac8        0x4 /tmp/ccUgzpAK.o
 .bss.pxDelayedTaskList
                0x20000acc        0x4 /tmp/ccUgzpAK.o
 .bss.xDelayedTaskList2
                0x20000ad0       0x14 /tmp/ccUgzpAK.o
 .bss.xDelayedTaskList1
                0x20000ae4       0x14 /tmp/ccUgzpAK.o
 .bss.pxReadyTasksLists
                0x20000af8       0xc8 /tmp/ccUgzpAK.o
 .bss.pxCurrentTCB
                0x20000bc0        0x4 /tmp/ccUgzpAK.o
                0x20000bc0                pxCurrentTCB
 *fill*         0x20000bc4        0x4 
 .bss.xQueueRegistry
                0x20000bc8       0xa0 /tmp/ccuRrMyb.o
                0x20000bc8                xQueueRegistry
 .bss.xStaticTimerQueue.0
                0x20000c68       0x50 /tmp/ccojA2kM.o
 .bss.ucStaticTimerQueueStorage.1
                0x20000cb8       0x50 /tmp/ccojA2kM.o
 .bss.xLastTime.2
                0x20000d08        0x4 /tmp/ccojA2kM.o
 .bss.xTimerTaskHandle
                0x20000d0c        0x4 /tmp/ccojA2kM.o
 .bss.xTimerQueue
                0x20000d10        0x4 /tmp/ccojA2kM.o
 .bss.pxOverflowTimerList
                0x20000d14        0x4 /tmp/ccojA2kM.o
 .bss.pxCurrentTimerList
                0x20000d18        0x4 /tmp/ccojA2kM.o
 .bss.xActiveTimerList2
                0x20000d1c       0x14 /tmp/ccojA2kM.o
 .bss.xActiveTimerList1
                0x20000d30       0x14 /tmp/ccojA2kM.o
 .bss.ulMaxPRIGROUPValue
                0x20000d44        0x4 /tmp/ccEAICvA.o
 .bss.ucMaxSysCallPriority
                0x20000d48        0x1 /tmp/ccEAICvA.o
 *fill*         0x20000d49        0x3 
 .bss.xNumberOfSuccessfulFrees
                0x20000d4c        0x4 /tmp/ccNgJF7f.o
 .bss.xNumberOfSuccessfulAllocations
                0x20000d50        0x4 /tmp/ccNgJF7f.o
 .bss.xMinimumEverFreeBytesRemaining
                0x20000d54        0x4 /tmp/ccNgJF7f.o
 .bss.xFreeBytesRemaining
                0x20000d58        0x4 /tmp/ccNgJF7f.o
 .bss.pxEnd     0x20000d5c        0x4 /tmp/ccNgJF7f.o
 .bss.xStart    0x20000d60        0x8 /tmp/ccNgJF7f.o
 .bss.ucHeap    0x20000d68     0x2800 /tmp/ccNgJF7f.o
 *(COMMON)
                0x20003568                        . = ALIGN (0x4)
                0x20003568                        _ebss = .
                0x20003568                        PROVIDE (end = .)
                [!provide]                        PROVIDE (_end = .)

._user_heap_stack
                0x20003568     0x3000 load address 0x00003280
                0x20003568                        . = ALIGN (0x8)
                [!provide]                        PROVIDE (__heap_start = .)
                0x20005568                        . = (. + _Min_Heap_Size)
 *fill*         0x20003568     0x2000 
                [!provide]                        PROVIDE (__heap_end = .)
                0x20006568                        . = (. + _Min_Stack_Size)
 *fill*         0x20005568     0x1000 
                0x20006568                        . = ALIGN (0x8)
OUTPUT(build/scheduler.elf elf32-littlearm)
LOAD linker stubs

.debug_info     0x00000000    0x1933a
 .debug_info    0x00000000      0x4dc /tmp/ccMKcLAO.o
 .debug_info    0x000004dc      0x18b /tmp/cceAeHFQ.o
 .debug_info    0x00000667      0x590 /tmp/ccExNqlu.o
 .debug_info    0x00000bf7     0x412d /tmp/ccUgzpAK.o
 .debug_info    0x00004d24     0x2ce8 /tmp/ccuRrMyb.o
 .debug_info    0x00007a0c      0x2ad /tmp/cc6cQ8g8.o
 .debug_info    0x00007cb9     0x1e51 /tmp/ccojA2kM.o
 .debug_info    0x00009b0a      0x521 /tmp/ccEAICvA.o
 .debug_info    0x0000a02b      0x66e /tmp/ccNgJF7f.o
 .debug_info    0x0000a699      0x135 /usr/lib/gcc/arm-none-eabi/13.2.1/../../../arm-none-eabi/lib/thumb/v7-m/nofp/libg_nano.a(libc_a-memset.o)
 .debug_info    0x0000a7ce       0x33 /usr/lib/gcc/arm-none-eabi/13.2.1/../../../arm-none-eabi/lib/thumb/v7-m/nofp/libg_nano.a(libc_a-memcpy.o)
 .debug_info    0x0000a801      0x837 /usr/lib/gcc/arm-none-eabi/13.2.1/../../../arm-none-eabi/lib/thumb/v7-m/nofp/libg_nano.a(libc_a-printf.o)
 .debug_info    0x0000b038     0x108a /usr/lib/gcc/arm-none-eabi/13.2.1/../../../arm-none-eabi/lib/thumb/v7-m/nofp/libg_nano.a(libc_a-nano-vfprintf.o)
 .debug_info    0x0000c0c2      0x863 /usr/lib/gcc/arm-none-eabi/13.2.1/../../../arm-none-eabi/lib/thumb/v7-m/nofp/libg_nano.a(libc_a-wbuf.o)
 .debug_info    0x0000c925      0x70b /usr/lib/gcc/arm-none-eabi/13.2.1/../../../arm-none-eabi/lib/thumb/v7-m/nofp/libg_nano.a(libc_a-impure.o)
 .debug_info    0x0000d030      0xb1e /usr/lib/gcc/arm-none-eabi/13.2.1/../../../arm-none-eabi/lib/thumb/v7-m/nofp/libg_nano.a(libc_a-fvwrite.o)
 .debug_info    0x0000db4e      0xe8c /usr/lib/gcc/arm-none-eabi/13.2.1/../../../arm-none-eabi/lib/thumb/v7-m/nofp/libg_nano.a(libc_a-findfp.o)
 .debug_info    0x0000e9da      0xa30 /usr/lib/gcc/arm-none-eabi/13.2.1/../../../arm-none-eabi/lib/thumb/v7-m/nofp/libg_nano.a(libc_a-fflush.o)
 .debug_info    0x0000f40a      0x9b6 /usr/lib/gcc/arm-none-eabi/13.2.1/../../../arm-none-eabi/lib/thumb/v7-m/nofp/libg_nano.a(libc_a-mallocr.o)
 .debug_info    0x0000fdc0      0x87f /usr/lib/gcc/arm-none-eabi/13.2.1/../../../arm-none-eabi/lib/thumb/v7-m/nofp/libg_nano.a(libc_a-freer.o)
 .debug_info    0x0001063f      0x148 /usr/lib/gcc/arm-none-eabi/13.2.1/../../../arm-none-eabi/lib/thumb/v7-m/nofp/libg_nano.a(libc_a-memmove.o)
 .debug_info    0x00010787      0x7c8 /usr/lib/gcc/arm-none-eabi/13.2.1/../../../arm-none-eabi/lib/thumb/v7-m/nofp/libg_nano.a(libc_a-fwalk.o)
 .debug_info    0x00010f4f      0x7b1 /usr/lib/gcc/arm-none-eabi/13.2.1/../../../arm-none-eabi/lib/thumb/v7-m/nofp/libg_nano.a(libc_a-wsetup.o)
 .debug_info    0x00011700      0x8cd /usr/lib/gcc/arm-none-eabi/13.2.1/../../../arm-none-eabi/lib/thumb/v7-m/nofp/libg_nano.a(libc_a-reallocr.o)
 .debug_info    0x00011fcd      0xdd7 /usr/lib/gcc/arm-none-eabi/13.2.1/../../../arm-none-eabi/lib/thumb/v7-m/nofp/libg_nano.a(libc_a-nano-vfprintf_i.o)
 .debug_info    0x00012da4      0x71c /usr/lib/gcc/arm-none-eabi/13.2.1/../../../arm-none-eabi/lib/thumb/v7-m/nofp/libg_nano.a(libc_a-mlock.o)
 .debug_info    0x000134c0      0xbe6 /usr/lib/gcc/arm-none-eabi/13.2.1/../../../arm-none-eabi/lib/thumb/v7-m/nofp/libg_nano.a(libc_a-makebuf.o)
 .debug_info    0x000140a6      0x14a /usr/lib/gcc/arm-none-eabi/13.2.1/../../../arm-none-eabi/lib/thumb/v7-m/nofp/libg_nano.a(libc_a-memchr-stub.o)
 .debug_info    0x000141f0      0x752 /usr/lib/gcc/arm-none-eabi/13.2.1/../../../arm-none-eabi/lib/thumb/v7-m/nofp/libg_nano.a(libc_a-isattyr.o)
 .debug_info    0x00014942      0x778 /usr/lib/gcc/arm-none-eabi/13.2.1/../../../arm-none-eabi/lib/thumb/v7-m/nofp/libg_nano.a(libc_a-sbrkr.o)
 .debug_info    0x000150ba      0xa80 /usr/lib/gcc/arm-none-eabi/13.2.1/../../../arm-none-eabi/lib/thumb/v7-m/nofp/libg_nano.a(libc_a-stdio.o)
 .debug_info    0x00015b3a      0x78a /usr/lib/gcc/arm-none-eabi/13.2.1/../../../arm-none-eabi/lib/thumb/v7-m/nofp/libg_nano.a(libc_a-msizer.o)
 .debug_info    0x000162c4      0x752 /usr/lib/gcc/arm-none-eabi/13.2.1/../../../arm-none-eabi/lib/thumb/v7-m/nofp/libg_nano.a(libc_a-closer.o)
 .debug_info    0x00016a16      0x7b5 /usr/lib/gcc/arm-none-eabi/13.2.1/../../../arm-none-eabi/lib/thumb/v7-m/nofp/libg_nano.a(libc_a-readr.o)
 .debug_info    0x000171cb      0x89f /usr/lib/gcc/arm-none-eabi/13.2.1/../../../arm-none-eabi/lib/thumb/v7-m/nofp/libg_nano.a(libc_a-reent.o)
 .debug_info    0x00017a6a      0x977 /usr/lib/gcc/arm-none-eabi/13.2.1/../../../arm-none-eabi/lib/thumb/v7-m/nofp/libg_nano.a(libc_a-fstatr.o)
 .debug_info    0x000183e1      0x79e /usr/lib/gcc/arm-none-eabi/13.2.1/../../../arm-none-eabi/lib/thumb/v7-m/nofp/libg_nano.a(libc_a-lseekr.o)
 .debug_info    0x00018b7f      0x7bb /usr/lib/gcc/arm-none-eabi/13.2.1/../../../arm-none-eabi/lib/thumb/v7-m/nofp/libg_nano.a(libc_a-writer.o)

.debug_abbrev   0x00000000     0x5174
 .debug_abbrev  0x00000000      0x215 /tmp/ccMKcLAO.o
 .debug_abbrev  0x00000215      0x118 /tmp/cceAeHFQ.o
 .debug_abbrev  0x0000032d      0x1f2 /tmp/ccExNqlu.o
 .debug_abbrev  0x0000051f      0x593 /tmp/ccUgzpAK.o
 .debug_abbrev  0x00000ab2      0x4bd /tmp/ccuRrMyb.o
 .debug_abbrev  0x00000f6f      0x116 /tmp/cc6cQ8g8.o
 .debug_abbrev  0x00001085      0x46e /tmp/ccojA2kM.o
 .debug_abbrev  0x000014f3      0x297 /tmp/ccEAICvA.o
 .debug_abbrev  0x0000178a      0x2d0 /tmp/ccNgJF7f.o
 .debug_abbrev  0x00001a5a       0xb7 /usr/lib/gcc/arm-none-eabi/13.2.1/../../../arm-none-eabi/lib/thumb/v7-m/nofp/libg_nano.a(libc_a-memset.o)
 .debug_abbrev  0x00001b11       0x28 /usr/lib/gcc/arm-none-eabi/13.2.1/../../../arm-none-eabi/lib/thumb/v7-m/nofp/libg_nano.a(libc_a-memcpy.o)
 .debug_abbrev  0x00001b39      0x21a /usr/lib/gcc/arm-none-eabi/13.2.1/../../../arm-none-eabi/lib/thumb/v7-m/nofp/libg_nano.a(libc_a-printf.o)
 .debug_abbrev  0x00001d53      0x36e /usr/lib/gcc/arm-none-eabi/13.2.1/../../../arm-none-eabi/lib/thumb/v7-m/nofp/libg_nano.a(libc_a-nano-vfprintf.o)
 .debug_abbrev  0x000020c1      0x236 /usr/lib/gcc/arm-none-eabi/13.2.1/../../../arm-none-eabi/lib/thumb/v7-m/nofp/libg_nano.a(libc_a-wbuf.o)
 .debug_abbrev  0x000022f7      0x149 /usr/lib/gcc/arm-none-eabi/13.2.1/../../../arm-none-eabi/lib/thumb/v7-m/nofp/libg_nano.a(libc_a-impure.o)
 .debug_abbrev  0x00002440      0x224 /usr/lib/gcc/arm-none-eabi/13.2.1/../../../arm-none-eabi/lib/thumb/v7-m/nofp/libg_nano.a(libc_a-fvwrite.o)
 .debug_abbrev  0x00002664      0x408 /usr/lib/gcc/arm-none-eabi/13.2.1/../../../arm-none-eabi/lib/thumb/v7-m/nofp/libg_nano.a(libc_a-findfp.o)
 .debug_abbrev  0x00002a6c      0x2e1 /usr/lib/gcc/arm-none-eabi/13.2.1/../../../arm-none-eabi/lib/thumb/v7-m/nofp/libg_nano.a(libc_a-fflush.o)
 .debug_abbrev  0x00002d4d      0x24a /usr/lib/gcc/arm-none-eabi/13.2.1/../../../arm-none-eabi/lib/thumb/v7-m/nofp/libg_nano.a(libc_a-mallocr.o)
 .debug_abbrev  0x00002f97      0x249 /usr/lib/gcc/arm-none-eabi/13.2.1/../../../arm-none-eabi/lib/thumb/v7-m/nofp/libg_nano.a(libc_a-freer.o)
 .debug_abbrev  0x000031e0       0xc3 /usr/lib/gcc/arm-none-eabi/13.2.1/../../../arm-none-eabi/lib/thumb/v7-m/nofp/libg_nano.a(libc_a-memmove.o)
 .debug_abbrev  0x000032a3      0x19b /usr/lib/gcc/arm-none-eabi/13.2.1/../../../arm-none-eabi/lib/thumb/v7-m/nofp/libg_nano.a(libc_a-fwalk.o)
 .debug_abbrev  0x0000343e      0x1e2 /usr/lib/gcc/arm-none-eabi/13.2.1/../../../arm-none-eabi/lib/thumb/v7-m/nofp/libg_nano.a(libc_a-wsetup.o)
 .debug_abbrev  0x00003620      0x20c /usr/lib/gcc/arm-none-eabi/13.2.1/../../../arm-none-eabi/lib/thumb/v7-m/nofp/libg_nano.a(libc_a-reallocr.o)
 .debug_abbrev  0x0000382c      0x284 /usr/lib/gcc/arm-none-eabi/13.2.1/../../../arm-none-eabi/lib/thumb/v7-m/nofp/libg_nano.a(libc_a-nano-vfprintf_i.o)
 .debug_abbrev  0x00003ab0      0x192 /usr/lib/gcc/arm-none-eabi/13.2.1/../../../arm-none-eabi/lib/thumb/v7-m/nofp/libg_nano.a(libc_a-mlock.o)
 .debug_abbrev  0x00003c42      0x29d /usr/lib/gcc/arm-none-eabi/13.2.1/../../../arm-none-eabi/lib/thumb/v7-m/nofp/libg_nano.a(libc_a-makebuf.o)
 .debug_abbrev  0x00003edf       0xc7 /usr/lib/gcc/arm-none-eabi/13.2.1/../../../arm-none-eabi/lib/thumb/v7-m/nofp/libg_nano.a(libc_a-memchr-stub.o)
 .debug_abbrev  0x00003fa6      0x1b0 /usr/lib/gcc/arm-none-eabi/13.2.1/../../../arm-none-eabi/lib/thumb/v7-m/nofp/libg_nano.a(libc_a-isattyr.o)
 .debug_abbrev  0x00004156      0x1da /usr/lib/gcc/arm-none-eabi/13.2.1/../../../arm-none-eabi/lib/thumb/v7-m/nofp/libg_nano.a(libc_a-sbrkr.o)
 .debug_abbrev  0x00004330      0x224 /usr/lib/gcc/arm-none-eabi/13.2.1/../../../arm-none-eabi/lib/thumb/v7-m/nofp/libg_nano.a(libc_a-stdio.o)
 .debug_abbrev  0x00004554      0x196 /usr/lib/gcc/arm-none-eabi/13.2.1/../../../arm-none-eabi/lib/thumb/v7-m/nofp/libg_nano.a(libc_a-msizer.o)
 .debug_abbrev  0x000046ea      0x1b0 /usr/lib/gcc/arm-none-eabi/13.2.1/../../../arm-none-eabi/lib/thumb/v7-m/nofp/libg_nano.a(libc_a-closer.o)
 .debug_abbrev  0x0000489a      0x1b0 /usr/lib/gcc/arm-none-eabi/13.2.1/../../../arm-none-eabi/lib/thumb/v7-m/nofp/libg_nano.a(libc_a-readr.o)
 .debug_abbrev  0x00004a4a      0x1ee /usr/lib/gcc/arm-none-eabi/13.2.1/../../../arm-none-eabi/lib/thumb/v7-m/nofp/libg_nano.a(libc_a-reent.o)
 .debug_abbrev  0x00004c38      0x1c3 /usr/lib/gcc/arm-none-eabi/13.2.1/../../../arm-none-eabi/lib/thumb/v7-m/nofp/libg_nano.a(libc_a-fstatr.o)
 .debug_abbrev  0x00004dfb      0x1c4 /usr/lib/gcc/arm-none-eabi/13.2.1/../../../arm-none-eabi/lib/thumb/v7-m/nofp/libg_nano.a(libc_a-lseekr.o)
 .debug_abbrev  0x00004fbf      0x1b5 /usr/lib/gcc/arm-none-eabi/13.2.1/../../../arm-none-eabi/lib/thumb/v7-m/nofp/libg_nano.a(libc_a-writer.o)

.debug_loclists
                0x00000000     0x84c6
 .debug_loclists
                0x00000000       0x3f /tmp/ccMKcLAO.o
 .debug_loclists
                0x0000003f       0x46 /tmp/cceAeHFQ.o
 .debug_loclists
                0x00000085      0x1c1 /tmp/ccExNqlu.o
 .debug_loclists
                0x00000246     0x2889 /tmp/ccUgzpAK.o
 .debug_loclists
                0x00002acf     0x1d92 /tmp/ccuRrMyb.o
 .debug_loclists
                0x00004861       0x6a /tmp/cc6cQ8g8.o
 .debug_loclists
                0x000048cb     0x10c6 /tmp/ccojA2kM.o
 .debug_loclists
                0x00005991       0xaf /tmp/ccEAICvA.o
 .debug_loclists
                0x00005a40      0x3cf /tmp/ccNgJF7f.o
 .debug_loclists
                0x00005e0f      0x1d7 /usr/lib/gcc/arm-none-eabi/13.2.1/../../../arm-none-eabi/lib/thumb/v7-m/nofp/libg_nano.a(libc_a-memset.o)
 .debug_loclists
                0x00005fe6       0x3c /usr/lib/gcc/arm-none-eabi/13.2.1/../../../arm-none-eabi/lib/thumb/v7-m/nofp/libg_nano.a(libc_a-printf.o)
 .debug_loclists
                0x00006022      0x58a /usr/lib/gcc/arm-none-eabi/13.2.1/../../../arm-none-eabi/lib/thumb/v7-m/nofp/libg_nano.a(libc_a-nano-vfprintf.o)
 .debug_loclists
                0x000065ac      0x104 /usr/lib/gcc/arm-none-eabi/13.2.1/../../../arm-none-eabi/lib/thumb/v7-m/nofp/libg_nano.a(libc_a-wbuf.o)
 .debug_loclists
                0x000066b0      0x3f8 /usr/lib/gcc/arm-none-eabi/13.2.1/../../../arm-none-eabi/lib/thumb/v7-m/nofp/libg_nano.a(libc_a-fvwrite.o)
 .debug_loclists
                0x00006aa8      0x1d0 /usr/lib/gcc/arm-none-eabi/13.2.1/../../../arm-none-eabi/lib/thumb/v7-m/nofp/libg_nano.a(libc_a-findfp.o)
 .debug_loclists
                0x00006c78      0x2f2 /usr/lib/gcc/arm-none-eabi/13.2.1/../../../arm-none-eabi/lib/thumb/v7-m/nofp/libg_nano.a(libc_a-fflush.o)
 .debug_loclists
                0x00006f6a      0x273 /usr/lib/gcc/arm-none-eabi/13.2.1/../../../arm-none-eabi/lib/thumb/v7-m/nofp/libg_nano.a(libc_a-mallocr.o)
 .debug_loclists
                0x000071dd      0x164 /usr/lib/gcc/arm-none-eabi/13.2.1/../../../arm-none-eabi/lib/thumb/v7-m/nofp/libg_nano.a(libc_a-freer.o)
 .debug_loclists
                0x00007341      0x21b /usr/lib/gcc/arm-none-eabi/13.2.1/../../../arm-none-eabi/lib/thumb/v7-m/nofp/libg_nano.a(libc_a-memmove.o)
 .debug_loclists
                0x0000755c       0x79 /usr/lib/gcc/arm-none-eabi/13.2.1/../../../arm-none-eabi/lib/thumb/v7-m/nofp/libg_nano.a(libc_a-fwalk.o)
 .debug_loclists
                0x000075d5       0x61 /usr/lib/gcc/arm-none-eabi/13.2.1/../../../arm-none-eabi/lib/thumb/v7-m/nofp/libg_nano.a(libc_a-wsetup.o)
 .debug_loclists
                0x00007636      0x102 /usr/lib/gcc/arm-none-eabi/13.2.1/../../../arm-none-eabi/lib/thumb/v7-m/nofp/libg_nano.a(libc_a-reallocr.o)
 .debug_loclists
                0x00007738      0x444 /usr/lib/gcc/arm-none-eabi/13.2.1/../../../arm-none-eabi/lib/thumb/v7-m/nofp/libg_nano.a(libc_a-nano-vfprintf_i.o)
 .debug_loclists
                0x00007b7c      0x1b4 /usr/lib/gcc/arm-none-eabi/13.2.1/../../../arm-none-eabi/lib/thumb/v7-m/nofp/libg_nano.a(libc_a-makebuf.o)
 .debug_loclists
                0x00007d30      0x172 /usr/lib/gcc/arm-none-eabi/13.2.1/../../../arm-none-eabi/lib/thumb/v7-m/nofp/libg_nano.a(libc_a-memchr-stub.o)
 .debug_loclists
                0x00007ea2       0x4b /usr/lib/gcc/arm-none-eabi/13.2.1/../../../arm-none-eabi/lib/thumb/v7-m/nofp/libg_nano.a(libc_a-isattyr.o)
 .debug_loclists
                0x00007eed       0x4b /usr/lib/gcc/arm-none-eabi/13.2.1/../../../arm-none-eabi/lib/thumb/v7-m/nofp/libg_nano.a(libc_a-sbrkr.o)
 .debug_loclists
                0x00007f38      0x23b /usr/lib/gcc/arm-none-eabi/13.2.1/../../../arm-none-eabi/lib/thumb/v7-m/nofp/libg_nano.a(libc_a-stdio.o)
 .debug_loclists
                0x00008173       0x59 /usr/lib/gcc/arm-none-eabi/13.2.1/../../../arm-none-eabi/lib/thumb/v7-m/nofp/libg_nano.a(libc_a-msizer.o)
 .debug_loclists
                0x000081cc       0x4b /usr/lib/gcc/arm-none-eabi/13.2.1/../../../arm-none-eabi/lib/thumb/v7-m/nofp/libg_nano.a(libc_a-closer.o)
 .debug_loclists
                0x00008217       0x97 /usr/lib/gcc/arm-none-eabi/13.2.1/../../../arm-none-eabi/lib/thumb/v7-m/nofp/libg_nano.a(libc_a-readr.o)
 .debug_loclists
                0x000082ae       0x80 /usr/lib/gcc/arm-none-eabi/13.2.1/../../../arm-none-eabi/lib/thumb/v7-m/nofp/libg_nano.a(libc_a-reent.o)
 .debug_loclists
                0x0000832e       0x6a /usr/lib/gcc/arm-none-eabi/13.2.1/../../../arm-none-eabi/lib/thumb/v7-m/nofp/libg_nano.a(libc_a-fstatr.o)
 .debug_loclists
                0x00008398       0x97 /usr/lib/gcc/arm-none-eabi/13.2.1/../../../arm-none-eabi/lib/thumb/v7-m/nofp/libg_nano.a(libc_a-lseekr.o)
 .debug_loclists
                0x0000842f       0x97 /usr/lib/gcc/arm-none-eabi/13.2.1/../../../arm-none-eabi/lib/thumb/v7-m/nofp/libg_nano.a(libc_a-writer.o)

.debug_aranges  0x00000000      0xa00
 .debug_aranges
                0x00000000       0x60 /tmp/ccMKcLAO.o
 .debug_aranges
                0x00000060       0x30 /tmp/cceAeHFQ.o
 .debug_aranges
                0x00000090       0x70 /tmp/ccExNqlu.o
 .debug_aranges
                0x00000100      0x238 /tmp/ccUgzpAK.o
 .debug_aranges
                0x00000338      0x140 /tmp/ccuRrMyb.o
 .debug_aranges
                0x00000478       0x40 /tmp/cc6cQ8g8.o
 .debug_aranges
                0x000004b8       0xd8 /tmp/ccojA2kM.o
 .debug_aranges
                0x00000590       0x78 /tmp/ccEAICvA.o
 .debug_aranges
                0x00000608       0x60 /tmp/ccNgJF7f.o
 .debug_aranges
                0x00000668       0x20 /usr/lib/gcc/arm-none-eabi/13.2.1/../../../arm-none-eabi/lib/thumb/v7-m/nofp/libg_nano.a(libc_a-memset.o)
 .debug_aranges
                0x00000688       0x20 /usr/lib/gcc/arm-none-eabi/13.2.1/../../../arm-none-eabi/lib/thumb/v7-m/nofp/libg_nano.a(libc_a-memcpy.o)
 .debug_aranges
                0x000006a8       0x20 /usr/lib/gcc/arm-none-eabi/13.2.1/../../../arm-none-eabi/lib/thumb/v7-m/nofp/libg_nano.a(libc_a-printf.o)
 .debug_aranges
                0x000006c8       0x20 /usr/lib/gcc/arm-none-eabi/13.2.1/../../../arm-none-eabi/lib/thumb/v7-m/nofp/libg_nano.a(libc_a-nano-vfprintf.o)
 .debug_aranges
                0x000006e8       0x20 /usr/lib/gcc/arm-none-eabi/13.2.1/../../../arm-none-eabi/lib/thumb/v7-m/nofp/libg_nano.a(libc_a-wbuf.o)
 .debug_aranges
                0x00000708       0x18 /usr/lib/gcc/arm-none-eabi/13.2.1/../../../arm-none-eabi/lib/thumb/v7-m/nofp/libg_nano.a(libc_a-impure.o)
 .debug_aranges
                0x00000720       0x20 /usr/lib/gcc/arm-none-eabi/13.2.1/../../../arm-none-eabi/lib/thumb/v7-m/nofp/libg_nano.a(libc_a-fvwrite.o)
 .debug_aranges
                0x00000740       0x20 /usr/lib/gcc/arm-none-eabi/13.2.1/../../../arm-none-eabi/lib/thumb/v7-m/nofp/libg_nano.a(libc_a-findfp.o)
 .debug_aranges
                0x00000760       0x20 /usr/lib/gcc/arm-none-eabi/13.2.1/../../../arm-none-eabi/lib/thumb/v7-m/nofp/libg_nano.a(libc_a-fflush.o)
 .debug_aranges
                0x00000780       0x20 /usr/lib/gcc/arm-none-eabi/13.2.1/../../../arm-none-eabi/lib/thumb/v7-m/nofp/libg_nano.a(libc_a-mallocr.o)
 .debug_aranges
                0x000007a0       0x20 /usr/lib/gcc/arm-none-eabi/13.2.1/../../../arm-none-eabi/lib/thumb/v7-m/nofp/libg_nano.a(libc_a-freer.o)
 .debug_aranges
                0x000007c0       0x20 /usr/lib/gcc/arm-none-eabi/13.2.1/../../../arm-none-eabi/lib/thumb/v7-m/nofp/libg_nano.a(libc_a-memmove.o)
 .debug_aranges
                0x000007e0       0x20 /usr/lib/gcc/arm-none-eabi/13.2.1/../../../arm-none-eabi/lib/thumb/v7-m/nofp/libg_nano.a(libc_a-fwalk.o)
 .debug_aranges
                0x00000800       0x20 /usr/lib/gcc/arm-none-eabi/13.2.1/../../../arm-none-eabi/lib/thumb/v7-m/nofp/libg_nano.a(libc_a-wsetup.o)
 .debug_aranges
                0x00000820       0x20 /usr/lib/gcc/arm-none-eabi/13.2.1/../../../arm-none-eabi/lib/thumb/v7-m/nofp/libg_nano.a(libc_a-reallocr.o)
 .debug_aranges
                0x00000840       0x20 /usr/lib/gcc/arm-none-eabi/13.2.1/../../../arm-none-eabi/lib/thumb/v7-m/nofp/libg_nano.a(libc_a-nano-vfprintf_i.o)
 .debug_aranges
                0x00000860       0x20 /usr/lib/gcc/arm-none-eabi/13.2.1/../../../arm-none-eabi/lib/thumb/v7-m/nofp/libg_nano.a(libc_a-mlock.o)
 .debug_aranges
                0x00000880       0x20 /usr/lib/gcc/arm-none-eabi/13.2.1/../../../arm-none-eabi/lib/thumb/v7-m/nofp/libg_nano.a(libc_a-makebuf.o)
 .debug_aranges
                0x000008a0       0x20 /usr/lib/gcc/arm-none-eabi/13.2.1/../../../arm-none-eabi/lib/thumb/v7-m/nofp/libg_nano.a(libc_a-memchr-stub.o)
 .debug_aranges
                0x000008c0       0x20 /usr/lib/gcc/arm-none-eabi/13.2.1/../../../arm-none-eabi/lib/thumb/v7-m/nofp/libg_nano.a(libc_a-isattyr.o)
 .debug_aranges
                0x000008e0       0x20 /usr/lib/gcc/arm-none-eabi/13.2.1/../../../arm-none-eabi/lib/thumb/v7-m/nofp/libg_nano.a(libc_a-sbrkr.o)
 .debug_aranges
                0x00000900       0x20 /usr/lib/gcc/arm-none-eabi/13.2.1/../../../arm-none-eabi/lib/thumb/v7-m/nofp/libg_nano.a(libc_a-stdio.o)
 .debug_aranges
                0x00000920       0x20 /usr/lib/gcc/arm-none-eabi/13.2.1/../../../arm-none-eabi/lib/thumb/v7-m/nofp/libg_nano.a(libc_a-msizer.o)
 .debug_aranges
                0x00000940       0x20 /usr/lib/gcc/arm-none-eabi/13.2.1/../../../arm-none-eabi/lib/thumb/v7-m/nofp/libg_nano.a(libc_a-closer.o)
 .debug_aranges
                0x00000960       0x20 /usr/lib/gcc/arm-none-eabi/13.2.1/../../../arm-none-eabi/lib/thumb/v7-m/nofp/libg_nano.a(libc_a-readr.o)
 .debug_aranges
                0x00000980       0x20 /usr/lib/gcc/arm-none-eabi/13.2.1/../../../arm-none-eabi/lib/thumb/v7-m/nofp/libg_nano.a(libc_a-reent.o)
 .debug_aranges
                0x000009a0       0x20 /usr/lib/gcc/arm-none-eabi/13.2.1/../../../arm-none-eabi/lib/thumb/v7-m/nofp/libg_nano.a(libc_a-fstatr.o)
 .debug_aranges
                0x000009c0       0x20 /usr/lib/gcc/arm-none-eabi/13.2.1/../../../arm-none-eabi/lib/thumb/v7-m/nofp/libg_nano.a(libc_a-lseekr.o)
 .debug_aranges
                0x000009e0       0x20 /usr/lib/gcc/arm-none-eabi/13.2.1/../../../arm-none-eabi/lib/thumb/v7-m/nofp/libg_nano.a(libc_a-writer.o)

.debug_rnglists
                0x00000000      0xf03
 .debug_rnglists
                0x00000000       0x43 /tmp/ccMKcLAO.o
 .debug_rnglists
                0x00000043       0x1f /tmp/cceAeHFQ.o
 .debug_rnglists
                0x00000062       0x79 /tmp/ccExNqlu.o
 .debug_rnglists
                0x000000db      0x5f3 /tmp/ccUgzpAK.o
 .debug_rnglists
                0x000006ce      0x34c /tmp/ccuRrMyb.o
 .debug_rnglists
                0x00000a1a       0x2b /tmp/cc6cQ8g8.o
 .debug_rnglists
                0x00000a45      0x1d9 /tmp/ccojA2kM.o
 .debug_rnglists
                0x00000c1e       0x82 /tmp/ccEAICvA.o
 .debug_rnglists
                0x00000ca0       0x59 /tmp/ccNgJF7f.o
 .debug_rnglists
                0x00000cf9       0x1a /usr/lib/gcc/arm-none-eabi/13.2.1/../../../arm-none-eabi/lib/thumb/v7-m/nofp/libg_nano.a(libc_a-nano-vfprintf.o)
 .debug_rnglists
                0x00000d13       0x1b /usr/lib/gcc/arm-none-eabi/13.2.1/../../../arm-none-eabi/lib/thumb/v7-m/nofp/libg_nano.a(libc_a-wbuf.o)
 .debug_rnglists
                0x00000d2e       0x30 /usr/lib/gcc/arm-none-eabi/13.2.1/../../../arm-none-eabi/lib/thumb/v7-m/nofp/libg_nano.a(libc_a-fvwrite.o)
 .debug_rnglists
                0x00000d5e       0x7a /usr/lib/gcc/arm-none-eabi/13.2.1/../../../arm-none-eabi/lib/thumb/v7-m/nofp/libg_nano.a(libc_a-findfp.o)
 .debug_rnglists
                0x00000dd8       0x58 /usr/lib/gcc/arm-none-eabi/13.2.1/../../../arm-none-eabi/lib/thumb/v7-m/nofp/libg_nano.a(libc_a-fflush.o)
 .debug_rnglists
                0x00000e30       0x1f /usr/lib/gcc/arm-none-eabi/13.2.1/../../../arm-none-eabi/lib/thumb/v7-m/nofp/libg_nano.a(libc_a-mallocr.o)
 .debug_rnglists
                0x00000e4f       0x13 /usr/lib/gcc/arm-none-eabi/13.2.1/../../../arm-none-eabi/lib/thumb/v7-m/nofp/libg_nano.a(libc_a-freer.o)
 .debug_rnglists
                0x00000e62       0x1e /usr/lib/gcc/arm-none-eabi/13.2.1/../../../arm-none-eabi/lib/thumb/v7-m/nofp/libg_nano.a(libc_a-wsetup.o)
 .debug_rnglists
                0x00000e80       0x66 /usr/lib/gcc/arm-none-eabi/13.2.1/../../../arm-none-eabi/lib/thumb/v7-m/nofp/libg_nano.a(libc_a-nano-vfprintf_i.o)
 .debug_rnglists
                0x00000ee6       0x1d /usr/lib/gcc/arm-none-eabi/13.2.1/../../../arm-none-eabi/lib/thumb/v7-m/nofp/libg_nano.a(libc_a-makebuf.o)

.debug_macro    0x00000000     0x49ef
 .debug_macro   0x00000000      0x18f /tmp/ccMKcLAO.o
 .debug_macro   0x0000018f      0xaba /tmp/ccMKcLAO.o
 .debug_macro   0x00000c49       0x22 /tmp/ccMKcLAO.o
 .debug_macro   0x00000c6b       0x54 /tmp/ccMKcLAO.o
 .debug_macro   0x00000cbf       0x24 /tmp/ccMKcLAO.o
 .debug_macro   0x00000ce3       0x94 /tmp/ccMKcLAO.o
 .debug_macro   0x00000d77       0x43 /tmp/ccMKcLAO.o
 .debug_macro   0x00000dba       0x34 /tmp/ccMKcLAO.o
 .debug_macro   0x00000dee       0x16 /tmp/ccMKcLAO.o
 .debug_macro   0x00000e04       0x57 /tmp/ccMKcLAO.o
 .debug_macro   0x00000e5b       0x9e /tmp/ccMKcLAO.o
 .debug_macro   0x00000ef9      0x370 /tmp/ccMKcLAO.o
 .debug_macro   0x00001269      0x112 /tmp/ccMKcLAO.o
 .debug_macro   0x0000137b       0x10 /tmp/ccMKcLAO.o
 .debug_macro   0x0000138b       0x16 /tmp/ccMKcLAO.o
 .debug_macro   0x000013a1       0x4a /tmp/ccMKcLAO.o
 .debug_macro   0x000013eb       0x34 /tmp/ccMKcLAO.o
 .debug_macro   0x0000141f       0x10 /tmp/ccMKcLAO.o
 .debug_macro   0x0000142f       0x52 /tmp/ccMKcLAO.o
 .debug_macro   0x00001481       0x8e /tmp/ccMKcLAO.o
 .debug_macro   0x0000150f       0x1c /tmp/ccMKcLAO.o
 .debug_macro   0x0000152b      0x177 /tmp/ccMKcLAO.o
 .debug_macro   0x000016a2       0x16 /tmp/ccMKcLAO.o
 .debug_macro   0x000016b8       0x16 /tmp/ccMKcLAO.o
 .debug_macro   0x000016ce      0x146 /tmp/ccMKcLAO.o
 .debug_macro   0x00001814      0x34e /tmp/ccMKcLAO.o
 .debug_macro   0x00001b62       0x16 /tmp/ccMKcLAO.o
 .debug_macro   0x00001b78      0x18b /tmp/ccMKcLAO.o
 .debug_macro   0x00001d03       0x22 /tmp/ccMKcLAO.o
 .debug_macro   0x00001d25      0x182 /tmp/ccMKcLAO.o
 .debug_macro   0x00001ea7       0xd2 /tmp/ccMKcLAO.o
 .debug_macro   0x00001f79       0x3a /tmp/ccMKcLAO.o
 .debug_macro   0x00001fb3       0x1f /tmp/ccMKcLAO.o
 .debug_macro   0x00001fd2       0x12 /tmp/ccMKcLAO.o
 .debug_macro   0x00001fe4     0x10aa /tmp/ccMKcLAO.o
 .debug_macro   0x0000308e       0xc3 /tmp/ccMKcLAO.o
 .debug_macro   0x00003151      0x161 /tmp/ccMKcLAO.o
 .debug_macro   0x000032b2       0x1a /tmp/cceAeHFQ.o
 .debug_macro   0x000032cc      0x1bd /tmp/ccExNqlu.o
 .debug_macro   0x00003489      0x190 /tmp/ccExNqlu.o
 .debug_macro   0x00003619       0x10 /tmp/ccExNqlu.o
 .debug_macro   0x00003629       0x3c /tmp/ccExNqlu.o
 .debug_macro   0x00003665       0x10 /tmp/ccExNqlu.o
 .debug_macro   0x00003675       0x10 /tmp/ccExNqlu.o
 .debug_macro   0x00003685       0x10 /tmp/ccExNqlu.o
 .debug_macro   0x00003695       0x6a /tmp/ccExNqlu.o
 .debug_macro   0x000036ff       0x1c /tmp/ccExNqlu.o
 .debug_macro   0x0000371b       0x52 /tmp/ccExNqlu.o
 .debug_macro   0x0000376d       0x22 /tmp/ccExNqlu.o
 .debug_macro   0x0000378f       0x10 /tmp/ccExNqlu.o
 .debug_macro   0x0000379f       0x52 /tmp/ccExNqlu.o
 .debug_macro   0x000037f1       0xcf /tmp/ccExNqlu.o
 .debug_macro   0x000038c0       0x1c /tmp/ccExNqlu.o
 .debug_macro   0x000038dc       0x3d /tmp/ccExNqlu.o
 .debug_macro   0x00003919       0x35 /tmp/ccExNqlu.o
 .debug_macro   0x0000394e      0x12c /tmp/ccExNqlu.o
 .debug_macro   0x00003a7a      0x2a6 /tmp/ccUgzpAK.o
 .debug_macro   0x00003d20       0x16 /tmp/ccUgzpAK.o
 .debug_macro   0x00003d36      0x11c /tmp/ccUgzpAK.o
 .debug_macro   0x00003e52       0x9b /tmp/ccUgzpAK.o
 .debug_macro   0x00003eed       0x16 /tmp/ccUgzpAK.o
 .debug_macro   0x00003f03       0x29 /tmp/ccUgzpAK.o
 .debug_macro   0x00003f2c       0x16 /tmp/ccUgzpAK.o
 .debug_macro   0x00003f42       0x98 /tmp/ccUgzpAK.o
 .debug_macro   0x00003fda       0x16 /tmp/ccUgzpAK.o
 .debug_macro   0x00003ff0      0x212 /tmp/ccuRrMyb.o
 .debug_macro   0x00004202       0x8e /tmp/ccuRrMyb.o
 .debug_macro   0x00004290      0x180 /tmp/cc6cQ8g8.o
 .debug_macro   0x00004410      0x1cf /tmp/ccojA2kM.o
 .debug_macro   0x000045df       0x9e /tmp/ccojA2kM.o
 .debug_macro   0x0000467d      0x162 /tmp/ccEAICvA.o
 .debug_macro   0x000047df      0x210 /tmp/ccNgJF7f.o

.debug_line     0x00000000     0xd722
 .debug_line    0x00000000      0x398 /tmp/ccMKcLAO.o
 .debug_line    0x00000398       0xff /tmp/cceAeHFQ.o
 .debug_line    0x00000497      0x443 /tmp/ccExNqlu.o
 .debug_line    0x000008da     0x3cf7 /tmp/ccUgzpAK.o
 .debug_line    0x000045d1     0x2162 /tmp/ccuRrMyb.o
 .debug_line    0x00006733      0x464 /tmp/cc6cQ8g8.o
 .debug_line    0x00006b97      0xfe6 /tmp/ccojA2kM.o
 .debug_line    0x00007b7d      0x54a /tmp/ccEAICvA.o
 .debug_line    0x000080c7      0x8e4 /tmp/ccNgJF7f.o
 .debug_line    0x000089ab      0x1b1 /usr/lib/gcc/arm-none-eabi/13.2.1/../../../arm-none-eabi/lib/thumb/v7-m/nofp/libg_nano.a(libc_a-memset.o)
 .debug_line    0x00008b5c       0xbd /usr/lib/gcc/arm-none-eabi/13.2.1/../../../arm-none-eabi/lib/thumb/v7-m/nofp/libg_nano.a(libc_a-memcpy.o)
 .debug_line    0x00008c19      0x1c0 /usr/lib/gcc/arm-none-eabi/13.2.1/../../../arm-none-eabi/lib/thumb/v7-m/nofp/libg_nano.a(libc_a-printf.o)
 .debug_line    0x00008dd9      0x6b7 /usr/lib/gcc/arm-none-eabi/13.2.1/../../../arm-none-eabi/lib/thumb/v7-m/nofp/libg_nano.a(libc_a-nano-vfprintf.o)
 .debug_line    0x00009490      0x253 /usr/lib/gcc/arm-none-eabi/13.2.1/../../../arm-none-eabi/lib/thumb/v7-m/nofp/libg_nano.a(libc_a-wbuf.o)
 .debug_line    0x000096e3       0xe7 /usr/lib/gcc/arm-none-eabi/13.2.1/../../../arm-none-eabi/lib/thumb/v7-m/nofp/libg_nano.a(libc_a-impure.o)
 .debug_line    0x000097ca      0x5f5 /usr/lib/gcc/arm-none-eabi/13.2.1/../../../arm-none-eabi/lib/thumb/v7-m/nofp/libg_nano.a(libc_a-fvwrite.o)
 .debug_line    0x00009dbf      0x51f /usr/lib/gcc/arm-none-eabi/13.2.1/../../../arm-none-eabi/lib/thumb/v7-m/nofp/libg_nano.a(libc_a-findfp.o)
 .debug_line    0x0000a2de      0x456 /usr/lib/gcc/arm-none-eabi/13.2.1/../../../arm-none-eabi/lib/thumb/v7-m/nofp/libg_nano.a(libc_a-fflush.o)
 .debug_line    0x0000a734      0x45c /usr/lib/gcc/arm-none-eabi/13.2.1/../../../arm-none-eabi/lib/thumb/v7-m/nofp/libg_nano.a(libc_a-mallocr.o)
 .debug_line    0x0000ab90      0x2c8 /usr/lib/gcc/arm-none-eabi/13.2.1/../../../arm-none-eabi/lib/thumb/v7-m/nofp/libg_nano.a(libc_a-freer.o)
 .debug_line    0x0000ae58      0x20d /usr/lib/gcc/arm-none-eabi/13.2.1/../../../arm-none-eabi/lib/thumb/v7-m/nofp/libg_nano.a(libc_a-memmove.o)
 .debug_line    0x0000b065      0x1c9 /usr/lib/gcc/arm-none-eabi/13.2.1/../../../arm-none-eabi/lib/thumb/v7-m/nofp/libg_nano.a(libc_a-fwalk.o)
 .debug_line    0x0000b22e      0x2bd /usr/lib/gcc/arm-none-eabi/13.2.1/../../../arm-none-eabi/lib/thumb/v7-m/nofp/libg_nano.a(libc_a-wsetup.o)
 .debug_line    0x0000b4eb      0x1fa /usr/lib/gcc/arm-none-eabi/13.2.1/../../../arm-none-eabi/lib/thumb/v7-m/nofp/libg_nano.a(libc_a-reallocr.o)
 .debug_line    0x0000b6e5      0x770 /usr/lib/gcc/arm-none-eabi/13.2.1/../../../arm-none-eabi/lib/thumb/v7-m/nofp/libg_nano.a(libc_a-nano-vfprintf_i.o)
 .debug_line    0x0000be55      0x153 /usr/lib/gcc/arm-none-eabi/13.2.1/../../../arm-none-eabi/lib/thumb/v7-m/nofp/libg_nano.a(libc_a-mlock.o)
 .debug_line    0x0000bfa8      0x3b0 /usr/lib/gcc/arm-none-eabi/13.2.1/../../../arm-none-eabi/lib/thumb/v7-m/nofp/libg_nano.a(libc_a-makebuf.o)
 .debug_line    0x0000c358      0x200 /usr/lib/gcc/arm-none-eabi/13.2.1/../../../arm-none-eabi/lib/thumb/v7-m/nofp/libg_nano.a(libc_a-memchr-stub.o)
 .debug_line    0x0000c558      0x197 /usr/lib/gcc/arm-none-eabi/13.2.1/../../../arm-none-eabi/lib/thumb/v7-m/nofp/libg_nano.a(libc_a-isattyr.o)
 .debug_line    0x0000c6ef      0x196 /usr/lib/gcc/arm-none-eabi/13.2.1/../../../arm-none-eabi/lib/thumb/v7-m/nofp/libg_nano.a(libc_a-sbrkr.o)
 .debug_line    0x0000c885      0x22b /usr/lib/gcc/arm-none-eabi/13.2.1/../../../arm-none-eabi/lib/thumb/v7-m/nofp/libg_nano.a(libc_a-stdio.o)
 .debug_line    0x0000cab0      0x176 /usr/lib/gcc/arm-none-eabi/13.2.1/../../../arm-none-eabi/lib/thumb/v7-m/nofp/libg_nano.a(libc_a-msizer.o)
 .debug_line    0x0000cc26      0x196 /usr/lib/gcc/arm-none-eabi/13.2.1/../../../arm-none-eabi/lib/thumb/v7-m/nofp/libg_nano.a(libc_a-closer.o)
 .debug_line    0x0000cdbc      0x19c /usr/lib/gcc/arm-none-eabi/13.2.1/../../../arm-none-eabi/lib/thumb/v7-m/nofp/libg_nano.a(libc_a-readr.o)
 .debug_line    0x0000cf58      0x27b /usr/lib/gcc/arm-none-eabi/13.2.1/../../../arm-none-eabi/lib/thumb/v7-m/nofp/libg_nano.a(libc_a-reent.o)
 .debug_line    0x0000d1d3      0x215 /usr/lib/gcc/arm-none-eabi/13.2.1/../../../arm-none-eabi/lib/thumb/v7-m/nofp/libg_nano.a(libc_a-fstatr.o)
 .debug_line    0x0000d3e8      0x19d /usr/lib/gcc/arm-none-eabi/13.2.1/../../../arm-none-eabi/lib/thumb/v7-m/nofp/libg_nano.a(libc_a-lseekr.o)
 .debug_line    0x0000d585      0x19d /usr/lib/gcc/arm-none-eabi/13.2.1/../../../arm-none-eabi/lib/thumb/v7-m/nofp/libg_nano.a(libc_a-writer.o)

.debug_str      0x00000000    0x195ef
 .debug_str     0x00000000    0x195ef /tmp/ccMKcLAO.o
                              0x1235f (size before relaxing)
 .debug_str     0x000195ef     0x3940 /tmp/cceAeHFQ.o
 .debug_str     0x000195ef     0x8181 /tmp/ccExNqlu.o
 .debug_str     0x000195ef    0x1461b /tmp/ccUgzpAK.o
 .debug_str     0x000195ef    0x13532 /tmp/ccuRrMyb.o
 .debug_str     0x000195ef    0x1089c /tmp/cc6cQ8g8.o
 .debug_str     0x000195ef    0x139a3 /tmp/ccojA2kM.o
 .debug_str     0x000195ef     0xf143 /tmp/ccEAICvA.o
 .debug_str     0x000195ef    0x12453 /tmp/ccNgJF7f.o
 .debug_str     0x000195ef      0x1a5 /usr/lib/gcc/arm-none-eabi/13.2.1/../../../arm-none-eabi/lib/thumb/v7-m/nofp/libg_nano.a(libc_a-memset.o)
 .debug_str     0x000195ef       0xa8 /usr/lib/gcc/arm-none-eabi/13.2.1/../../../arm-none-eabi/lib/thumb/v7-m/nofp/libg_nano.a(libc_a-memcpy.o)
 .debug_str     0x000195ef      0x4ef /usr/lib/gcc/arm-none-eabi/13.2.1/../../../arm-none-eabi/lib/thumb/v7-m/nofp/libg_nano.a(libc_a-printf.o)
 .debug_str     0x000195ef      0x821 /usr/lib/gcc/arm-none-eabi/13.2.1/../../../arm-none-eabi/lib/thumb/v7-m/nofp/libg_nano.a(libc_a-nano-vfprintf.o)
 .debug_str     0x000195ef      0x4ea /usr/lib/gcc/arm-none-eabi/13.2.1/../../../arm-none-eabi/lib/thumb/v7-m/nofp/libg_nano.a(libc_a-wbuf.o)
 .debug_str     0x000195ef      0x4b4 /usr/lib/gcc/arm-none-eabi/13.2.1/../../../arm-none-eabi/lib/thumb/v7-m/nofp/libg_nano.a(libc_a-impure.o)
 .debug_str     0x000195ef      0x558 /usr/lib/gcc/arm-none-eabi/13.2.1/../../../arm-none-eabi/lib/thumb/v7-m/nofp/libg_nano.a(libc_a-fvwrite.o)
 .debug_str     0x000195ef      0x6b7 /usr/lib/gcc/arm-none-eabi/13.2.1/../../../arm-none-eabi/lib/thumb/v7-m/nofp/libg_nano.a(libc_a-findfp.o)
 .debug_str     0x000195ef      0x53b /usr/lib/gcc/arm-none-eabi/13.2.1/../../../arm-none-eabi/lib/thumb/v7-m/nofp/libg_nano.a(libc_a-fflush.o)
 .debug_str     0x000195ef      0x595 /usr/lib/gcc/arm-none-eabi/13.2.1/../../../arm-none-eabi/lib/thumb/v7-m/nofp/libg_nano.a(libc_a-mallocr.o)
 .debug_str     0x000195ef      0x534 /usr/lib/gcc/arm-none-eabi/13.2.1/../../../arm-none-eabi/lib/thumb/v7-m/nofp/libg_nano.a(libc_a-freer.o)
 .debug_str     0x000195ef      0x1c4 /usr/lib/gcc/arm-none-eabi/13.2.1/../../../arm-none-eabi/lib/thumb/v7-m/nofp/libg_nano.a(libc_a-memmove.o)
 .debug_str     0x000195ef      0x4c4 /usr/lib/gcc/arm-none-eabi/13.2.1/../../../arm-none-eabi/lib/thumb/v7-m/nofp/libg_nano.a(libc_a-fwalk.o)
 .debug_str     0x000195ef      0x4e5 /usr/lib/gcc/arm-none-eabi/13.2.1/../../../arm-none-eabi/lib/thumb/v7-m/nofp/libg_nano.a(libc_a-wsetup.o)
 .debug_str     0x000195ef      0x52a /usr/lib/gcc/arm-none-eabi/13.2.1/../../../arm-none-eabi/lib/thumb/v7-m/nofp/libg_nano.a(libc_a-reallocr.o)
 .debug_str     0x000195ef      0x793 /usr/lib/gcc/arm-none-eabi/13.2.1/../../../arm-none-eabi/lib/thumb/v7-m/nofp/libg_nano.a(libc_a-nano-vfprintf_i.o)
 .debug_str     0x000195ef      0x4d2 /usr/lib/gcc/arm-none-eabi/13.2.1/../../../arm-none-eabi/lib/thumb/v7-m/nofp/libg_nano.a(libc_a-mlock.o)
 .debug_str     0x000195ef      0x647 /usr/lib/gcc/arm-none-eabi/13.2.1/../../../arm-none-eabi/lib/thumb/v7-m/nofp/libg_nano.a(libc_a-makebuf.o)
 .debug_str     0x000195ef      0x1b5 /usr/lib/gcc/arm-none-eabi/13.2.1/../../../arm-none-eabi/lib/thumb/v7-m/nofp/libg_nano.a(libc_a-memchr-stub.o)
 .debug_str     0x000195ef      0x4b4 /usr/lib/gcc/arm-none-eabi/13.2.1/../../../arm-none-eabi/lib/thumb/v7-m/nofp/libg_nano.a(libc_a-isattyr.o)
 .debug_str     0x000195ef      0x4bd /usr/lib/gcc/arm-none-eabi/13.2.1/../../../arm-none-eabi/lib/thumb/v7-m/nofp/libg_nano.a(libc_a-sbrkr.o)
 .debug_str     0x000195ef      0x521 /usr/lib/gcc/arm-none-eabi/13.2.1/../../../arm-none-eabi/lib/thumb/v7-m/nofp/libg_nano.a(libc_a-stdio.o)
 .debug_str     0x000195ef      0x4fd /usr/lib/gcc/arm-none-eabi/13.2.1/../../../arm-none-eabi/lib/thumb/v7-m/nofp/libg_nano.a(libc_a-msizer.o)
 .debug_str     0x000195ef      0x4aa /usr/lib/gcc/arm-none-eabi/13.2.1/../../../arm-none-eabi/lib/thumb/v7-m/nofp/libg_nano.a(libc_a-closer.o)
 .debug_str     0x000195ef      0x4b8 /usr/lib/gcc/arm-none-eabi/13.2.1/../../../arm-none-eabi/lib/thumb/v7-m/nofp/libg_nano.a(libc_a-readr.o)
 .debug_str     0x000195ef      0x4d3 /usr/lib/gcc/arm-none-eabi/13.2.1/../../../arm-none-eabi/lib/thumb/v7-m/nofp/libg_nano.a(libc_a-reent.o)
 .debug_str     0x000195ef      0x5fc /usr/lib/gcc/arm-none-eabi/13.2.1/../../../arm-none-eabi/lib/thumb/v7-m/nofp/libg_nano.a(libc_a-fstatr.o)
 .debug_str     0x000195ef      0x4b8 /usr/lib/gcc/arm-none-eabi/13.2.1/../../../arm-none-eabi/lib/thumb/v7-m/nofp/libg_nano.a(libc_a-lseekr.o)
 .debug_str     0x000195ef      0x4ba /usr/lib/gcc/arm-none-eabi/13.2.1/../../../arm-none-eabi/lib/thumb/v7-m/nofp/libg_nano.a(libc_a-writer.o)

.comment        0x00000000       0x26
 .comment       0x00000000       0x26 /tmp/ccMKcLAO.o
                                 0x27 (size before relaxing)
 .comment       0x00000026       0x27 /tmp/cceAeHFQ.o
 .comment       0x00000026       0x27 /tmp/ccExNqlu.o
 .comment       0x00000026       0x27 /tmp/ccUgzpAK.o
 .comment       0x00000026       0x27 /tmp/ccuRrMyb.o
 .comment       0x00000026       0x27 /tmp/cc6cQ8g8.o
 .comment       0x00000026       0x27 /tmp/ccojA2kM.o
 .comment       0x00000026       0x27 /tmp/ccEAICvA.o
 .comment       0x00000026       0x27 /tmp/ccNgJF7f.o
 .comment       0x00000026       0x27 /usr/lib/gcc/arm-none-eabi/13.2.1/../../../arm-none-eabi/lib/thumb/v7-m/nofp/libg_nano.a(libc_a-memset.o)
 .comment       0x00000026       0x27 /usr/lib/gcc/arm-none-eabi/13.2.1/../../../arm-none-eabi/lib/thumb/v7-m/nofp/libg_nano.a(libc_a-printf.o)
 .comment       0x00000026       0x27 /usr/lib/gcc/arm-none-eabi/13.2.1/../../../arm-none-eabi/lib/thumb/v7-m/nofp/libg_nano.a(libc_a-nano-vfprintf.o)
 .comment       0x00000026       0x27 /usr/lib/gcc/arm-none-eabi/13.2.1/../../../arm-none-eabi/lib/thumb/v7-m/nofp/libg_nano.a(libc_a-wbuf.o)
 .comment       0x00000026       0x27 /usr/lib/gcc/arm-none-eabi/13.2.1/../../../arm-none-eabi/lib/thumb/v7-m/nofp/libg_nano.a(libc_a-impure.o)
 .comment       0x00000026       0x27 /usr/lib/gcc/arm-none-eabi/13.2.1/../../../arm-none-eabi/lib/thumb/v7-m/nofp/libg_nano.a(libc_a-fvwrite.o)
 .comment       0x00000026       0x27 /usr/lib/gcc/arm-none-eabi/13.2.1/../../../arm-none-eabi/lib/thumb/v7-m/nofp/libg_nano.a(libc_a-findfp.o)
 .comment       0x00000026       0x27 /usr/lib/gcc/arm-none-eabi/13.2.1/../../../arm-none-eabi/lib/thumb/v7-m/nofp/libg_nano.a(libc_a-fflush.o)
 .comment       0x00000026       0x27 /usr/lib/gcc/arm-none-eabi/13.2.1/../../../arm-none-eabi/lib/thumb/v7-m/nofp/libg_nano.a(libc_a-mallocr.o)
 .comment       0x00000026       0x27 /usr/lib/gcc/arm-none-eabi/13.2.1/../../../arm-none-eabi/lib/thumb/v7-m/nofp/libg_nano.a(libc_a-freer.o)
 .comment       0x00000026       0x27 /usr/lib/gcc/arm-none-eabi/13.2.1/../../../arm-none-eabi/lib/thumb/v7-m/nofp/libg_nano.a(libc_a-memmove.o)
 .comment       0x00000026       0x27 /usr/lib/gcc/arm-none-eabi/13.2.1/../../../arm-none-eabi/lib/thumb/v7-m/nofp/libg_nano.a(libc_a-fwalk.o)
 .comment       0x00000026       0x27 /usr/lib/gcc/arm-none-eabi/13.2.1/../../../arm-none-eabi/lib/thumb/v7-m/nofp/libg_nano.a(libc_a-wsetup.o)
 .comment       0x00000026       0x27 /usr/lib/gcc/arm-none-eabi/13.2.1/../../../arm-none-eabi/lib/thumb/v7-m/nofp/libg_nano.a(libc_a-reallocr.o)
 .comment       0x00000026       0x27 /usr/lib/gcc/arm-none-eabi/13.2.1/../../../arm-none-eabi/lib/thumb/v7-m/nofp/libg_nano.a(libc_a-nano-vfprintf_i.o)
 .comment       0x00000026       0x27 /usr/lib/gcc/arm-none-eabi/13.2.1/../../../arm-none-eabi/lib/thumb/v7-m/nofp/libg_nano.a(libc_a-mlock.o)
 .comment       0x00000026       0x27 /usr/lib/gcc/arm-none-eabi/13.2.1/../../../arm-none-eabi/lib/thumb/v7-m/nofp/libg_nano.a(libc_a-makebuf.o)
 .comment       0x00000026       0x27 /usr/lib/gcc/arm-none-eabi/13.2.1/../../../arm-none-eabi/lib/thumb/v7-m/nofp/libg_nano.a(libc_a-memchr-stub.o)
 .comment       0x00000026       0x27 /usr/lib/gcc/arm-none-eabi/13.2.1/../../../arm-none-eabi/lib/thumb/v7-m/nofp/libg_nano.a(libc_a-isattyr.o)
 .comment       0x00000026       0x27 /usr/lib/gcc/arm-none-eabi/13.2.1/../../../arm-none-eabi/lib/thumb/v7-m/nofp/libg_nano.a(libc_a-sbrkr.o)
 .comment       0x00000026       0x27 /usr/lib/gcc/arm-none-eabi/13.2.1/../../../arm-none-eabi/lib/thumb/v7-m/nofp/libg_nano.a(libc_a-stdio.o)
 .comment       0x00000026       0x27 /usr/lib/gcc/arm-none-eabi/13.2.1/../../../arm-none-eabi/lib/thumb/v7-m/nofp/libg_nano.a(libc_a-msizer.o)
 .comment       0x00000026       0x27 /usr/lib/gcc/arm-none-eabi/13.2.1/../../../arm-none-eabi/lib/thumb/v7-m/nofp/libg_nano.a(libc_a-closer.o)
 .comment       0x00000026       0x27 /usr/lib/gcc/arm-none-eabi/13.2.1/../../../arm-none-eabi/lib/thumb/v7-m/nofp/libg_nano.a(libc_a-readr.o)
 .comment       0x00000026       0x27 /usr/lib/gcc/arm-none-eabi/13.2.1/../../../arm-none-eabi/lib/thumb/v7-m/nofp/libg_nano.a(libc_a-reent.o)
 .comment       0x00000026       0x27 /usr/lib/gcc/arm-none-eabi/13.2.1/../../../arm-none-eabi/lib/thumb/v7-m/nofp/libg_nano.a(libc_a-fstatr.o)
 .comment       0x00000026       0x27 /usr/lib/gcc/arm-none-eabi/13.2.1/../../../arm-none-eabi/lib/thumb/v7-m/nofp/libg_nano.a(libc_a-lseekr.o)
 .comment       0x00000026       0x27 /usr/lib/gcc/arm-none-eabi/13.2.1/../../../arm-none-eabi/lib/thumb/v7-m/nofp/libg_nano.a(libc_a-writer.o)

.ARM.attributes
                0x00000000       0x2b
 .ARM.attributes
                0x00000000       0x2d /tmp/ccMKcLAO.o
 .ARM.attributes
                0x0000002d       0x2d /tmp/cceAeHFQ.o
 .ARM.attributes
                0x0000005a       0x2d /tmp/ccExNqlu.o
 .ARM.attributes
                0x00000087       0x2d /tmp/ccUgzpAK.o
 .ARM.attributes
                0x000000b4       0x2d /tmp/ccuRrMyb.o
 .ARM.attributes
                0x000000e1       0x2d /tmp/cc6cQ8g8.o
 .ARM.attributes
                0x0000010e       0x2d /tmp/ccojA2kM.o
 .ARM.attributes
                0x0000013b       0x2d /tmp/ccEAICvA.o
 .ARM.attributes
                0x00000168       0x2d /tmp/ccNgJF7f.o
 .ARM.attributes
                0x00000195       0x2d /usr/lib/gcc/arm-none-eabi/13.2.1/../../../arm-none-eabi/lib/thumb/v7-m/nofp/libg_nano.a(libc_a-memset.o)
 .ARM.attributes
                0x000001c2       0x1b /usr/lib/gcc/arm-none-eabi/13.2.1/../../../arm-none-eabi/lib/thumb/v7-m/nofp/libg_nano.a(libc_a-memcpy.o)
 .ARM.attributes
                0x000001dd       0x2d /usr/lib/gcc/arm-none-eabi/13.2.1/../../../arm-none-eabi/lib/thumb/v7-m/nofp/libg_nano.a(libc_a-printf.o)
 .ARM.attributes
                0x0000020a       0x2d /usr/lib/gcc/arm-none-eabi/13.2.1/../../../arm-none-eabi/lib/thumb/v7-m/nofp/libg_nano.a(libc_a-nano-vfprintf.o)
 .ARM.attributes
                0x00000237       0x2d /usr/lib/gcc/arm-none-eabi/13.2.1/../../../arm-none-eabi/lib/thumb/v7-m/nofp/libg_nano.a(libc_a-wbuf.o)
 .ARM.attributes
                0x00000264       0x2d /usr/lib/gcc/arm-none-eabi/13.2.1/../../../arm-none-eabi/lib/thumb/v7-m/nofp/libg_nano.a(libc_a-impure.o)
 .ARM.attributes
                0x00000291       0x2d /usr/lib/gcc/arm-none-eabi/13.2.1/../../../arm-none-eabi/lib/thumb/v7-m/nofp/libg_nano.a(libc_a-fvwrite.o)
 .ARM.attributes
                0x000002be       0x2d /usr/lib/gcc/arm-none-eabi/13.2.1/../../../arm-none-eabi/lib/thumb/v7-m/nofp/libg_nano.a(libc_a-findfp.o)
 .ARM.attributes
                0x000002eb       0x2d /usr/lib/gcc/arm-none-eabi/13.2.1/../../../arm-none-eabi/lib/thumb/v7-m/nofp/libg_nano.a(libc_a-fflush.o)
 .ARM.attributes
                0x00000318       0x2d /usr/lib/gcc/arm-none-eabi/13.2.1/../../../arm-none-eabi/lib/thumb/v7-m/nofp/libg_nano.a(libc_a-mallocr.o)
 .ARM.attributes
                0x00000345       0x2d /usr/lib/gcc/arm-none-eabi/13.2.1/../../../arm-none-eabi/lib/thumb/v7-m/nofp/libg_nano.a(libc_a-freer.o)
 .ARM.attributes
                0x00000372       0x2d /usr/lib/gcc/arm-none-eabi/13.2.1/../../../arm-none-eabi/lib/thumb/v7-m/nofp/libg_nano.a(libc_a-memmove.o)
 .ARM.attributes
                0x0000039f       0x2d /usr/lib/gcc/arm-none-eabi/13.2.1/../../../arm-none-eabi/lib/thumb/v7-m/nofp/libg_nano.a(libc_a-fwalk.o)
 .ARM.attributes
                0x000003cc       0x2d /usr/lib/gcc/arm-none-eabi/13.2.1/../../../arm-none-eabi/lib/thumb/v7-m/nofp/libg_nano.a(libc_a-wsetup.o)
 .ARM.attributes
                0x000003f9       0x2d /usr/lib/gcc/arm-none-eabi/13.2.1/../../../arm-none-eabi/lib/thumb/v7-m/nofp/libg_nano.a(libc_a-reallocr.o)
 .ARM.attributes
                0x00000426       0x2d /usr/lib/gcc/arm-none-eabi/13.2.1/../../../arm-none-eabi/lib/thumb/v7-m/nofp/libg_nano.a(libc_a-nano-vfprintf_i.o)
 .ARM.attributes
                0x00000453       0x2d /usr/lib/gcc/arm-none-eabi/13.2.1/../../../arm-none-eabi/lib/thumb/v7-m/nofp/libg_nano.a(libc_a-mlock.o)
 .ARM.attributes
                0x00000480       0x2d /usr/lib/gcc/arm-none-eabi/13.2.1/../../../arm-none-eabi/lib/thumb/v7-m/nofp/libg_nano.a(libc_a-makebuf.o)
 .ARM.attributes
                0x000004ad       0x2d /usr/lib/gcc/arm-none-eabi/13.2.1/../../../arm-none-eabi/lib/thumb/v7-m/nofp/libg_nano.a(libc_a-memchr-stub.o)
 .ARM.attributes
                0x000004da       0x2d /usr/lib/gcc/arm-none-eabi/13.2.1/../../../arm-none-eabi/lib/thumb/v7-m/nofp/libg_nano.a(libc_a-isattyr.o)
 .ARM.attributes
                0x00000507       0x2d /usr/lib/gcc/arm-none-eabi/13.2.1/../../../arm-none-eabi/lib/thumb/v7-m/nofp/libg_nano.a(libc_a-sbrkr.o)
 .ARM.attributes
                0x00000534       0x2d /usr/lib/gcc/arm-none-eabi/13.2.1/../../../arm-none-eabi/lib/thumb/v7-m/nofp/libg_nano.a(libc_a-stdio.o)
 .ARM.attributes
                0x00000561       0x2d /usr/lib/gcc/arm-none-eabi/13.2.1/../../../arm-none-eabi/lib/thumb/v7-m/nofp/libg_nano.a(libc_a-msizer.o)
 .ARM.attributes
                0x0000058e       0x2d /usr/lib/gcc/arm-none-eabi/13.2.1/../../../arm-none-eabi/lib/thumb/v7-m/nofp/libg_nano.a(libc_a-closer.o)
 .ARM.attributes
                0x000005bb       0x2d /usr/lib/gcc/arm-none-eabi/13.2.1/../../../arm-none-eabi/lib/thumb/v7-m/nofp/libg_nano.a(libc_a-readr.o)
 .ARM.attributes
                0x000005e8       0x2d /usr/lib/gcc/arm-none-eabi/13.2.1/../../../arm-none-eabi/lib/thumb/v7-m/nofp/libg_nano.a(libc_a-reent.o)
 .ARM.attributes
                0x00000615       0x2d /usr/lib/gcc/arm-none-eabi/13.2.1/../../../arm-none-eabi/lib/thumb/v7-m/nofp/libg_nano.a(libc_a-fstatr.o)
 .ARM.attributes
                0x00000642       0x2d /usr/lib/gcc/arm-none-eabi/13.2.1/../../../arm-none-eabi/lib/thumb/v7-m/nofp/libg_nano.a(libc_a-lseekr.o)
 .ARM.attributes
                0x0000066f       0x2d /usr/lib/gcc/arm-none-eabi/13.2.1/../../../arm-none-eabi/lib/thumb/v7-m/nofp/libg_nano.a(libc_a-writer.o)

.debug_frame    0x00000000     0x1cd8
 .debug_frame   0x00000000       0xc8 /tmp/ccMKcLAO.o
 .debug_frame   0x000000c8       0x48 /tmp/cceAeHFQ.o
 .debug_frame   0x00000110       0xd4 /tmp/ccExNqlu.o
 .debug_frame   0x000001e4      0x868 /tmp/ccUgzpAK.o
 .debug_frame   0x00000a4c      0x478 /tmp/ccuRrMyb.o
 .debug_frame   0x00000ec4       0x88 /tmp/cc6cQ8g8.o
 .debug_frame   0x00000f4c      0x324 /tmp/ccojA2kM.o
 .debug_frame   0x00001270      0x11c /tmp/ccEAICvA.o
 .debug_frame   0x0000138c      0x114 /tmp/ccNgJF7f.o
 .debug_frame   0x000014a0       0x2c /usr/lib/gcc/arm-none-eabi/13.2.1/../../../arm-none-eabi/lib/thumb/v7-m/nofp/libg_nano.a(libc_a-memset.o)
 .debug_frame   0x000014cc       0x74 /usr/lib/gcc/arm-none-eabi/13.2.1/../../../arm-none-eabi/lib/thumb/v7-m/nofp/libg_nano.a(libc_a-printf.o)
 .debug_frame   0x00001540       0xac /usr/lib/gcc/arm-none-eabi/13.2.1/../../../arm-none-eabi/lib/thumb/v7-m/nofp/libg_nano.a(libc_a-nano-vfprintf.o)
 .debug_frame   0x000015ec       0x40 /usr/lib/gcc/arm-none-eabi/13.2.1/../../../arm-none-eabi/lib/thumb/v7-m/nofp/libg_nano.a(libc_a-wbuf.o)
 .debug_frame   0x0000162c       0x64 /usr/lib/gcc/arm-none-eabi/13.2.1/../../../arm-none-eabi/lib/thumb/v7-m/nofp/libg_nano.a(libc_a-fvwrite.o)
 .debug_frame   0x00001690       0xf4 /usr/lib/gcc/arm-none-eabi/13.2.1/../../../arm-none-eabi/lib/thumb/v7-m/nofp/libg_nano.a(libc_a-findfp.o)
 .debug_frame   0x00001784       0x8c /usr/lib/gcc/arm-none-eabi/13.2.1/../../../arm-none-eabi/lib/thumb/v7-m/nofp/libg_nano.a(libc_a-fflush.o)
 .debug_frame   0x00001810       0x50 /usr/lib/gcc/arm-none-eabi/13.2.1/../../../arm-none-eabi/lib/thumb/v7-m/nofp/libg_nano.a(libc_a-mallocr.o)
 .debug_frame   0x00001860       0x58 /usr/lib/gcc/arm-none-eabi/13.2.1/../../../arm-none-eabi/lib/thumb/v7-m/nofp/libg_nano.a(libc_a-freer.o)
 .debug_frame   0x000018b8       0x40 /usr/lib/gcc/arm-none-eabi/13.2.1/../../../arm-none-eabi/lib/thumb/v7-m/nofp/libg_nano.a(libc_a-memmove.o)
 .debug_frame   0x000018f8       0x34 /usr/lib/gcc/arm-none-eabi/13.2.1/../../../arm-none-eabi/lib/thumb/v7-m/nofp/libg_nano.a(libc_a-fwalk.o)
 .debug_frame   0x0000192c       0x2c /usr/lib/gcc/arm-none-eabi/13.2.1/../../../arm-none-eabi/lib/thumb/v7-m/nofp/libg_nano.a(libc_a-wsetup.o)
 .debug_frame   0x00001958       0x38 /usr/lib/gcc/arm-none-eabi/13.2.1/../../../arm-none-eabi/lib/thumb/v7-m/nofp/libg_nano.a(libc_a-reallocr.o)
 .debug_frame   0x00001990       0x6c /usr/lib/gcc/arm-none-eabi/13.2.1/../../../arm-none-eabi/lib/thumb/v7-m/nofp/libg_nano.a(libc_a-nano-vfprintf_i.o)
 .debug_frame   0x000019fc       0x30 /usr/lib/gcc/arm-none-eabi/13.2.1/../../../arm-none-eabi/lib/thumb/v7-m/nofp/libg_nano.a(libc_a-mlock.o)
 .debug_frame   0x00001a2c       0x60 /usr/lib/gcc/arm-none-eabi/13.2.1/../../../arm-none-eabi/lib/thumb/v7-m/nofp/libg_nano.a(libc_a-makebuf.o)
 .debug_frame   0x00001a8c       0x2c /usr/lib/gcc/arm-none-eabi/13.2.1/../../../arm-none-eabi/lib/thumb/v7-m/nofp/libg_nano.a(libc_a-memchr-stub.o)
 .debug_frame   0x00001ab8       0x2c /usr/lib/gcc/arm-none-eabi/13.2.1/../../../arm-none-eabi/lib/thumb/v7-m/nofp/libg_nano.a(libc_a-isattyr.o)
 .debug_frame   0x00001ae4       0x2c /usr/lib/gcc/arm-none-eabi/13.2.1/../../../arm-none-eabi/lib/thumb/v7-m/nofp/libg_nano.a(libc_a-sbrkr.o)
 .debug_frame   0x00001b10       0x8c /usr/lib/gcc/arm-none-eabi/13.2.1/../../../arm-none-eabi/lib/thumb/v7-m/nofp/libg_nano.a(libc_a-stdio.o)
 .debug_frame   0x00001b9c       0x20 /usr/lib/gcc/arm-none-eabi/13.2.1/../../../arm-none-eabi/lib/thumb/v7-m/nofp/libg_nano.a(libc_a-msizer.o)
 .debug_frame   0x00001bbc       0x2c /usr/lib/gcc/arm-none-eabi/13.2.1/../../../arm-none-eabi/lib/thumb/v7-m/nofp/libg_nano.a(libc_a-closer.o)
 .debug_frame   0x00001be8       0x2c /usr/lib/gcc/arm-none-eabi/13.2.1/../../../arm-none-eabi/lib/thumb/v7-m/nofp/libg_nano.a(libc_a-readr.o)
 .debug_frame   0x00001c14       0x40 /usr/lib/gcc/arm-none-eabi/13.2.1/../../../arm-none-eabi/lib/thumb/v7-m/nofp/libg_nano.a(libc_a-reent.o)
 .debug_frame   0x00001c54       0x2c /usr/lib/gcc/arm-none-eabi/13.2.1/../../../arm-none-eabi/lib/thumb/v7-m/nofp/libg_nano.a(libc_a-fstatr.o)
 .debug_frame   0x00001c80       0x2c /usr/lib/gcc/arm-none-eabi/13.2.1/../../../arm-none-eabi/lib/thumb/v7-m/nofp/libg_nano.a(libc_a-lseekr.o)
 .debug_frame   0x00001cac       0x2c /usr/lib/gcc/arm-none-eabi/13.2.1/../../../arm-none-eabi/lib/thumb/v7-m/nofp/libg_nano.a(libc_a-writer.o)

.debug_line_str
                0x00000000       0x95
 .debug_line_str
                0x00000000       0x95 /usr/lib/gcc/arm-none-eabi/13.2.1/../../../arm-none-eabi/lib/thumb/v7-m/nofp/libg_nano.a(libc_a-memcpy.o)
