Archive member included to satisfy reference by file (symbol)

/usr/lib/gcc/arm-none-eabi/13.2.1/../../../arm-none-eabi/lib/thumb/v7-m/nofp/libg_nano.a(libc_a-strlen-stub.o)
                              /tmp/cc2Rr1Ru.o (strlen)
/usr/lib/gcc/arm-none-eabi/13.2.1/../../../arm-none-eabi/lib/thumb/v7-m/nofp/libg_nano.a(libc_a-memset.o)
                              /tmp/cc2Rr1Ru.o (memset)
/usr/lib/gcc/arm-none-eabi/13.2.1/../../../arm-none-eabi/lib/thumb/v7-m/nofp/libg_nano.a(libc_a-memcpy.o)
                              /tmp/cchrk9sr.o (memcpy)
/usr/lib/gcc/arm-none-eabi/13.2.1/../../../arm-none-eabi/lib/thumb/v7-m/nofp/libg_nano.a(libc_a-strcmp.o)
                              /tmp/ccZgjSrg.o (strcmp)
/usr/lib/gcc/arm-none-eabi/13.2.1/../../../arm-none-eabi/lib/thumb/v7-m/nofp/libg_nano.a(libc_a-printf.o)
                              /tmp/ccZgjSrg.o (printf)
/usr/lib/gcc/arm-none-eabi/13.2.1/../../../arm-none-eabi/lib/thumb/v7-m/nofp/libg_nano.a(libc_a-nano-vfprintf.o)
                              /usr/lib/gcc/arm-none-eabi/13.2.1/../../../arm-none-eabi/lib/thumb/v7-m/nofp/libg_nano.a(libc_a-printf.o) (_vfprintf_r)
/usr/lib/gcc/arm-none-eabi/13.2.1/../../../arm-none-eabi/lib/thumb/v7-m/nofp/libg_nano.a(libc_a-wbuf.o)
                              /usr/lib/gcc/arm-none-eabi/13.2.1/../../../arm-none-eabi/lib/thumb/v7-m/nofp/libg_nano.a(libc_a-nano-vfprintf.o) (__swbuf_r)
/usr/lib/gcc/arm-none-eabi/13.2.1/../../../arm-none-eabi/lib/thumb/v7-m/nofp/libg_nano.a(libc_a-impure.o)
                              /usr/lib/gcc/arm-none-eabi/13.2.1/../../../arm-none-eabi/lib/thumb/v7-m/nofp/libg_nano.a(libc_a-printf.o) (_impure_ptr)
/usr/lib/gcc/arm-none-eabi/13.2.1/../../../arm-none-eabi/lib/thumb/v7-m/nofp/libg_nano.a(libc_a-fvwrite.o)
                              /usr/lib/gcc/arm-none-eabi/13.2.1/../../../arm-none-eabi/lib/thumb/v7-m/nofp/libg_nano.a(libc_a-nano-vfprintf.o) (__sfvwrite_r)
/usr/lib/gcc/arm-none-eabi/13.2.1/../../../arm-none-eabi/lib/thumb/v7-m/nofp/libg_nano.a(libc_a-findfp.o)
                              /usr/lib/gcc/arm-none-eabi/13.2.1/../../../arm-none-eabi/lib/thumb/v7-m/nofp/libg_nano.a(libc_a-nano-vfprintf.o) (__sinit)
/usr/lib/gcc/arm-none-eabi/13.2.1/../../../arm-none-eabi/lib/thumb/v7-m/nofp/libg_nano.a(libc_a-fflush.o)
                              /usr/lib/gcc/arm-none-eabi/13.2.1/../../../arm-none-eabi/lib/thumb/v7-m/nofp/libg_nano.a(libc_a-wbuf.o) (_fflush_r)
/usr/lib/gcc/arm-none-eabi/13.2.1/../../../arm-none-eabi/lib/thumb/v7-m/nofp/libg_nano.a(libc_a-mallocr.o)
                              /usr/lib/gcc/arm-none-eabi/13.2.1/../../../arm-none-eabi/lib/thumb/v7-m/nofp/libg_nano.a(libc_a-fvwrite.o) (_malloc_r)
/usr/lib/gcc/arm-none-eabi/13.2.1/../../../arm-none-eabi/lib/thumb/v7-m/nofp/libg_nano.a(libc_a-freer.o)
                              /usr/lib/gcc/arm-none-eabi/13.2.1/../../../arm-none-eabi/lib/thumb/v7-m/nofp/libg_nano.a(libc_a-fvwrite.o) (_free_r)
/usr/lib/gcc/arm-none-eabi/13.2.1/../../../arm-none-eabi/lib/thumb/v7-m/nofp/libg_nano.a(libc_a-memmove.o)
                              /usr/lib/gcc/arm-none-eabi/13.2.1/../../../arm-none-eabi/lib/thumb/v7-m/nofp/libg_nano.a(libc_a-fvwrite.o) (memmove)
/usr/lib/gcc/arm-none-eabi/13.2.1/../../../arm-none-eabi/lib/thumb/v7-m/nofp/libg_nano.a(libc_a-fwalk.o)
                              /usr/lib/gcc/arm-none-eabi/13.2.1/../../../arm-none-eabi/lib/thumb/v7-m/nofp/libg_nano.a(libc_a-findfp.o) (_fwalk_sglue)
/usr/lib/gcc/arm-none-eabi/13.2.1/../../../arm-none-eabi/lib/thumb/v7-m/nofp/libg_nano.a(libc_a-wsetup.o)
                              /usr/lib/gcc/arm-none-eabi/13.2.1/../../../arm-none-eabi/lib/thumb/v7-m/nofp/libg_nano.a(libc_a-nano-vfprintf.o) (__swsetup_r)
/usr/lib/gcc/arm-none-eabi/13.2.1/../../../arm-none-eabi/lib/thumb/v7-m/nofp/libg_nano.a(libc_a-reallocr.o)
                              /usr/lib/gcc/arm-none-eabi/13.2.1/../../../arm-none-eabi/lib/thumb/v7-m/nofp/libg_nano.a(libc_a-fvwrite.o) (_realloc_r)
/usr/lib/gcc/arm-none-eabi/13.2.1/../../../arm-none-eabi/lib/thumb/v7-m/nofp/libg_nano.a(libc_a-nano-vfprintf_i.o)
                              /usr/lib/gcc/arm-none-eabi/13.2.1/../../../arm-none-eabi/lib/thumb/v7-m/nofp/libg_nano.a(libc_a-nano-vfprintf.o) (_printf_i)
/usr/lib/gcc/arm-none-eabi/13.2.1/../../../arm-none-eabi/lib/thumb/v7-m/nofp/libg_nano.a(libc_a-mlock.o)
                              /usr/lib/gcc/arm-none-eabi/13.2.1/../../../arm-none-eabi/lib/thumb/v7-m/nofp/libg_nano.a(libc_a-mallocr.o) (__malloc_lock)
/usr/lib/gcc/arm-none-eabi/13.2.1/../../../arm-none-eabi/lib/thumb/v7-m/nofp/libg_nano.a(libc_a-makebuf.o)
                              /usr/lib/gcc/arm-none-eabi/13.2.1/../../../arm-none-eabi/lib/thumb/v7-m/nofp/libg_nano.a(libc_a-wsetup.o) (__smakebuf_r)
/usr/lib/gcc/arm-none-eabi/13.2.1/../../../arm-none-eabi/lib/thumb/v7-m/nofp/libg_nano.a(libc_a-memchr-stub.o)
[...]
Memory Configuration

Name             Origin             Length             Attributes
FLASH            0x00000000         0x00040000         xr
RAM              0x20000000         0x00010000         xrw
*default*        0x00000000         0xffffffff

Linker script and memory map

LOAD /tmp/ccZgjSrg.o
LOAD /tmp/ccjkPnUL.o
LOAD /tmp/ccXg5BAv.o
LOAD /tmp/ccSH4vaM.o
LOAD /tmp/ccuYn7H3.o
LOAD /tmp/ccLf6hbE.o
LOAD /tmp/cc2Rr1Ru.o
LOAD /tmp/cchrk9sr.o
LOAD /tmp/ccv4qBDE.o
LOAD /tmp/ccrcgTiF.o
LOAD /tmp/cca3VYMI.o
LOAD /tmp/cclcJXlA.o
LOAD /tmp/cc60Jkm7.o
LOAD /tmp/ccasvc0Q.o
START GROUP
LOAD /usr/lib/gcc/arm-none-eabi/13.2.1/thumb/v7-m/nofp/libgcc.a
LOAD /usr/lib/gcc/arm-none-eabi/13.2.1/../../../arm-none-eabi/lib/thumb/v7-m/nofp/libg_nano.a
LOAD /usr/lib/gcc/arm-none-eabi/13.2.1/../../../arm-none-eabi/lib/thumb/v7-m/nofp/libc_nano.a
END GROUP
START GROUP
LOAD /usr/lib/gcc/arm-none-eabi/13.2.1/thumb/v7-m/nofp/libgcc.a
LOAD /usr/lib/gcc/arm-none-eabi/13.2.1/../../../arm-none-eabi/lib/thumb/v7-m/nofp/libc_nano.a
LOAD /usr/lib/gcc/arm-none-eabi/13.2.1/../../../arm-none-eabi/lib/thumb/v7-m/nofp/libnosys.a
END GROUP
START GROUP
LOAD /usr/lib/gcc/arm-none-eabi/13.2.1/thumb/v7-m/nofp/libgcc.a
LOAD /usr/lib/gcc/arm-none-eabi/13.2.1/../../../arm-none-eabi/lib/thumb/v7-m/nofp/libc_nano.a
LOAD /usr/lib/gcc/arm-none-eabi/13.2.1/../../../arm-none-eabi/lib/thumb/v7-m/nofp/libnosys.a
END GROUP
                0x20010000                        _estack = (ORIGIN (RAM) + LENGTH (RAM))
                0x00002000                        _Min_Heap_Size = 0x2000
                0x00001000                        _Min_Stack_Size = 0x1000

.text           0x00000000     0x5b80
                0x00000000                        . = ALIGN (0x4)
 *(.isr_vector)
 .isr_vector    0x00000000       0x40 /tmp/ccjkPnUL.o
                0x00000000                vector_table
 *(.text)
 .text          0x00000040       0xa0 /usr/lib/gcc/arm-none-eabi/13.2.1/../../../arm-none-eabi/lib/thumb/v7-m/nofp/libg_nano.a(libc_a-memset.o)
                0x00000040                memset
 .text          0x000000e0       0xec /usr/lib/gcc/arm-none-eabi/13.2.1/../../../arm-none-eabi/lib/thumb/v7-m/nofp/libg_nano.a(libc_a-memcpy.o)
                0x000000e0                memcpy
 .text          0x000001cc      0x1bc /usr/lib/gcc/arm-none-eabi/13.2.1/../../../arm-none-eabi/lib/thumb/v7-m/nofp/libg_nano.a(libc_a-strcmp.o)
                0x000001cc                strcmp
 .text          0x00000388       0x48 /usr/lib/gcc/arm-none-eabi/13.2.1/../../../arm-none-eabi/lib/thumb/v7-m/nofp/libg_nano.a(libc_a-printf.o)
                0x00000388                _printf_r
                0x00000388                _iprintf_r
                0x000003a8                printf
                0x000003a8                iprintf
 .text          0x000003d0      0x2ec /usr/lib/gcc/arm-none-eabi/13.2.1/../../../arm-none-eabi/lib/thumb/v7-m/nofp/libg_nano.a(libc_a-nano-vfprintf.o)
                0x000003f8                __sfputs_r
                0x00000428                __sprint_r
                0x00000448                _vfiprintf_r
                0x00000448                _vfprintf_r
                0x000006a0                vfiprintf
                0x000006a0                vfprintf
 .text          0x000006bc       0x9c /usr/lib/gcc/arm-none-eabi/13.2.1/../../../arm-none-eabi/lib/thumb/v7-m/nofp/libg_nano.a(libc_a-wbuf.o)
                0x000006bc                __swbuf_r
                0x00000744                __swbuf
 .text          0x00000758      0x2ec /usr/lib/gcc/arm-none-eabi/13.2.1/../../../arm-none-eabi/lib/thumb/v7-m/nofp/libg_nano.a(libc_a-fvwrite.o)
                0x00000758                __sfvwrite_r
 .text          0x00000a44      0x224 /usr/lib/gcc/arm-none-eabi/13.2.1/../../../arm-none-eabi/lib/thumb/v7-m/nofp/libg_nano.a(libc_a-findfp.o)
                0x00000b74                __sfp
                0x00000c18                __sinit
                0x00000c38                __sfp_lock_acquire
                0x00000c3c                __sfp_lock_release
                0x00000c40                __fp_lock_all
                0x00000c54                __fp_unlock_all
 .text          0x00000c68      0x198 /usr/lib/gcc/arm-none-eabi/13.2.1/../../../arm-none-eabi/lib/thumb/v7-m/nofp/libg_nano.a(libc_a-fflush.o)
                0x00000c68                __sflush_r
                0x00000d7c                _fflush_r
                0x00000db4                fflush
 .text          0x00000e00      0x14c /usr/lib/gcc/arm-none-eabi/13.2.1/../../../arm-none-eabi/lib/thumb/v7-m/nofp/libg_nano.a(libc_a-mallocr.o)
                0x00000e4c                _malloc_r
 .text          0x00000f4c       0xbc /usr/lib/gcc/arm-none-eabi/13.2.1/../../../arm-none-eabi/lib/thumb/v7-m/nofp/libg_nano.a(libc_a-freer.o)
                0x00000f4c                _free_r
 .text          0x00001008       0xfc /usr/lib/gcc/arm-none-eabi/13.2.1/../../../arm-none-eabi/lib/thumb/v7-m/nofp/libg_nano.a(libc_a-memmove.o)
                0x00001008                memmove
 .text          0x00001104       0x44 /usr/lib/gcc/arm-none-eabi/13.2.1/../../../arm-none-eabi/lib/thumb/v7-m/nofp/libg_nano.a(libc_a-fwalk.o)
                0x00001104                _fwalk_sglue
 .text          0x00001148       0xc4 /usr/lib/gcc/arm-none-eabi/13.2.1/../../../arm-none-eabi/lib/thumb/v7-m/nofp/libg_nano.a(libc_a-wsetup.o)
                0x00001148                __swsetup_r
 .text          0x0000120c       0x64 /usr/lib/gcc/arm-none-eabi/13.2.1/../../../arm-none-eabi/lib/thumb/v7-m/nofp/libg_nano.a(libc_a-reallocr.o)
                0x0000120c                _realloc_r
 .text          0x00001270      0x3a8 /usr/lib/gcc/arm-none-eabi/13.2.1/../../../arm-none-eabi/lib/thumb/v7-m/nofp/libg_nano.a(libc_a-nano-vfprintf_i.o)
                0x00001270                _printf_common
                0x00001394                _printf_i
 .text          0x00001618        0x8 /usr/lib/gcc/arm-none-eabi/13.2.1/../../../arm-none-eabi/lib/thumb/v7-m/nofp/libg_nano.a(libc_a-mlock.o)
                0x00001618                __malloc_lock
                0x0000161c                __malloc_unlock
 .text          0x00001620      0x110 /usr/lib/gcc/arm-none-eabi/13.2.1/../../../arm-none-eabi/lib/thumb/v7-m/nofp/libg_nano.a(libc_a-makebuf.o)
                0x00001620                __smakebuf_r
                0x000016e4                __swhatbuf_r
 .text          0x00001730       0x98 /usr/lib/gcc/arm-none-eabi/13.2.1/../../../arm-none-eabi/lib/thumb/v7-m/nofp/libg_nano.a(libc_a-memchr-stub.o)
                0x00001730                memchr
 .text          0x000017c8       0x24 /usr/lib/gcc/arm-none-eabi/13.2.1/../../../arm-none-eabi/lib/thumb/v7-m/nofp/libg_nano.a(libc_a-isattyr.o)
                0x000017c8                _isatty_r
 .text          0x000017ec       0x24 /usr/lib/gcc/arm-none-eabi/13.2.1/../../../arm-none-eabi/lib/thumb/v7-m/nofp/libg_nano.a(libc_a-sbrkr.o)
                0x000017ec                _sbrk_r
 .text          0x00001810       0x94 /usr/lib/gcc/arm-none-eabi/13.2.1/../../../arm-none-eabi/lib/thumb/v7-m/nofp/libg_nano.a(libc_a-stdio.o)
                0x00001810                __sread
                0x00001834                __seofread
                0x00001838                __swrite
                0x00001878                __sseek
                0x0000189c                __sclose
 .text          0x000018a4       0x10 /usr/lib/gcc/arm-none-eabi/13.2.1/../../../arm-none-eabi/lib/thumb/v7-m/nofp/libg_nano.a(libc_a-msizer.o)
                0x000018a4                _malloc_usable_size_r
 .text          0x000018b4       0x24 /usr/lib/gcc/arm-none-eabi/13.2.1/../../../arm-none-eabi/lib/thumb/v7-m/nofp/libg_nano.a(libc_a-closer.o)
                0x000018b4                _close_r
 .text          0x000018d8       0x2c /usr/lib/gcc/arm-none-eabi/13.2.1/../../../arm-none-eabi/lib/thumb/v7-m/nofp/libg_nano.a(libc_a-readr.o)
                0x000018d8                _read_r
 .text          0x00001904       0x28 /usr/lib/gcc/arm-none-eabi/13.2.1/../../../arm-none-eabi/lib/thumb/v7-m/nofp/libg_nano.a(libc_a-fstatr.o)
                0x00001904                _fstat_r
 .text          0x0000192c       0x2c /usr/lib/gcc/arm-none-eabi/13.2.1/../../../arm-none-eabi/lib/thumb/v7-m/nofp/libg_nano.a(libc_a-lseekr.o)
                0x0000192c                _lseek_r
 .text          0x00001958       0x2c /usr/lib/gcc/arm-none-eabi/13.2.1/../../../arm-none-eabi/lib/thumb/v7-m/nofp/libg_nano.a(libc_a-writer.o)
                0x00001958                _write_r
 *(.text*)
 .text.NoopBody
                0x00001984        0x4 /tmp/ccZgjSrg.o
 .text.prvCount
                0x00001988       0x50 /tmp/ccZgjSrg.o
 .text.prvAssert_S7
                0x000019d8       0x60 /tmp/ccZgjSrg.o
 .text.prvAssert_S2
                0x00001a38       0x64 /tmp/ccZgjSrg.o
 .text.prvAssert_S1
                0x00001a9c       0x64 /tmp/ccZgjSrg.o
 .text.prvAssert_S5
                0x00001b00       0xdc /tmp/ccZgjSrg.o
 .text.prvAssert_S3
                0x00001bdc       0xa4 /tmp/ccZgjSrg.o
 .text.prvRunScenario
                0x00001c80       0x68 /tmp/ccZgjSrg.o
 .text.prvRunnerTask
                0x00001ce8      0x2d4 /tmp/ccZgjSrg.o
 .text.Warmup   0x00001fbc        0x4 /tmp/ccZgjSrg.o
 .text.GoodBody
                0x00001fc0        0x4 /tmp/ccZgjSrg.o
 .text.StressBody
                0x00001fc4       0x18 /tmp/ccZgjSrg.o
 .text.GoodHRT  0x00001fdc       0x18 /tmp/ccZgjSrg.o
 .text.BadHRT   0x00001ff4       0x18 /tmp/ccZgjSrg.o
 .text.SrtBody  0x0000200c       0x18 /tmp/ccZgjSrg.o
 .text.prvAssert_S9
                0x00002024       0xac /tmp/ccZgjSrg.o
 .text.prvAssert_S4
                0x000020d0      0x13c /tmp/ccZgjSrg.o
 .text.prvAssert_S6
                0x0000220c       0xc4 /tmp/ccZgjSrg.o
 .text.prvAssert_S8
                0x000022d0      0x148 /tmp/ccZgjSrg.o
 .text.startup.main
                0x00002418       0x50 /tmp/ccZgjSrg.o
                0x00002418                main
 .text.vApplicationMallocFailedHook
                0x00002468       0x20 /tmp/ccZgjSrg.o
                0x00002468                vApplicationMallocFailedHook
 .text.vApplicationStackOverflowHook
                0x00002488       0x2c /tmp/ccZgjSrg.o
                0x00002488                vApplicationStackOverflowHook
 .text.vApplicationIdleHook
                0x000024b4        0x4 /tmp/ccZgjSrg.o
                0x000024b4                vApplicationIdleHook
 .text.vApplicationTickHook
                0x000024b8        0x4 /tmp/ccZgjSrg.o
                0x000024b8                vApplicationTickHook
 .text.vAssertCalled
                0x000024bc       0x20 /tmp/ccZgjSrg.o
                0x000024bc                vAssertCalled
 .text.vApplicationGetIdleTaskMemory
                0x000024dc       0x1c /tmp/ccZgjSrg.o
                0x000024dc                vApplicationGetIdleTaskMemory
 .text.vApplicationGetTimerTaskMemory
                0x000024f8       0x1c /tmp/ccZgjSrg.o
                0x000024f8                vApplicationGetTimerTaskMemory
 .text.Default_Handler
                0x00002514        0x4 /tmp/ccjkPnUL.o
                0x00002514                DebugMon_Handler
                0x00002514                HardFault_Handler
                0x00002514                NMI_Handler
                0x00002514                UsageFault_Handler
                0x00002514                Default_Handler
                0x00002514                MemManage_Handler
                0x00002514                BusFault_Handler
 .text.SystemInit
                0x00002518        0x4 /tmp/ccjkPnUL.o
                0x00002518                SystemInit
 .text.Reset_Handler
                0x0000251c       0x68 /tmp/ccjkPnUL.o
                0x0000251c                Reset_Handler
 .text._write   0x00002584       0x3c /tmp/ccXg5BAv.o
                0x00002584                _write
 .text._read    0x000025c0        0x4 /tmp/ccXg5BAv.o
                0x000025c0                _read
 .text._close   0x000025c4        0x8 /tmp/ccXg5BAv.o
                0x000025c4                _close
 .text._lseek   0x000025cc        0x4 /tmp/ccXg5BAv.o
                0x000025cc                _lseek
 .text._fstat   0x000025d0        0xc /tmp/ccXg5BAv.o
                0x000025d0                _fstat
 .text._isatty  0x000025dc        0x4 /tmp/ccXg5BAv.o
                0x000025dc                _isatty
 .text._sbrk    0x000025e0       0x1c /tmp/ccXg5BAv.o
                0x000025e0                _sbrk
 .text.uart0_init
                0x000025fc       0x34 /tmp/ccXg5BAv.o
                0x000025fc                uart0_init
 .text.prvHrtTramp
                0x00002630       0x48 /tmp/ccSH4vaM.o
 .text.prvBuildTables.constprop.0
                0x00002678      0x148 /tmp/ccSH4vaM.o
 .text.vApplicationDeadlineMissHook
                0x000027c0        0x4 /tmp/ccSH4vaM.o
                0x000027c0                vApplicationDeadlineMissHook
 .text.vApplicationTaskCreateFailedHook
                0x000027c4        0x4 /tmp/ccSH4vaM.o
                0x000027c4                vApplicationTaskCreateFailedHook
 .text.prvReleaseNextSrt.part.0
                0x000027c8       0x68 /tmp/ccSH4vaM.o
 .text.prvSrtTramp
                0x00002830       0x5c /tmp/ccSH4vaM.o
 .text.prvEngineTask
                0x0000288c      0x2b4 /tmp/ccSH4vaM.o
 .text.vApplicationScheduleErrorHook
                0x00002b40        0x4 /tmp/ccSH4vaM.o
                0x00002b40                vApplicationScheduleErrorHook
 .text.xTimelineEngineValidate
                0x00002b44       0xd8 /tmp/ccSH4vaM.o
                0x00002b44                xTimelineEngineValidate
 .text.vConfigureScheduler
                0x00002c1c       0xa8 /tmp/ccSH4vaM.o
                0x00002c1c                vConfigureScheduler
 .text.xTimelineEngineReload
                0x00002cc4       0x28 /tmp/ccSH4vaM.o
                0x00002cc4                xTimelineEngineReload
 .text.vTraceRecordReset
                0x00002cec        0xc /tmp/ccuYn7H3.o
                0x00002cec                vTraceRecordReset
 .text.vTraceRecordEnable
                0x00002cf8        0xc /tmp/ccuYn7H3.o
                0x00002cf8                vTraceRecordEnable
 .text.ulTraceRecordCount
                0x00002d04        0xc /tmp/ccuYn7H3.o
                0x00002d04                ulTraceRecordCount
 .text.pxTraceRecordGet
                0x00002d10       0x1c /tmp/ccuYn7H3.o
                0x00002d10                pxTraceRecordGet
 .text.lTraceRecordFind
                0x00002d2c       0x70 /tmp/ccuYn7H3.o
                0x00002d2c                lTraceRecordFind
 .text.vTraceEnable
                0x00002d9c        0xc /tmp/ccuYn7H3.o
                0x00002d9c                vTraceEnable
 .text.vTraceLog
                0x00002da8       0xb8 /tmp/ccuYn7H3.o
                0x00002da8                vTraceLog
 .text.vTraceIdleReport
                0x00002e60       0x20 /tmp/ccuYn7H3.o
                0x00002e60                vTraceIdleReport
 .text.vTimelineHookInit
                0x00002e80       0x34 /tmp/ccLf6hbE.o
                0x00002e80                vTimelineHookInit
 .text.xTimelineTickHookFromISR
                0x00002eb4       0x68 /tmp/ccLf6hbE.o
                0x00002eb4                xTimelineTickHookFromISR
 .text.xTimelineGetFrameOffset
                0x00002f1c        0xc /tmp/ccLf6hbE.o
                0x00002f1c                xTimelineGetFrameOffset
 .text.prvAddNewTaskToReadyList
                0x00002f28      0x128 /tmp/cc2Rr1Ru.o
 .text.prvAddCurrentTaskToDelayedList
                0x00003050       0xc0 /tmp/cc2Rr1Ru.o
 .text.prvInitialiseNewTask.constprop.0
                0x00003110       0xa8 /tmp/cc2Rr1Ru.o
 .text.prvCheckTasksWaitingTermination
                0x000031b8       0x6c /tmp/cc2Rr1Ru.o
 .text.prvIdleTask
                0x00003224       0x2c /tmp/cc2Rr1Ru.o
 .text.xTaskIncrementTick.part.0
                0x00003250      0x188 /tmp/cc2Rr1Ru.o
 .text.xTaskCreateStatic
                0x000033d8       0x90 /tmp/cc2Rr1Ru.o
                0x000033d8                xTaskCreateStatic
 .text.xTaskCreate
                0x00003468       0x68 /tmp/cc2Rr1Ru.o
                0x00003468                xTaskCreate
 .text.vTaskDelete
                0x000034d0      0x110 /tmp/cc2Rr1Ru.o
                0x000034d0                vTaskDelete
 .text.vTaskStartScheduler
                0x000035e0       0x9c /tmp/cc2Rr1Ru.o
                0x000035e0                vTaskStartScheduler
 .text.vTaskSuspendAll
                0x0000367c       0x10 /tmp/cc2Rr1Ru.o
                0x0000367c                vTaskSuspendAll
 .text.xTaskResumeAll
                0x0000368c      0x19c /tmp/cc2Rr1Ru.o
                0x0000368c                xTaskResumeAll
 .text.vTaskDelay
                0x00003828       0x54 /tmp/cc2Rr1Ru.o
                0x00003828                vTaskDelay
 .text.xTaskGetTickCount
                0x0000387c        0xc /tmp/cc2Rr1Ru.o
                0x0000387c                xTaskGetTickCount
 .text.uxTaskGetNumberOfTasks
                0x00003888        0xc /tmp/cc2Rr1Ru.o
                0x00003888                uxTaskGetNumberOfTasks
 .text.xTaskIncrementTick
                0x00003894       0x28 /tmp/cc2Rr1Ru.o
                0x00003894                xTaskIncrementTick
 .text.vTaskSwitchContext
                0x000038bc       0xc8 /tmp/cc2Rr1Ru.o
                0x000038bc                vTaskSwitchContext
 .text.vTaskSuspend
                0x00003984       0xe0 /tmp/cc2Rr1Ru.o
                0x00003984                vTaskSuspend
 .text.vTaskPlaceOnEventList
                0x00003a64       0x30 /tmp/cc2Rr1Ru.o
                0x00003a64                vTaskPlaceOnEventList
 .text.vTaskPlaceOnEventListRestricted
                0x00003a94       0x5c /tmp/cc2Rr1Ru.o
                0x00003a94                vTaskPlaceOnEventListRestricted
 .text.xTaskRemoveFromEventList
                0x00003af0       0xcc /tmp/cc2Rr1Ru.o
                0x00003af0                xTaskRemoveFromEventList
 .text.vTaskInternalSetTimeOutState
                0x00003bbc       0x18 /tmp/cc2Rr1Ru.o
                0x00003bbc                vTaskInternalSetTimeOutState
 .text.xTaskCheckForTimeOut
                0x00003bd4       0x88 /tmp/cc2Rr1Ru.o
                0x00003bd4                xTaskCheckForTimeOut
 .text.vTaskMissedYield
                0x00003c5c        0xc /tmp/cc2Rr1Ru.o
                0x00003c5c                vTaskMissedYield
 .text.xTaskGetSchedulerState
                0x00003c68       0x20 /tmp/cc2Rr1Ru.o
                0x00003c68                xTaskGetSchedulerState
 .text.xTaskPriorityInherit
                0x00003c88       0x90 /tmp/cc2Rr1Ru.o
                0x00003c88                xTaskPriorityInherit
 .text.vTaskPriorityDisinheritAfterTimeout
                0x00003d18       0x9c /tmp/cc2Rr1Ru.o
                0x00003d18                vTaskPriorityDisinheritAfterTimeout
 .text.pvTaskIncrementMutexHeldCount
                0x00003db4       0x14 /tmp/cc2Rr1Ru.o
                0x00003db4                pvTaskIncrementMutexHeldCount
 .text.prvUnlockQueue
                0x00003dc8       0x8c /tmp/cchrk9sr.o
 .text.xQueueGenericReset
                0x00003e54       0x88 /tmp/cchrk9sr.o
                0x00003e54                xQueueGenericReset
 .text.xQueueGenericCreateStatic
                0x00003edc       0x70 /tmp/cchrk9sr.o
                0x00003edc                xQueueGenericCreateStatic
 .text.xQueueGenericCreate
                0x00003f4c       0x5c /tmp/cchrk9sr.o
                0x00003f4c                xQueueGenericCreate
 .text.xQueueGiveFromISR
                0x00003fa8       0x9c /tmp/cchrk9sr.o
                0x00003fa8                xQueueGiveFromISR
 .text.xQueueReceive
                0x00004044      0x14c /tmp/cchrk9sr.o
                0x00004044                xQueueReceive
 .text.xQueueSemaphoreTake
                0x00004190      0x178 /tmp/cchrk9sr.o
                0x00004190                xQueueSemaphoreTake
 .text.vQueueAddToRegistry
                0x00004308       0x54 /tmp/cchrk9sr.o
                0x00004308                vQueueAddToRegistry
 .text.vQueueWaitForMessageRestricted
                0x0000435c       0x50 /tmp/cchrk9sr.o
                0x0000435c                vQueueWaitForMessageRestricted
 .text.vListInitialise
                0x000043ac       0x18 /tmp/ccv4qBDE.o
                0x000043ac                vListInitialise
 .text.vListInitialiseItem
                0x000043c4        0x8 /tmp/ccv4qBDE.o
                0x000043c4                vListInitialiseItem
 .text.vListInsertEnd
                0x000043cc       0x1c /tmp/ccv4qBDE.o
                0x000043cc                vListInsertEnd
 .text.vListInsert
                0x000043e8       0x30 /tmp/ccv4qBDE.o
                0x000043e8                vListInsert
 .text.uxListRemove
                0x00004418       0x24 /tmp/ccv4qBDE.o
                0x00004418                uxListRemove
 .text.prvCheckForValidListAndQueue
                0x0000443c       0x6c /tmp/ccrcgTiF.o
 .text.prvProcessExpiredTimer
                0x000044a8       0x90 /tmp/ccrcgTiF.o
 .text.prvTimerTask
                0x00004538      0x278 /tmp/ccrcgTiF.o
 .text.xTimerCreateTimerTask
                0x000047b0       0x5c /tmp/ccrcgTiF.o
                0x000047b0                xTimerCreateTimerTask
 .text.vPortSVCHandler
                0x0000480c       0x24 /tmp/cc60Jkm7.o
                0x0000480c                vPortSVCHandler
 .text.prvPortStartFirstTask
                0x00004830       0x20 /tmp/cc60Jkm7.o
 .text.xPortPendSVHandler
                0x00004850       0x44 /tmp/cc60Jkm7.o
                0x00004850                xPortPendSVHandler
 .text.prvTaskExitError
                0x00004894       0x34 /tmp/cc60Jkm7.o
 .text.pxPortInitialiseStack
                0x000048c8       0x24 /tmp/cc60Jkm7.o
                0x000048c8                pxPortInitialiseStack
 .text.vPortEnterCritical
                0x000048ec       0x34 /tmp/cc60Jkm7.o
                0x000048ec                vPortEnterCritical
 .text.vPortExitCritical
                0x00004920       0x20 /tmp/cc60Jkm7.o
                0x00004920                vPortExitCritical
 .text.xPortSysTickHandler
                0x00004940       0x2c /tmp/cc60Jkm7.o
                0x00004940                xPortSysTickHandler
 .text.vPortSetupTimerInterrupt
                0x0000496c       0x18 /tmp/cc60Jkm7.o
                0x0000496c                vPortSetupTimerInterrupt
 .text.xPortStartScheduler
                0x00004984      0x118 /tmp/cc60Jkm7.o
                0x00004984                xPortStartScheduler
 .text.vPortValidateInterruptPriority
                0x00004a9c       0x48 /tmp/cc60Jkm7.o
                0x00004a9c                vPortValidateInterruptPriority
 .text.pvPortMalloc
                0x00004ae4      0x1a0 /tmp/ccasvc0Q.o
                0x00004ae4                pvPortMalloc
 .text.vPortFree
                0x00004c84      0x100 /tmp/ccasvc0Q.o
                0x00004c84                vPortFree
 *(.rodata)
 .rodata        0x00004d84       0x14 /tmp/ccZgjSrg.o
 *(.rodata*)
 .rodata.prvAssert_S7.str1.4
                0x00004d98      0x969 /tmp/ccZgjSrg.o
                                 0x97 (size before relaxing)
 .rodata.prvAssert_S2.str1.4
                0x00005701       0x78 /tmp/ccZgjSrg.o
 .rodata.prvAssert_S1.str1.4
                0x00005701       0x74 /tmp/ccZgjSrg.o
 .rodata.prvAssert_S5.str1.4
                0x00005701       0x7e /tmp/ccZgjSrg.o
 .rodata.prvAssert_S3.str1.4
                0x00005701       0x6a /tmp/ccZgjSrg.o
 .rodata.prvRunScenario.str1.4
                0x00005701       0x45 /tmp/ccZgjSrg.o
 .rodata.prvRunnerTask.str1.4
                0x00005701      0x26e /tmp/ccZgjSrg.o
 .rodata.prvAssert_S9.str1.4
                0x00005701       0x75 /tmp/ccZgjSrg.o
 .rodata.prvAssert_S4.str1.4
                0x00005701       0x80 /tmp/ccZgjSrg.o
 .rodata.prvAssert_S6.str1.4
                0x00005701       0x95 /tmp/ccZgjSrg.o
 .rodata.prvAssert_S8.str1.4
                0x00005701       0x89 /tmp/ccZgjSrg.o
 .rodata.main.str1.4
                0x00005701       0x45 /tmp/ccZgjSrg.o
 .rodata.vApplicationMallocFailedHook.str1.4
                0x00005701       0x15 /tmp/ccZgjSrg.o
 .rodata.vApplicationStackOverflowHook.str1.4
                0x00005701       0x20 /tmp/ccZgjSrg.o
 .rodata.vAssertCalled.str1.4
                0x00005701       0x1b /tmp/ccZgjSrg.o
 .rodata.str1.4
                0x00005701       0x1e /tmp/ccZgjSrg.o
 *fill*         0x00005701        0x3 
 .rodata.xWarmupSpec
                0x00005704       0x14 /tmp/ccZgjSrg.o
 .rodata.xWarmupSlots
                0x00005718       0x24 /tmp/ccZgjSrg.o
 .rodata.xSpec_BadSubRange
                0x0000573c       0x14 /tmp/ccZgjSrg.o
 .rodata.xBadSubRange
                0x00005750       0x24 /tmp/ccZgjSrg.o
 .rodata.xSpec_BadSubId
                0x00005774       0x14 /tmp/ccZgjSrg.o
 .rodata.xBadSubId
                0x00005788       0x24 /tmp/ccZgjSrg.o
 .rodata.xSpec_BadSubCross
                0x000057ac       0x14 /tmp/ccZgjSrg.o
 .rodata.xBadSubCross
                0x000057c0       0x24 /tmp/ccZgjSrg.o
 .rodata.xSpec_BadInv
                0x000057e4       0x14 /tmp/ccZgjSrg.o
 .rodata.xBadInv
                0x000057f8       0x24 /tmp/ccZgjSrg.o
 .rodata.xSpec_BadOOB
                0x0000581c       0x14 /tmp/ccZgjSrg.o
 .rodata.xBadOOB
                0x00005830       0x24 /tmp/ccZgjSrg.o
 .rodata.xSpec_BadOverlap
                0x00005854       0x14 /tmp/ccZgjSrg.o
 .rodata.xBadOverlap
                0x00005868       0x48 /tmp/ccZgjSrg.o
 .rodata.xSpec_S9
                0x000058b0       0x14 /tmp/ccZgjSrg.o
 .rodata.xSlots_S9
                0x000058c4       0x48 /tmp/ccZgjSrg.o
 .rodata.xSpec_S8
                0x0000590c       0x14 /tmp/ccZgjSrg.o
 .rodata.xSlots_S8
                0x00005920       0x48 /tmp/ccZgjSrg.o
 .rodata.xSpec_S7
                0x00005968       0x14 /tmp/ccZgjSrg.o
 .rodata.xSlots_S7
                0x0000597c       0x24 /tmp/ccZgjSrg.o
 .rodata.xSpec_S6
                0x000059a0       0x14 /tmp/ccZgjSrg.o
 .rodata.xSlots_S6
                0x000059b4       0xb4 /tmp/ccZgjSrg.o
 .rodata.xSpec_S3
                0x00005a68       0x14 /tmp/ccZgjSrg.o
 .rodata.xSlots_S3
                0x00005a7c       0x6c /tmp/ccZgjSrg.o
 .rodata.xSpec_S2
                0x00005ae8       0x14 /tmp/ccZgjSrg.o
 .rodata.xSlots_S2
                0x00005afc       0x24 /tmp/ccZgjSrg.o
 .rodata.xSpec_S1
                0x00005b20       0x14 /tmp/ccZgjSrg.o
 .rodata.xSlots_S1
                0x00005b34       0x24 /tmp/ccZgjSrg.o
 .rodata.prvEngineTask.str1.4
                0x00005b58        0x6 /tmp/ccSH4vaM.o
 .rodata.vConfigureScheduler.str1.4
                0x00005b58       0x16 /tmp/ccSH4vaM.o
 .rodata.xTimelineEngineReload.str1.4
                0x00005b58        0x7 /tmp/ccSH4vaM.o
 .rodata.vTraceLog.str1.4
                0x00005b58       0x96 /tmp/ccuYn7H3.o
 .rodata.vTraceIdleReport.str1.4
                0x00005b58       0x28 /tmp/ccuYn7H3.o
 .rodata.str1.4
                0x00005b58       0x49 /tmp/ccuYn7H3.o
 .rodata.CSWTCH.22
                0x00005b58       0x24 /tmp/ccuYn7H3.o
 .rodata.uxTopUsedPriority
                0x00005b7c        0x4 /tmp/cc2Rr1Ru.o
 .rodata.prvCheckForValidListAndQueue.str1.4
                0x00005b80        0x5 /tmp/ccrcgTiF.o
 .rodata.xTimerCreateTimerTask.str1.4
                0x00005b80        0x8 /tmp/ccrcgTiF.o
 .rodata.str1.4
                0x00005b80       0x13 /usr/lib/gcc/arm-none-eabi/13.2.1/../../../arm-none-eabi/lib/thumb/v7-m/nofp/libg_nano.a(libc_a-nano-vfprintf.o)
 .rodata.str1.4
                0x00005b80       0x25 /usr/lib/gcc/arm-none-eabi/13.2.1/../../../arm-none-eabi/lib/thumb/v7-m/nofp/libg_nano.a(libc_a-nano-vfprintf_i.o)
                0x00005bf0                        . = ALIGN (0x4)
                0x00005b80                        _etext = .
                0x00005b88                        _sidata = LOADADDR (.data)

.glue_7         0x00005b80        0x0
 .glue_7        0x00005b80        0x0 linker stubs

.glue_7t        0x00005b80        0x0
 .glue_7t       0x00005b80        0x0 linker stubs

.vfp11_veneer   0x00005b80        0x0
 .vfp11_veneer  0x00005b80        0x0 linker stubs

.v4_bx          0x00005b80        0x0
 .v4_bx         0x00005b80        0x0 linker stubs

.iplt           0x00005b80        0x0
 .iplt          0x00005b80        0x0 /tmp/ccZgjSrg.o

.rel.dyn        0x00005b80        0x0
 .rel.iplt      0x00005b80        0x0 /tmp/ccZgjSrg.o

.ARM.exidx      0x00005b80        0x8
 .ARM.exidx     0x00005b80        0x8 /usr/lib/gcc/arm-none-eabi/13.2.1/../../../arm-none-eabi/lib/thumb/v7-m/nofp/libg_nano.a(libc_a-memcpy.o)
 .ARM.exidx     0x00005b88        0x0 /usr/lib/gcc/arm-none-eabi/13.2.1/../../../arm-none-eabi/lib/thumb/v7-m/nofp/libg_nano.a(libc_a-strcmp.o)
                                  0x8 (size before relaxing)

.data           0x20000000       0x64 load address 0x00005b88
                0x20000000                        . = ALIGN (0x4)
                0x20000000                        _sdata = .
 *(.data)
 .data          0x20000000       0x50 /usr/lib/gcc/arm-none-eabi/13.2.1/../../../arm-none-eabi/lib/thumb/v7-m/nofp/libg_nano.a(libc_a-impure.o)
                0x20000000                _impure_ptr
                0x20000004                _impure_data
 .data          0x20000050        0xc /usr/lib/gcc/arm-none-eabi/13.2.1/../../../arm-none-eabi/lib/thumb/v7-m/nofp/libg_nano.a(libc_a-findfp.o)
                0x20000050                __sglue
 *(.data*)
 .data.s_ucTraceEnabled
                0x2000005c        0x1 /tmp/ccuYn7H3.o
 *fill*         0x2000005d        0x3 
 .data.uxCriticalNesting
                0x20000060        0x4 /tmp/cc60Jkm7.o
                0x20000064                        . = ALIGN (0x4)
                0x20000064                        _edata = .

.igot.plt       0x20000064        0x0 load address 0x00005bec
 .igot.plt      0x20000064        0x0 /tmp/ccZgjSrg.o

.bss            0x20000068     0x7680 load address 0x00005bec
                0x20000068                        . = ALIGN (0x4)
                0x20000068                        _sbss = .
 *(.bss)
 .bss           0x20000068      0x13c /usr/lib/gcc/arm-none-eabi/13.2.1/../../../arm-none-eabi/lib/thumb/v7-m/nofp/libg_nano.a(libc_a-findfp.o)
                0x20000068                __sf
                0x200001a0                __stdio_exit_handler
 .bss           0x200001a4        0x8 /usr/lib/gcc/arm-none-eabi/13.2.1/../../../arm-none-eabi/lib/thumb/v7-m/nofp/libg_nano.a(libc_a-mallocr.o)
                0x200001a4                __malloc_sbrk_start
                0x200001a8                __malloc_free_list
 .bss           0x200001ac        0x4 /usr/lib/gcc/arm-none-eabi/13.2.1/../../../arm-none-eabi/lib/thumb/v7-m/nofp/libg_nano.a(libc_a-reent.o)
                0x200001ac                errno
 *(.bss*)
 .bss.xTimerStack.0
                0x200001b0      0x400 /tmp/ccZgjSrg.o
 .bss.xTimerTCB.1
                0x200005b0       0x58 /tmp/ccZgjSrg.o
 .bss.xIdleStack.2
                0x20000608      0x400 /tmp/ccZgjSrg.o
 .bss.xIdleTCB.3
                0x20000a08       0x58 /tmp/ccZgjSrg.o
 .bss.s_ulTestsPassed
                0x20000a60        0x4 /tmp/ccZgjSrg.o
 .bss.s_ulTestsRun
                0x20000a64        0x4 /tmp/ccZgjSrg.o
 .bss.heap_ptr  0x20000a68        0x4 /tmp/ccXg5BAv.o
 .bss.s_pxPendingSpec
                0x20000a6c        0x4 /tmp/ccSH4vaM.o
 .bss.s_ulNonHrtLatched
                0x20000a70        0x4 /tmp/ccSH4vaM.o
 .bss.s_ulNonHrtTicks
                0x20000a74        0x4 /tmp/ccSH4vaM.o
 .bss.s_ulSrtNext
                0x20000a78        0x4 /tmp/ccSH4vaM.o
 .bss.s_xTickSignal
                0x20000a7c        0x4 /tmp/ccSH4vaM.o
 .bss.s_xEngineTask
                0x20000a80        0x4 /tmp/ccSH4vaM.o
 .bss.s_ulSrtCount
                0x20000a84        0x4 /tmp/ccSH4vaM.o
 .bss.s_ulHrtCount
                0x20000a88        0x4 /tmp/ccSH4vaM.o
 .bss.s_xSrt    0x20000a8c       0x60 /tmp/ccSH4vaM.o
 .bss.s_xHrt    0x20000aec       0xc0 /tmp/ccSH4vaM.o
 .bss.s_xSpec   0x20000bac       0x14 /tmp/ccSH4vaM.o
 .bss.s_ucRecordEnabled
                0x20000bc0        0x1 /tmp/ccuYn7H3.o
 *fill*         0x20000bc1        0x3 
 .bss.s_ulRecordCount
                0x20000bc4        0x4 /tmp/ccuYn7H3.o
 .bss.s_xRecords
                0x20000bc8     0x4000 /tmp/ccuYn7H3.o
 .bss.s_xTickSignal
                0x20004bc8        0x4 /tmp/ccLf6hbE.o
 .bss.s_ulFrameNumber
                0x20004bcc        0x4 /tmp/ccLf6hbE.o
 .bss.s_xFrameOffset
                0x20004bd0        0x4 /tmp/ccLf6hbE.o
 .bss.s_xFrameStart
                0x20004bd4        0x4 /tmp/ccLf6hbE.o
 .bss.s_xMajorFrame
                0x20004bd8        0x4 /tmp/ccLf6hbE.o
 .bss.uxSchedulerSuspended
                0x20004bdc        0x4 /tmp/cc2Rr1Ru.o
 .bss.xIdleTaskHandles
                0x20004be0        0x4 /tmp/cc2Rr1Ru.o
 .bss.xNextTaskUnblockTime
                0x20004be4        0x4 /tmp/cc2Rr1Ru.o
 .bss.uxTaskNumber
                0x20004be8        0x4 /tmp/cc2Rr1Ru.o
 .bss.xNumOfOverflows
                0x20004bec        0x4 /tmp/cc2Rr1Ru.o
 .bss.xYieldPendings
                0x20004bf0        0x4 /tmp/cc2Rr1Ru.o
 .bss.xPendedTicks
                0x20004bf4        0x4 /tmp/cc2Rr1Ru.o
 .bss.xSchedulerRunning
                0x20004bf8        0x4 /tmp/cc2Rr1Ru.o
 .bss.uxTopReadyPriority
                0x20004bfc        0x4 /tmp/cc2Rr1Ru.o
 .bss.xTickCount
                0x20004c00        0x4 /tmp/cc2Rr1Ru.o
 .bss.uxCurrentNumberOfTasks
                0x20004c04        0x4 /tmp/cc2Rr1Ru.o
 .bss.xSuspendedTaskList
                0x20004c08       0x14 /tmp/cc2Rr1Ru.o
 .bss.uxDeletedTasksWaitingCleanUp
                0x20004c1c        0x4 /tmp/cc2Rr1Ru.o
 .bss.xTasksWaitingTermination
                0x20004c20       0x14 /tmp/cc2Rr1Ru.o
 .bss.xPendingReadyList
                0x20004c34       0x14 /tmp/cc2Rr1Ru.o
 .bss.pxOverflowDelayedTaskList
                0x20004c48        0x4 /tmp/cc2Rr1Ru.o
 .bss.pxDelayedTaskList
                0x20004c4c        0x4 /tmp/cc2Rr1Ru.o
 .bss.xDelayedTaskList2
                0x20004c50       0x14 /tmp/cc2Rr1Ru.o
 .bss.xDelayedTaskList1
                0x20004c64       0x14 /tmp/cc2Rr1Ru.o
 .bss.pxReadyTasksLists
                0x20004c78       0xc8 /tmp/cc2Rr1Ru.o
 .bss.pxCurrentTCB
                0x20004d40        0x4 /tmp/cc2Rr1Ru.o
                0x20004d40                pxCurrentTCB
 *fill*         0x20004d44        0x4 
 .bss.xQueueRegistry
                0x20004d48       0xa0 /tmp/cchrk9sr.o
                0x20004d48                xQueueRegistry
 .bss.xStaticTimerQueue.0
                0x20004de8       0x50 /tmp/ccrcgTiF.o
 .bss.ucStaticTimerQueueStorage.1
                0x20004e38       0x50 /tmp/ccrcgTiF.o
 .bss.xLastTime.2
                0x20004e88        0x4 /tmp/ccrcgTiF.o
 .bss.xTimerTaskHandle
                0x20004e8c        0x4 /tmp/ccrcgTiF.o
 .bss.xTimerQueue
                0x20004e90        0x4 /tmp/ccrcgTiF.o
 .bss.pxOverflowTimerList
                0x20004e94        0x4 /tmp/ccrcgTiF.o
 .bss.pxCurrentTimerList
                0x20004e98        0x4 /tmp/ccrcgTiF.o
 .bss.xActiveTimerList2
                0x20004e9c       0x14 /tmp/ccrcgTiF.o
 .bss.xActiveTimerList1
                0x20004eb0       0x14 /tmp/ccrcgTiF.o
 .bss.ulMaxPRIGROUPValue
                0x20004ec4        0x4 /tmp/cc60Jkm7.o
 .bss.ucMaxSysCallPriority
                0x20004ec8        0x1 /tmp/cc60Jkm7.o
 *fill*         0x20004ec9        0x3 
 .bss.xNumberOfSuccessfulFrees
                0x20004ecc        0x4 /tmp/ccasvc0Q.o
 .bss.xNumberOfSuccessfulAllocations
                0x20004ed0        0x4 /tmp/ccasvc0Q.o
 .bss.xMinimumEverFreeBytesRemaining
                0x20004ed4        0x4 /tmp/ccasvc0Q.o
 .bss.xFreeBytesRemaining
                0x20004ed8        0x4 /tmp/ccasvc0Q.o
 .bss.pxEnd     0x20004edc        0x4 /tmp/ccasvc0Q.o
 .bss.xStart    0x20004ee0        0x8 /tmp/ccasvc0Q.o
 .bss.ucHeap    0x20004ee8     0x2800 /tmp/ccasvc0Q.o
 *(COMMON)
                0x200076e8                        . = ALIGN (0x4)
                0x200076e8                        _ebss = .
                0x200076e8                        PROVIDE (end = .)
                [!provide]                        PROVIDE (_end = .)

._user_heap_stack
                0x200076e8     0x3000 load address 0x00005bec
                0x200076e8                        . = ALIGN (0x8)
                [!provide]                        PROVIDE (__heap_start = .)
                0x200096e8                        . = (. + _Min_Heap_Size)
 *fill*         0x200076e8     0x2000 
                [!provide]                        PROVIDE (__heap_end = .)
                0x2000a6e8                        . = (. + _Min_Stack_Size)
 *fill*         0x200096e8     0x1000 
                0x2000a6e8                        . = ALIGN (0x8)
OUTPUT(build/tests.elf elf32-littlearm)
LOAD linker stubs

.debug_info     0x00000000    0x1c84c
 .debug_info    0x00000000     0x2130 /tmp/ccZgjSrg.o
 .debug_info    0x00002130      0x18b /tmp/ccjkPnUL.o
 .debug_info    0x000022bb      0x590 /tmp/ccXg5BAv.o
 .debug_info    0x0000284b      0xf77 /tmp/ccSH4vaM.o
 .debug_info    0x000037c2      0x6d2 /tmp/ccuYn7H3.o
 .debug_info    0x00003e94      0x223 /tmp/ccLf6hbE.o
 .debug_info    0x000040b7     0x414c /tmp/cc2Rr1Ru.o
 .debug_info    0x00008203     0x2ce8 /tmp/cchrk9sr.o
 .debug_info    0x0000aeeb      0x2ad /tmp/ccv4qBDE.o
 .debug_info    0x0000b198     0x1e51 /tmp/ccrcgTiF.o
 .debug_info    0x0000cfe9      0x521 /tmp/cc60Jkm7.o
 .debug_info    0x0000d50a      0x66e /tmp/ccasvc0Q.o
 .debug_info    0x0000db78      0x135 /usr/lib/gcc/arm-none-eabi/13.2.1/../../../arm-none-eabi/lib/thumb/v7-m/nofp/libg_nano.a(libc_a-memset.o)
 .debug_info    0x0000dcad       0x33 /usr/lib/gcc/arm-none-eabi/13.2.1/../../../arm-none-eabi/lib/thumb/v7-m/nofp/libg_nano.a(libc_a-memcpy.o)
 .debug_info    0x0000dce0       0x33 /usr/lib/gcc/arm-none-eabi/13.2.1/../../../arm-none-eabi/lib/thumb/v7-m/nofp/libg_nano.a(libc_a-strcmp.o)
 .debug_info    0x0000dd13      0x837 /usr/lib/gcc/arm-none-eabi/13.2.1/../../../arm-none-eabi/lib/thumb/v7-m/nofp/libg_nano.a(libc_a-printf.o)
 .debug_info    0x0000e54a     0x108a /usr/lib/gcc/arm-none-eabi/13.2.1/../../../arm-none-eabi/lib/thumb/v7-m/nofp/libg_nano.a(libc_a-nano-vfprintf.o)
 .debug_info    0x0000f5d4      0x863 /usr/lib/gcc/arm-none-eabi/13.2.1/../../../arm-none-eabi/lib/thumb/v7-m/nofp/libg_nano.a(libc_a-wbuf.o)
 .debug_info    0x0000fe37      0x70b /usr/lib/gcc/arm-none-eabi/13.2.1/../../../arm-none-eabi/lib/thumb/v7-m/nofp/libg_nano.a(libc_a-impure.o)
 .debug_info    0x00010542      0xb1e /usr/lib/gcc/arm-none-eabi/13.2.1/../../../arm-none-eabi/lib/thumb/v7-m/nofp/libg_nano.a(libc_a-fvwrite.o)
 .debug_info    0x00011060      0xe8c /usr/lib/gcc/arm-none-eabi/13.2.1/../../../arm-none-eabi/lib/thumb/v7-m/nofp/libg_nano.a(libc_a-findfp.o)
 .debug_info    0x00011eec      0xa30 /usr/lib/gcc/arm-none-eabi/13.2.1/../../../arm-none-eabi/lib/thumb/v7-m/nofp/libg_nano.a(libc_a-fflush.o)
 .debug_info    0x0001291c      0x9b6 /usr/lib/gcc/arm-none-eabi/13.2.1/../../../arm-none-eabi/lib/thumb/v7-m/nofp/libg_nano.a(libc_a-mallocr.o)
 .debug_info    0x000132d2      0x87f /usr/lib/gcc/arm-none-eabi/13.2.1/../../../arm-none-eabi/lib/thumb/v7-m/nofp/libg_nano.a(libc_a-freer.o)
 .debug_info    0x00013b51      0x148 /usr/lib/gcc/arm-none-eabi/13.2.1/../../../arm-none-eabi/lib/thumb/v7-m/nofp/libg_nano.a(libc_a-memmove.o)
 .debug_info    0x00013c99      0x7c8 /usr/lib/gcc/arm-none-eabi/13.2.1/../../../arm-none-eabi/lib/thumb/v7-m/nofp/libg_nano.a(libc_a-fwalk.o)
 .debug_info    0x00014461      0x7b1 /usr/lib/gcc/arm-none-eabi/13.2.1/../../../arm-none-eabi/lib/thumb/v7-m/nofp/libg_nano.a(libc_a-wsetup.o)
 .debug_info    0x00014c12      0x8cd /usr/lib/gcc/arm-none-eabi/13.2.1/../../../arm-none-eabi/lib/thumb/v7-m/nofp/libg_nano.a(libc_a-reallocr.o)
 .debug_info    0x000154df      0xdd7 /usr/lib/gcc/arm-none-eabi/13.2.1/../../../arm-none-eabi/lib/thumb/v7-m/nofp/libg_nano.a(libc_a-nano-vfprintf_i.o)
 .debug_info    0x000162b6      0x71c /usr/lib/gcc/arm-none-eabi/13.2.1/../../../arm-none-eabi/lib/thumb/v7-m/nofp/libg_nano.a(libc_a-mlock.o)
 .debug_info    0x000169d2      0xbe6 /usr/lib/gcc/arm-none-eabi/13.2.1/../../../arm-none-eabi/lib/thumb/v7-m/nofp/libg_nano.a(libc_a-makebuf.o)
 .debug_info    0x000175b8      0x14a /usr/lib/gcc/arm-none-eabi/13.2.1/../../../arm-none-eabi/lib/thumb/v7-m/nofp/libg_nano.a(libc_a-memchr-stub.o)
 .debug_info    0x00017702      0x752 /usr/lib/gcc/arm-none-eabi/13.2.1/../../../arm-none-eabi/lib/thumb/v7-m/nofp/libg_nano.a(libc_a-isattyr.o)
 .debug_info    0x00017e54      0x778 /usr/lib/gcc/arm-none-eabi/13.2.1/../../../arm-none-eabi/lib/thumb/v7-m/nofp/libg_nano.a(libc_a-sbrkr.o)
 .debug_info    0x000185cc      0xa80 /usr/lib/gcc/arm-none-eabi/13.2.1/../../../arm-none-eabi/lib/thumb/v7-m/nofp/libg_nano.a(libc_a-stdio.o)
 .debug_info    0x0001904c      0x78a /usr/lib/gcc/arm-none-eabi/13.2.1/../../../arm-none-eabi/lib/thumb/v7-m/nofp/libg_nano.a(libc_a-msizer.o)
 .debug_info    0x000197d6      0x752 /usr/lib/gcc/arm-none-eabi/13.2.1/../../../arm-none-eabi/lib/thumb/v7-m/nofp/libg_nano.a(libc_a-closer.o)
 .debug_info    0x00019f28      0x7b5 /usr/lib/gcc/arm-none-eabi/13.2.1/../../../arm-none-eabi/lib/thumb/v7-m/nofp/libg_nano.a(libc_a-readr.o)
 .debug_info    0x0001a6dd      0x89f /usr/lib/gcc/arm-none-eabi/13.2.1/../../../arm-none-eabi/lib/thumb/v7-m/nofp/libg_nano.a(libc_a-reent.o)
 .debug_info    0x0001af7c      0x977 /usr/lib/gcc/arm-none-eabi/13.2.1/../../../arm-none-eabi/lib/thumb/v7-m/nofp/libg_nano.a(libc_a-fstatr.o)
 .debug_info    0x0001b8f3      0x79e /usr/lib/gcc/arm-none-eabi/13.2.1/../../../arm-none-eabi/lib/thumb/v7-m/nofp/libg_nano.a(libc_a-lseekr.o)
 .debug_info    0x0001c091      0x7bb /usr/lib/gcc/arm-none-eabi/13.2.1/../../../arm-none-eabi/lib/thumb/v7-m/nofp/libg_nano.a(libc_a-writer.o)

.debug_abbrev   0x00000000     0x5cad
 .debug_abbrev  0x00000000      0x511 /tmp/ccZgjSrg.o
 .debug_abbrev  0x00000511      0x118 /tmp/ccjkPnUL.o
 .debug_abbrev  0x00000629      0x1f2 /tmp/ccXg5BAv.o
 .debug_abbrev  0x0000081b      0x46d /tmp/ccSH4vaM.o
 .debug_abbrev  0x00000c88      0x271 /tmp/ccuYn7H3.o
 .debug_abbrev  0x00000ef9      0x137 /tmp/ccLf6hbE.o
 .debug_abbrev  0x00001030      0x593 /tmp/cc2Rr1Ru.o
 .debug_abbrev  0x000015c3      0x4bd /tmp/cchrk9sr.o
 .debug_abbrev  0x00001a80      0x116 /tmp/ccv4qBDE.o
 .debug_abbrev  0x00001b96      0x46e /tmp/ccrcgTiF.o
 .debug_abbrev  0x00002004      0x297 /tmp/cc60Jkm7.o
 .debug_abbrev  0x0000229b      0x2d0 /tmp/ccasvc0Q.o
 .debug_abbrev  0x0000256b       0xb7 /usr/lib/gcc/arm-none-eabi/13.2.1/../../../arm-none-eabi/lib/thumb/v7-m/nofp/libg_nano.a(libc_a-memset.o)
 .debug_abbrev  0x00002622       0x28 /usr/lib/gcc/arm-none-eabi/13.2.1/../../../arm-none-eabi/lib/thumb/v7-m/nofp/libg_nano.a(libc_a-memcpy.o)
 .debug_abbrev  0x0000264a       0x28 /usr/lib/gcc/arm-none-eabi/13.2.1/../../../arm-none-eabi/lib/thumb/v7-m/nofp/libg_nano.a(libc_a-strcmp.o)
 .debug_abbrev  0x00002672      0x21a /usr/lib/gcc/arm-none-eabi/13.2.1/../../../arm-none-eabi/lib/thumb/v7-m/nofp/libg_nano.a(libc_a-printf.o)
 .debug_abbrev  0x0000288c      0x36e /usr/lib/gcc/arm-none-eabi/13.2.1/../../../arm-none-eabi/lib/thumb/v7-m/nofp/libg_nano.a(libc_a-nano-vfprintf.o)
 .debug_abbrev  0x00002bfa      0x236 /usr/lib/gcc/arm-none-eabi/13.2.1/../../../arm-none-eabi/lib/thumb/v7-m/nofp/libg_nano.a(libc_a-wbuf.o)
 .debug_abbrev  0x00002e30      0x149 /usr/lib/gcc/arm-none-eabi/13.2.1/../../../arm-none-eabi/lib/thumb/v7-m/nofp/libg_nano.a(libc_a-impure.o)
 .debug_abbrev  0x00002f79      0x224 /usr/lib/gcc/arm-none-eabi/13.2.1/../../../arm-none-eabi/lib/thumb/v7-m/nofp/libg_nano.a(libc_a-fvwrite.o)
 .debug_abbrev  0x0000319d      0x408 /usr/lib/gcc/arm-none-eabi/13.2.1/../../../arm-none-eabi/lib/thumb/v7-m/nofp/libg_nano.a(libc_a-findfp.o)
 .debug_abbrev  0x000035a5      0x2e1 /usr/lib/gcc/arm-none-eabi/13.2.1/../../../arm-none-eabi/lib/thumb/v7-m/nofp/libg_nano.a(libc_a-fflush.o)
 .debug_abbrev  0x00003886      0x24a /usr/lib/gcc/arm-none-eabi/13.2.1/../../../arm-none-eabi/lib/thumb/v7-m/nofp/libg_nano.a(libc_a-mallocr.o)
 .debug_abbrev  0x00003ad0      0x249 /usr/lib/gcc/arm-none-eabi/13.2.1/../../../arm-none-eabi/lib/thumb/v7-m/nofp/libg_nano.a(libc_a-freer.o)
 .debug_abbrev  0x00003d19       0xc3 /usr/lib/gcc/arm-none-eabi/13.2.1/../../../arm-none-eabi/lib/thumb/v7-m/nofp/libg_nano.a(libc_a-memmove.o)
 .debug_abbrev  0x00003ddc      0x19b /usr/lib/gcc/arm-none-eabi/13.2.1/../../../arm-none-eabi/lib/thumb/v7-m/nofp/libg_nano.a(libc_a-fwalk.o)
 .debug_abbrev  0x00003f77      0x1e2 /usr/lib/gcc/arm-none-eabi/13.2.1/../../../arm-none-eabi/lib/thumb/v7-m/nofp/libg_nano.a(libc_a-wsetup.o)
 .debug_abbrev  0x00004159      0x20c /usr/lib/gcc/arm-none-eabi/13.2.1/../../../arm-none-eabi/lib/thumb/v7-m/nofp/libg_nano.a(libc_a-reallocr.o)
 .debug_abbrev  0x00004365      0x284 /usr/lib/gcc/arm-none-eabi/13.2.1/../../../arm-none-eabi/lib/thumb/v7-m/nofp/libg_nano.a(libc_a-nano-vfprintf_i.o)
 .debug_abbrev  0x000045e9      0x192 /usr/lib/gcc/arm-none-eabi/13.2.1/../../../arm-none-eabi/lib/thumb/v7-m/nofp/libg_nano.a(libc_a-mlock.o)
 .debug_abbrev  0x0000477b      0x29d /usr/lib/gcc/arm-none-eabi/13.2.1/../../../arm-none-eabi/lib/thumb/v7-m/nofp/libg_nano.a(libc_a-makebuf.o)
 .debug_abbrev  0x00004a18       0xc7 /usr/lib/gcc/arm-none-eabi/13.2.1/../../../arm-none-eabi/lib/thumb/v7-m/nofp/libg_nano.a(libc_a-memchr-stub.o)
 .debug_abbrev  0x00004adf      0x1b0 /usr/lib/gcc/arm-none-eabi/13.2.1/../../../arm-none-eabi/lib/thumb/v7-m/nofp/libg_nano.a(libc_a-isattyr.o)
 .debug_abbrev  0x00004c8f      0x1da /usr/lib/gcc/arm-none-eabi/13.2.1/../../../arm-none-eabi/lib/thumb/v7-m/nofp/libg_nano.a(libc_a-sbrkr.o)
 .debug_abbrev  0x00004e69      0x224 /usr/lib/gcc/arm-none-eabi/13.2.1/../../../arm-none-eabi/lib/thumb/v7-m/nofp/libg_nano.a(libc_a-stdio.o)
 .debug_abbrev  0x0000508d      0x196 /usr/lib/gcc/arm-none-eabi/13.2.1/../../../arm-none-eabi/lib/thumb/v7-m/nofp/libg_nano.a(libc_a-msizer.o)
 .debug_abbrev  0x00005223      0x1b0 /usr/lib/gcc/arm-none-eabi/13.2.1/../../../arm-none-eabi/lib/thumb/v7-m/nofp/libg_nano.a(libc_a-closer.o)
 .debug_abbrev  0x000053d3      0x1b0 /usr/lib/gcc/arm-none-eabi/13.2.1/../../../arm-none-eabi/lib/thumb/v7-m/nofp/libg_nano.a(libc_a-readr.o)
 .debug_abbrev  0x00005583      0x1ee /usr/lib/gcc/arm-none-eabi/13.2.1/../../../arm-none-eabi/lib/thumb/v7-m/nofp/libg_nano.a(libc_a-reent.o)
 .debug_abbrev  0x00005771      0x1c3 /usr/lib/gcc/arm-none-eabi/13.2.1/../../../arm-none-eabi/lib/thumb/v7-m/nofp/libg_nano.a(libc_a-fstatr.o)
 .debug_abbrev  0x00005934      0x1c4 /usr/lib/gcc/arm-none-eabi/13.2.1/../../../arm-none-eabi/lib/thumb/v7-m/nofp/libg_nano.a(libc_a-lseekr.o)
 .debug_abbrev  0x00005af8      0x1b5 /usr/lib/gcc/arm-none-eabi/13.2.1/../../../arm-none-eabi/lib/thumb/v7-m/nofp/libg_nano.a(libc_a-writer.o)

.debug_loclists
                0x00000000     0x9c62
 .debug_loclists
                0x00000000      0xe4c /tmp/ccZgjSrg.o
 .debug_loclists
                0x00000e4c       0x46 /tmp/ccjkPnUL.o
 .debug_loclists
                0x00000e92      0x1c1 /tmp/ccXg5BAv.o
 .debug_loclists
                0x00001053      0x5e8 /tmp/ccSH4vaM.o
 .debug_loclists
                0x0000163b      0x2f3 /tmp/ccuYn7H3.o
 .debug_loclists
                0x0000192e       0xa5 /tmp/ccLf6hbE.o
 .debug_loclists
                0x000019d3     0x2898 /tmp/cc2Rr1Ru.o
 .debug_loclists
                0x0000426b     0x1d92 /tmp/cchrk9sr.o
 .debug_loclists
                0x00005ffd       0x6a /tmp/ccv4qBDE.o
 .debug_loclists
                0x00006067     0x10c6 /tmp/ccrcgTiF.o
 .debug_loclists
                0x0000712d       0xaf /tmp/cc60Jkm7.o
 .debug_loclists
                0x000071dc      0x3cf /tmp/ccasvc0Q.o
 .debug_loclists
                0x000075ab      0x1d7 /usr/lib/gcc/arm-none-eabi/13.2.1/../../../arm-none-eabi/lib/thumb/v7-m/nofp/libg_nano.a(libc_a-memset.o)
 .debug_loclists
                0x00007782       0x3c /usr/lib/gcc/arm-none-eabi/13.2.1/../../../arm-none-eabi/lib/thumb/v7-m/nofp/libg_nano.a(libc_a-printf.o)
 .debug_loclists
                0x000077be      0x58a /usr/lib/gcc/arm-none-eabi/13.2.1/../../../arm-none-eabi/lib/thumb/v7-m/nofp/libg_nano.a(libc_a-nano-vfprintf.o)
 .debug_loclists
                0x00007d48      0x104 /usr/lib/gcc/arm-none-eabi/13.2.1/../../../arm-none-eabi/lib/thumb/v7-m/nofp/libg_nano.a(libc_a-wbuf.o)
 .debug_loclists
                0x00007e4c      0x3f8 /usr/lib/gcc/arm-none-eabi/13.2.1/../../../arm-none-eabi/lib/thumb/v7-m/nofp/libg_nano.a(libc_a-fvwrite.o)
 .debug_loclists
                0x00008244      0x1d0 /usr/lib/gcc/arm-none-eabi/13.2.1/../../../arm-none-eabi/lib/thumb/v7-m/nofp/libg_nano.a(libc_a-findfp.o)
 .debug_loclists
                0x00008414      0x2f2 /usr/lib/gcc/arm-none-eabi/13.2.1/../../../arm-none-eabi/lib/thumb/v7-m/nofp/libg_nano.a(libc_a-fflush.o)
 .debug_loclists
                0x00008706      0x273 /usr/lib/gcc/arm-none-eabi/13.2.1/../../../arm-none-eabi/lib/thumb/v7-m/nofp/libg_nano.a(libc_a-mallocr.o)
 .debug_loclists
                0x00008979      0x164 /usr/lib/gcc/arm-none-eabi/13.2.1/../../../arm-none-eabi/lib/thumb/v7-m/nofp/libg_nano.a(libc_a-freer.o)
 .debug_loclists
                0x00008add      0x21b /usr/lib/gcc/arm-none-eabi/13.2.1/../../../arm-none-eabi/lib/thumb/v7-m/nofp/libg_nano.a(libc_a-memmove.o)
 .debug_loclists
                0x00008cf8       0x79 /usr/lib/gcc/arm-none-eabi/13.2.1/../../../arm-none-eabi/lib/thumb/v7-m/nofp/libg_nano.a(libc_a-fwalk.o)
 .debug_loclists
                0x00008d71       0x61 /usr/lib/gcc/arm-none-eabi/13.2.1/../../../arm-none-eabi/lib/thumb/v7-m/nofp/libg_nano.a(libc_a-wsetup.o)
 .debug_loclists
                0x00008dd2      0x102 /usr/lib/gcc/arm-none-eabi/13.2.1/../../../arm-none-eabi/lib/thumb/v7-m/nofp/libg_nano.a(libc_a-reallocr.o)
 .debug_loclists
                0x00008ed4      0x444 /usr/lib/gcc/arm-none-eabi/13.2.1/../../../arm-none-eabi/lib/thumb/v7-m/nofp/libg_nano.a(libc_a-nano-vfprintf_i.o)
 .debug_loclists
                0x00009318      0x1b4 /usr/lib/gcc/arm-none-eabi/13.2.1/../../../arm-none-eabi/lib/thumb/v7-m/nofp/libg_nano.a(libc_a-makebuf.o)
 .debug_loclists
                0x000094cc      0x172 /usr/lib/gcc/arm-none-eabi/13.2.1/../../../arm-none-eabi/lib/thumb/v7-m/nofp/libg_nano.a(libc_a-memchr-stub.o)
 .debug_loclists
                0x0000963e       0x4b /usr/lib/gcc/arm-none-eabi/13.2.1/../../../arm-none-eabi/lib/thumb/v7-m/nofp/libg_nano.a(libc_a-isattyr.o)
 .debug_loclists
                0x00009689       0x4b /usr/lib/gcc/arm-none-eabi/13.2.1/../../../arm-none-eabi/lib/thumb/v7-m/nofp/libg_nano.a(libc_a-sbrkr.o)
 .debug_loclists
                0x000096d4      0x23b /usr/lib/gcc/arm-none-eabi/13.2.1/../../../arm-none-eabi/lib/thumb/v7-m/nofp/libg_nano.a(libc_a-stdio.o)
 .debug_loclists
                0x0000990f       0x59 /usr/lib/gcc/arm-none-eabi/13.2.1/../../../arm-none-eabi/lib/thumb/v7-m/nofp/libg_nano.a(libc_a-msizer.o)
 .debug_loclists
                0x00009968       0x4b /usr/lib/gcc/arm-none-eabi/13.2.1/../../../arm-none-eabi/lib/thumb/v7-m/nofp/libg_nano.a(libc_a-closer.o)
 .debug_loclists
                0x000099b3       0x97 /usr/lib/gcc/arm-none-eabi/13.2.1/../../../arm-none-eabi/lib/thumb/v7-m/nofp/libg_nano.a(libc_a-readr.o)
 .debug_loclists
                0x00009a4a       0x80 /usr/lib/gcc/arm-none-eabi/13.2.1/../../../arm-none-eabi/lib/thumb/v7-m/nofp/libg_nano.a(libc_a-reent.o)
 .debug_loclists
                0x00009aca       0x6a /usr/lib/gcc/arm-none-eabi/13.2.1/../../../arm-none-eabi/lib/thumb/v7-m/nofp/libg_nano.a(libc_a-fstatr.o)
 .debug_loclists
                0x00009b34       0x97 /usr/lib/gcc/arm-none-eabi/13.2.1/../../../arm-none-eabi/lib/thumb/v7-m/nofp/libg_nano.a(libc_a-lseekr.o)
 .debug_loclists
                0x00009bcb       0x97 /usr/lib/gcc/arm-none-eabi/13.2.1/../../../arm-none-eabi/lib/thumb/v7-m/nofp/libg_nano.a(libc_a-writer.o)

.debug_aranges  0x00000000      0xbe0
 .debug_aranges
                0x00000000       0xf0 /tmp/ccZgjSrg.o
 .debug_aranges
                0x000000f0       0x30 /tmp/ccjkPnUL.o
 .debug_aranges
                0x00000120       0x70 /tmp/ccXg5BAv.o
 .debug_aranges
                0x00000190       0x98 /tmp/ccSH4vaM.o
 .debug_aranges
                0x00000228       0x60 /tmp/ccuYn7H3.o
 .debug_aranges
                0x00000288       0x38 /tmp/ccLf6hbE.o
 .debug_aranges
                0x000002c0      0x238 /tmp/cc2Rr1Ru.o
 .debug_aranges
                0x000004f8      0x140 /tmp/cchrk9sr.o
 .debug_aranges
                0x00000638       0x40 /tmp/ccv4qBDE.o
 .debug_aranges
                0x00000678       0xd8 /tmp/ccrcgTiF.o
 .debug_aranges
                0x00000750       0x78 /tmp/cc60Jkm7.o
 .debug_aranges
                0x000007c8       0x60 /tmp/ccasvc0Q.o
 .debug_aranges
                0x00000828       0x20 /usr/lib/gcc/arm-none-eabi/13.2.1/../../../arm-none-eabi/lib/thumb/v7-m/nofp/libg_nano.a(libc_a-memset.o)
 .debug_aranges
                0x00000848       0x20 /usr/lib/gcc/arm-none-eabi/13.2.1/../../../arm-none-eabi/lib/thumb/v7-m/nofp/libg_nano.a(libc_a-memcpy.o)
 .debug_aranges
                0x00000868       0x20 /usr/lib/gcc/arm-none-eabi/13.2.1/../../../arm-none-eabi/lib/thumb/v7-m/nofp/libg_nano.a(libc_a-strcmp.o)
 .debug_aranges
                0x00000888       0x20 /usr/lib/gcc/arm-none-eabi/13.2.1/../../../arm-none-eabi/lib/thumb/v7-m/nofp/libg_nano.a(libc_a-printf.o)
 .debug_aranges
                0x000008a8       0x20 /usr/lib/gcc/arm-none-eabi/13.2.1/../../../arm-none-eabi/lib/thumb/v7-m/nofp/libg_nano.a(libc_a-nano-vfprintf.o)
 .debug_aranges
                0x000008c8       0x20 /usr/lib/gcc/arm-none-eabi/13.2.1/../../../arm-none-eabi/lib/thumb/v7-m/nofp/libg_nano.a(libc_a-wbuf.o)
 .debug_aranges
                0x000008e8       0x18 /usr/lib/gcc/arm-none-eabi/13.2.1/../../../arm-none-eabi/lib/thumb/v7-m/nofp/libg_nano.a(libc_a-impure.o)
 .debug_aranges
                0x00000900       0x20 /usr/lib/gcc/arm-none-eabi/13.2.1/../../../arm-none-eabi/lib/thumb/v7-m/nofp/libg_nano.a(libc_a-fvwrite.o)
 .debug_aranges
                0x00000920       0x20 /usr/lib/gcc/arm-none-eabi/13.2.1/../../../arm-none-eabi/lib/thumb/v7-m/nofp/libg_nano.a(libc_a-findfp.o)
 .debug_aranges
                0x00000940       0x20 /usr/lib/gcc/arm-none-eabi/13.2.1/../../../arm-none-eabi/lib/thumb/v7-m/nofp/libg_nano.a(libc_a-fflush.o)
 .debug_aranges
                0x00000960       0x20 /usr/lib/gcc/arm-none-eabi/13.2.1/../../../arm-none-eabi/lib/thumb/v7-m/nofp/libg_nano.a(libc_a-mallocr.o)
 .debug_aranges
                0x00000980       0x20 /usr/lib/gcc/arm-none-eabi/13.2.1/../../../arm-none-eabi/lib/thumb/v7-m/nofp/libg_nano.a(libc_a-freer.o)
 .debug_aranges
                0x000009a0       0x20 /usr/lib/gcc/arm-none-eabi/13.2.1/../../../arm-none-eabi/lib/thumb/v7-m/nofp/libg_nano.a(libc_a-memmove.o)
 .debug_aranges
                0x000009c0       0x20 /usr/lib/gcc/arm-none-eabi/13.2.1/../../../arm-none-eabi/lib/thumb/v7-m/nofp/libg_nano.a(libc_a-fwalk.o)
 .debug_aranges
                0x000009e0       0x20 /usr/lib/gcc/arm-none-eabi/13.2.1/../../../arm-none-eabi/lib/thumb/v7-m/nofp/libg_nano.a(libc_a-wsetup.o)
 .debug_aranges
                0x00000a00       0x20 /usr/lib/gcc/arm-none-eabi/13.2.1/../../../arm-none-eabi/lib/thumb/v7-m/nofp/libg_nano.a(libc_a-reallocr.o)
 .debug_aranges
                0x00000a20       0x20 /usr/lib/gcc/arm-none-eabi/13.2.1/../../../arm-none-eabi/lib/thumb/v7-m/nofp/libg_nano.a(libc_a-nano-vfprintf_i.o)
 .debug_aranges
                0x00000a40       0x20 /usr/lib/gcc/arm-none-eabi/13.2.1/../../../arm-none-eabi/lib/thumb/v7-m/nofp/libg_nano.a(libc_a-mlock.o)
 .debug_aranges
                0x00000a60       0x20 /usr/lib/gcc/arm-none-eabi/13.2.1/../../../arm-none-eabi/lib/thumb/v7-m/nofp/libg_nano.a(libc_a-makebuf.o)
 .debug_aranges
                0x00000a80       0x20 /usr/lib/gcc/arm-none-eabi/13.2.1/../../../arm-none-eabi/lib/thumb/v7-m/nofp/libg_nano.a(libc_a-memchr-stub.o)
 .debug_aranges
                0x00000aa0       0x20 /usr/lib/gcc/arm-none-eabi/13.2.1/../../../arm-none-eabi/lib/thumb/v7-m/nofp/libg_nano.a(libc_a-isattyr.o)
 .debug_aranges
                0x00000ac0       0x20 /usr/lib/gcc/arm-none-eabi/13.2.1/../../../arm-none-eabi/lib/thumb/v7-m/nofp/libg_nano.a(libc_a-sbrkr.o)
 .debug_aranges
                0x00000ae0       0x20 /usr/lib/gcc/arm-none-eabi/13.2.1/../../../arm-none-eabi/lib/thumb/v7-m/nofp/libg_nano.a(libc_a-stdio.o)
 .debug_aranges
                0x00000b00       0x20 /usr/lib/gcc/arm-none-eabi/13.2.1/../../../arm-none-eabi/lib/thumb/v7-m/nofp/libg_nano.a(libc_a-msizer.o)
 .debug_aranges
                0x00000b20       0x20 /usr/lib/gcc/arm-none-eabi/13.2.1/../../../arm-none-eabi/lib/thumb/v7-m/nofp/libg_nano.a(libc_a-closer.o)
 .debug_aranges
                0x00000b40       0x20 /usr/lib/gcc/arm-none-eabi/13.2.1/../../../arm-none-eabi/lib/thumb/v7-m/nofp/libg_nano.a(libc_a-readr.o)
 .debug_aranges
                0x00000b60       0x20 /usr/lib/gcc/arm-none-eabi/13.2.1/../../../arm-none-eabi/lib/thumb/v7-m/nofp/libg_nano.a(libc_a-reent.o)
 .debug_aranges
                0x00000b80       0x20 /usr/lib/gcc/arm-none-eabi/13.2.1/../../../arm-none-eabi/lib/thumb/v7-m/nofp/libg_nano.a(libc_a-fstatr.o)
 .debug_aranges
                0x00000ba0       0x20 /usr/lib/gcc/arm-none-eabi/13.2.1/../../../arm-none-eabi/lib/thumb/v7-m/nofp/libg_nano.a(libc_a-lseekr.o)
 .debug_aranges
                0x00000bc0       0x20 /usr/lib/gcc/arm-none-eabi/13.2.1/../../../arm-none-eabi/lib/thumb/v7-m/nofp/libg_nano.a(libc_a-writer.o)

.debug_rnglists
                0x00000000     0x1282
 .debug_rnglists
                0x00000000      0x1e5 /tmp/ccZgjSrg.o
 .debug_rnglists
                0x000001e5       0x1f /tmp/ccjkPnUL.o
 .debug_rnglists
                0x00000204       0x79 /tmp/ccXg5BAv.o
 .debug_rnglists
                0x0000027d      0x13c /tmp/ccSH4vaM.o
 .debug_rnglists
                0x000003b9       0x7c /tmp/ccuYn7H3.o
 .debug_rnglists
                0x00000435       0x25 /tmp/ccLf6hbE.o
 .debug_rnglists
                0x0000045a      0x5f3 /tmp/cc2Rr1Ru.o
 .debug_rnglists
                0x00000a4d      0x34c /tmp/cchrk9sr.o
 .debug_rnglists
                0x00000d99       0x2b /tmp/ccv4qBDE.o
 .debug_rnglists
                0x00000dc4      0x1d9 /tmp/ccrcgTiF.o
 .debug_rnglists
                0x00000f9d       0x82 /tmp/cc60Jkm7.o
 .debug_rnglists
                0x0000101f       0x59 /tmp/ccasvc0Q.o
 .debug_rnglists
                0x00001078       0x1a /usr/lib/gcc/arm-none-eabi/13.2.1/../../../arm-none-eabi/lib/thumb/v7-m/nofp/libg_nano.a(libc_a-nano-vfprintf.o)
 .debug_rnglists
                0x00001092       0x1b /usr/lib/gcc/arm-none-eabi/13.2.1/../../../arm-none-eabi/lib/thumb/v7-m/nofp/libg_nano.a(libc_a-wbuf.o)
 .debug_rnglists
                0x000010ad       0x30 /usr/lib/gcc/arm-none-eabi/13.2.1/../../../arm-none-eabi/lib/thumb/v7-m/nofp/libg_nano.a(libc_a-fvwrite.o)
 .debug_rnglists
                0x000010dd       0x7a /usr/lib/gcc/arm-none-eabi/13.2.1/../../../arm-none-eabi/lib/thumb/v7-m/nofp/libg_nano.a(libc_a-findfp.o)
 .debug_rnglists
                0x00001157       0x58 /usr/lib/gcc/arm-none-eabi/13.2.1/../../../arm-none-eabi/lib/thumb/v7-m/nofp/libg_nano.a(libc_a-fflush.o)
 .debug_rnglists
                0x000011af       0x1f /usr/lib/gcc/arm-none-eabi/13.2.1/../../../arm-none-eabi/lib/thumb/v7-m/nofp/libg_nano.a(libc_a-mallocr.o)
 .debug_rnglists
                0x000011ce       0x13 /usr/lib/gcc/arm-none-eabi/13.2.1/../../../arm-none-eabi/lib/thumb/v7-m/nofp/libg_nano.a(libc_a-freer.o)
 .debug_rnglists
                0x000011e1       0x1e /usr/lib/gcc/arm-none-eabi/13.2.1/../../../arm-none-eabi/lib/thumb/v7-m/nofp/libg_nano.a(libc_a-wsetup.o)
 .debug_rnglists
                0x000011ff       0x66 /usr/lib/gcc/arm-none-eabi/13.2.1/../../../arm-none-eabi/lib/thumb/v7-m/nofp/libg_nano.a(libc_a-nano-vfprintf_i.o)
 .debug_rnglists
                0x00001265       0x1d /usr/lib/gcc/arm-none-eabi/13.2.1/../../../arm-none-eabi/lib/thumb/v7-m/nofp/libg_nano.a(libc_a-makebuf.o)

.debug_macro    0x00000000     0x4eef
 .debug_macro   0x00000000      0x1d2 /tmp/ccZgjSrg.o
 .debug_macro   0x000001d2      0xaba /tmp/ccZgjSrg.o
 .debug_macro   0x00000c8c       0x22 /tmp/ccZgjSrg.o
 .debug_macro   0x00000cae       0x54 /tmp/ccZgjSrg.o
 .debug_macro   0x00000d02       0x24 /tmp/ccZgjSrg.o
 .debug_macro   0x00000d26       0x94 /tmp/ccZgjSrg.o
 .debug_macro   0x00000dba       0x43 /tmp/ccZgjSrg.o
 .debug_macro   0x00000dfd       0x34 /tmp/ccZgjSrg.o
 .debug_macro   0x00000e31       0x16 /tmp/ccZgjSrg.o
 .debug_macro   0x00000e47       0x57 /tmp/ccZgjSrg.o
 .debug_macro   0x00000e9e       0x9e /tmp/ccZgjSrg.o
 .debug_macro   0x00000f3c      0x370 /tmp/ccZgjSrg.o
 .debug_macro   0x000012ac      0x112 /tmp/ccZgjSrg.o
 .debug_macro   0x000013be       0x10 /tmp/ccZgjSrg.o
 .debug_macro   0x000013ce       0x16 /tmp/ccZgjSrg.o
 .debug_macro   0x000013e4       0x4a /tmp/ccZgjSrg.o
 .debug_macro   0x0000142e       0x34 /tmp/ccZgjSrg.o
 .debug_macro   0x00001462       0x10 /tmp/ccZgjSrg.o
 .debug_macro   0x00001472       0x52 /tmp/ccZgjSrg.o
 .debug_macro   0x000014c4       0x8e /tmp/ccZgjSrg.o
 .debug_macro   0x00001552       0x1c /tmp/ccZgjSrg.o
 .debug_macro   0x0000156e      0x177 /tmp/ccZgjSrg.o
 .debug_macro   0x000016e5       0x16 /tmp/ccZgjSrg.o
 .debug_macro   0x000016fb       0x16 /tmp/ccZgjSrg.o
 .debug_macro   0x00001711      0x146 /tmp/ccZgjSrg.o
 .debug_macro   0x00001857      0x34e /tmp/ccZgjSrg.o
 .debug_macro   0x00001ba5       0x16 /tmp/ccZgjSrg.o
 .debug_macro   0x00001bbb       0x3c /tmp/ccZgjSrg.o
 .debug_macro   0x00001bf7       0x16 /tmp/ccZgjSrg.o
 .debug_macro   0x00001c0d      0x18b /tmp/ccZgjSrg.o
 .debug_macro   0x00001d98       0x22 /tmp/ccZgjSrg.o
 .debug_macro   0x00001dba      0x182 /tmp/ccZgjSrg.o
 .debug_macro   0x00001f3c       0xd2 /tmp/ccZgjSrg.o
 .debug_macro   0x0000200e       0x3a /tmp/ccZgjSrg.o
 .debug_macro   0x00002048       0x1f /tmp/ccZgjSrg.o
 .debug_macro   0x00002067       0x12 /tmp/ccZgjSrg.o
 .debug_macro   0x00002079     0x10aa /tmp/ccZgjSrg.o
 .debug_macro   0x00003123       0xc3 /tmp/ccZgjSrg.o
 .debug_macro   0x000031e6      0x161 /tmp/ccZgjSrg.o
 .debug_macro   0x00003347       0x16 /tmp/ccZgjSrg.o
 .debug_macro   0x0000335d       0x22 /tmp/ccZgjSrg.o
 .debug_macro   0x0000337f       0x1a /tmp/ccjkPnUL.o
 .debug_macro   0x00003399      0x1bd /tmp/ccXg5BAv.o
 .debug_macro   0x00003556      0x190 /tmp/ccXg5BAv.o
 .debug_macro   0x000036e6       0x10 /tmp/ccXg5BAv.o
 .debug_macro   0x000036f6       0x10 /tmp/ccXg5BAv.o
 .debug_macro   0x00003706       0x10 /tmp/ccXg5BAv.o
 .debug_macro   0x00003716       0x10 /tmp/ccXg5BAv.o
 .debug_macro   0x00003726       0x6a /tmp/ccXg5BAv.o
 .debug_macro   0x00003790       0x1c /tmp/ccXg5BAv.o
 .debug_macro   0x000037ac       0x52 /tmp/ccXg5BAv.o
 .debug_macro   0x000037fe       0x22 /tmp/ccXg5BAv.o
 .debug_macro   0x00003820       0x10 /tmp/ccXg5BAv.o
 .debug_macro   0x00003830       0x52 /tmp/ccXg5BAv.o
 .debug_macro   0x00003882       0xcf /tmp/ccXg5BAv.o
 .debug_macro   0x00003951       0x1c /tmp/ccXg5BAv.o
 .debug_macro   0x0000396d       0x3d /tmp/ccXg5BAv.o
 .debug_macro   0x000039aa       0x35 /tmp/ccXg5BAv.o
 .debug_macro   0x000039df      0x12c /tmp/ccXg5BAv.o
 .debug_macro   0x00003b0b      0x204 /tmp/ccSH4vaM.o
 .debug_macro   0x00003d0f       0x10 /tmp/ccSH4vaM.o
 .debug_macro   0x00003d1f       0x1c /tmp/ccSH4vaM.o
 .debug_macro   0x00003d3b       0x1c /tmp/ccSH4vaM.o
 .debug_macro   0x00003d57       0x8e /tmp/ccSH4vaM.o
 .debug_macro   0x00003de5       0xa8 /tmp/ccSH4vaM.o
 .debug_macro   0x00003e8d      0x127 /tmp/ccuYn7H3.o
 .debug_macro   0x00003fb4       0x1c /tmp/ccuYn7H3.o
 .debug_macro   0x00003fd0       0xc2 /tmp/ccLf6hbE.o
 .debug_macro   0x00004092      0x2ca /tmp/cc2Rr1Ru.o
 .debug_macro   0x0000435c       0x16 /tmp/cc2Rr1Ru.o
 .debug_macro   0x00004372      0x11c /tmp/cc2Rr1Ru.o
 .debug_macro   0x0000448e       0x9b /tmp/cc2Rr1Ru.o
 .debug_macro   0x00004529       0x16 /tmp/cc2Rr1Ru.o
 .debug_macro   0x0000453f       0x29 /tmp/cc2Rr1Ru.o
 .debug_macro   0x00004568       0x9e /tmp/cc2Rr1Ru.o
 .debug_macro   0x00004606       0x16 /tmp/cc2Rr1Ru.o
 .debug_macro   0x0000461c      0x212 /tmp/cchrk9sr.o
 .debug_macro   0x0000482e      0x180 /tmp/ccv4qBDE.o
 .debug_macro   0x000049ae      0x1cf /tmp/ccrcgTiF.o
 .debug_macro   0x00004b7d      0x162 /tmp/cc60Jkm7.o
 .debug_macro   0x00004cdf      0x210 /tmp/ccasvc0Q.o

.debug_line     0x00000000     0xfc81
 .debug_line    0x00000000     0x1192 /tmp/ccZgjSrg.o
 .debug_line    0x00001192       0xff /tmp/ccjkPnUL.o
 .debug_line    0x00001291      0x443 /tmp/ccXg5BAv.o
 .debug_line    0x000016d4      0xe69 /tmp/ccSH4vaM.o
 .debug_line    0x0000253d      0x53e /tmp/ccuYn7H3.o
 .debug_line    0x00002a7b      0x294 /tmp/ccLf6hbE.o
 .debug_line    0x00002d0f     0x3d44 /tmp/cc2Rr1Ru.o
 .debug_line    0x00006a53     0x2162 /tmp/cchrk9sr.o
 .debug_line    0x00008bb5      0x464 /tmp/ccv4qBDE.o
 .debug_line    0x00009019      0xfe6 /tmp/ccrcgTiF.o
 .debug_line    0x00009fff      0x54a /tmp/cc60Jkm7.o
 .debug_line    0x0000a549      0x8e4 /tmp/ccasvc0Q.o
 .debug_line    0x0000ae2d      0x1b1 /usr/lib/gcc/arm-none-eabi/13.2.1/../../../arm-none-eabi/lib/thumb/v7-m/nofp/libg_nano.a(libc_a-memset.o)
 .debug_line    0x0000afde       0xbd /usr/lib/gcc/arm-none-eabi/13.2.1/../../../arm-none-eabi/lib/thumb/v7-m/nofp/libg_nano.a(libc_a-memcpy.o)
 .debug_line    0x0000b09b       0xdd /usr/lib/gcc/arm-none-eabi/13.2.1/../../../arm-none-eabi/lib/thumb/v7-m/nofp/libg_nano.a(libc_a-strcmp.o)
 .debug_line    0x0000b178      0x1c0 /usr/lib/gcc/arm-none-eabi/13.2.1/../../../arm-none-eabi/lib/thumb/v7-m/nofp/libg_nano.a(libc_a-printf.o)
 .debug_line    0x0000b338      0x6b7 /usr/lib/gcc/arm-none-eabi/13.2.1/../../../arm-none-eabi/lib/thumb/v7-m/nofp/libg_nano.a(libc_a-nano-vfprintf.o)
 .debug_line    0x0000b9ef      0x253 /usr/lib/gcc/arm-none-eabi/13.2.1/../../../arm-none-eabi/lib/thumb/v7-m/nofp/libg_nano.a(libc_a-wbuf.o)
 .debug_line    0x0000bc42       0xe7 /usr/lib/gcc/arm-none-eabi/13.2.1/../../../arm-none-eabi/lib/thumb/v7-m/nofp/libg_nano.a(libc_a-impure.o)
 .debug_line    0x0000bd29      0x5f5 /usr/lib/gcc/arm-none-eabi/13.2.1/../../../arm-none-eabi/lib/thumb/v7-m/nofp/libg_nano.a(libc_a-fvwrite.o)
 .debug_line    0x0000c31e      0x51f /usr/lib/gcc/arm-none-eabi/13.2.1/../../../arm-none-eabi/lib/thumb/v7-m/nofp/libg_nano.a(libc_a-findfp.o)
 .debug_line    0x0000c83d      0x456 /usr/lib/gcc/arm-none-eabi/13.2.1/../../../arm-none-eabi/lib/thumb/v7-m/nofp/libg_nano.a(libc_a-fflush.o)
 .debug_line    0x0000cc93      0x45c /usr/lib/gcc/arm-none-eabi/13.2.1/../../../arm-none-eabi/lib/thumb/v7-m/nofp/libg_nano.a(libc_a-mallocr.o)
 .debug_line    0x0000d0ef      0x2c8 /usr/lib/gcc/arm-none-eabi/13.2.1/../../../arm-none-eabi/lib/thumb/v7-m/nofp/libg_nano.a(libc_a-freer.o)
 .debug_line    0x0000d3b7      0x20d /usr/lib/gcc/arm-none-eabi/13.2.1/../../../arm-none-eabi/lib/thumb/v7-m/nofp/libg_nano.a(libc_a-memmove.o)
 .debug_line    0x0000d5c4      0x1c9 /usr/lib/gcc/arm-none-eabi/13.2.1/../../../arm-none-eabi/lib/thumb/v7-m/nofp/libg_nano.a(libc_a-fwalk.o)
 .debug_line    0x0000d78d      0x2bd /usr/lib/gcc/arm-none-eabi/13.2.1/../../../arm-none-eabi/lib/thumb/v7-m/nofp/libg_nano.a(libc_a-wsetup.o)
 .debug_line    0x0000da4a      0x1fa /usr/lib/gcc/arm-none-eabi/13.2.1/../../../arm-none-eabi/lib/thumb/v7-m/nofp/libg_nano.a(libc_a-reallocr.o)
 .debug_line    0x0000dc44      0x770 /usr/lib/gcc/arm-none-eabi/13.2.1/../../../arm-none-eabi/lib/thumb/v7-m/nofp/libg_nano.a(libc_a-nano-vfprintf_i.o)
 .debug_line    0x0000e3b4      0x153 /usr/lib/gcc/arm-none-eabi/13.2.1/../../../arm-none-eabi/lib/thumb/v7-m/nofp/libg_nano.a(libc_a-mlock.o)
 .debug_line    0x0000e507      0x3b0 /usr/lib/gcc/arm-none-eabi/13.2.1/../../../arm-none-eabi/lib/thumb/v7-m/nofp/libg_nano.a(libc_a-makebuf.o)
 .debug_line    0x0000e8b7      0x200 /usr/lib/gcc/arm-none-eabi/13.2.1/../../../arm-none-eabi/lib/thumb/v7-m/nofp/libg_nano.a(libc_a-memchr-stub.o)
 .debug_line    0x0000eab7      0x197 /usr/lib/gcc/arm-none-eabi/13.2.1/../../../arm-none-eabi/lib/thumb/v7-m/nofp/libg_nano.a(libc_a-isattyr.o)
 .debug_line    0x0000ec4e      0x196 /usr/lib/gcc/arm-none-eabi/13.2.1/../../../arm-none-eabi/lib/thumb/v7-m/nofp/libg_nano.a(libc_a-sbrkr.o)
 .debug_line    0x0000ede4      0x22b /usr/lib/gcc/arm-none-eabi/13.2.1/../../../arm-none-eabi/lib/thumb/v7-m/nofp/libg_nano.a(libc_a-stdio.o)
 .debug_line    0x0000f00f      0x176 /usr/lib/gcc/arm-none-eabi/13.2.1/../../../arm-none-eabi/lib/thumb/v7-m/nofp/libg_nano.a(libc_a-msizer.o)
 .debug_line    0x0000f185      0x196 /usr/lib/gcc/arm-none-eabi/13.2.1/../../../arm-none-eabi/lib/thumb/v7-m/nofp/libg_nano.a(libc_a-closer.o)
 .debug_line    0x0000f31b      0x19c /usr/lib/gcc/arm-none-eabi/13.2.1/../../../arm-none-eabi/lib/thumb/v7-m/nofp/libg_nano.a(libc_a-readr.o)
 .debug_line    0x0000f4b7      0x27b /usr/lib/gcc/arm-none-eabi/13.2.1/../../../arm-none-eabi/lib/thumb/v7-m/nofp/libg_nano.a(libc_a-reent.o)
 .debug_line    0x0000f732      0x215 /usr/lib/gcc/arm-none-eabi/13.2.1/../../../arm-none-eabi/lib/thumb/v7-m/nofp/libg_nano.a(libc_a-fstatr.o)
 .debug_line    0x0000f947      0x19d /usr/lib/gcc/arm-none-eabi/13.2.1/../../../arm-none-eabi/lib/thumb/v7-m/nofp/libg_nano.a(libc_a-lseekr.o)
 .debug_line    0x0000fae4      0x19d /usr/lib/gcc/arm-none-eabi/13.2.1/../../../arm-none-eabi/lib/thumb/v7-m/nofp/libg_nano.a(libc_a-writer.o)

.debug_str      0x00000000    0x1ada8
 .debug_str     0x00000000    0x1ada8 /tmp/ccZgjSrg.o
                              0x12be5 (size before relaxing)
 .debug_str     0x0001ada8     0x3940 /tmp/ccjkPnUL.o
 .debug_str     0x0001ada8     0x8181 /tmp/ccXg5BAv.o
 .debug_str     0x0001ada8    0x13c87 /tmp/ccSH4vaM.o
 .debug_str     0x0001ada8     0x781d /tmp/ccuYn7H3.o
 .debug_str     0x0001ada8     0xfc93 /tmp/ccLf6hbE.o
 .debug_str     0x0001ada8    0x1595d /tmp/cc2Rr1Ru.o
 .debug_str     0x0001ada8    0x13532 /tmp/cchrk9sr.o
 .debug_str     0x0001ada8    0x1089c /tmp/ccv4qBDE.o
 .debug_str     0x0001ada8    0x139a3 /tmp/ccrcgTiF.o
 .debug_str     0x0001ada8     0xf143 /tmp/cc60Jkm7.o
 .debug_str     0x0001ada8    0x12453 /tmp/ccasvc0Q.o
 .debug_str     0x0001ada8      0x1a5 /usr/lib/gcc/arm-none-eabi/13.2.1/../../../arm-none-eabi/lib/thumb/v7-m/nofp/libg_nano.a(libc_a-memset.o)
 .debug_str     0x0001ada8       0xa8 /usr/lib/gcc/arm-none-eabi/13.2.1/../../../arm-none-eabi/lib/thumb/v7-m/nofp/libg_nano.a(libc_a-memcpy.o)
 .debug_str     0x0001ada8       0xa8 /usr/lib/gcc/arm-none-eabi/13.2.1/../../../arm-none-eabi/lib/thumb/v7-m/nofp/libg_nano.a(libc_a-strcmp.o)
 .debug_str     0x0001ada8      0x4ef /usr/lib/gcc/arm-none-eabi/13.2.1/../../../arm-none-eabi/lib/thumb/v7-m/nofp/libg_nano.a(libc_a-printf.o)
 .debug_str     0x0001ada8      0x821 /usr/lib/gcc/arm-none-eabi/13.2.1/../../../arm-none-eabi/lib/thumb/v7-m/nofp/libg_nano.a(libc_a-nano-vfprintf.o)
 .debug_str     0x0001ada8      0x4ea /usr/lib/gcc/arm-none-eabi/13.2.1/../../../arm-none-eabi/lib/thumb/v7-m/nofp/libg_nano.a(libc_a-wbuf.o)
 .debug_str     0x0001ada8      0x4b4 /usr/lib/gcc/arm-none-eabi/13.2.1/../../../arm-none-eabi/lib/thumb/v7-m/nofp/libg_nano.a(libc_a-impure.o)
 .debug_str     0x0001ada8      0x558 /usr/lib/gcc/arm-none-eabi/13.2.1/../../../arm-none-eabi/lib/thumb/v7-m/nofp/libg_nano.a(libc_a-fvwrite.o)
 .debug_str     0x0001ada8      0x6b7 /usr/lib/gcc/arm-none-eabi/13.2.1/../../../arm-none-eabi/lib/thumb/v7-m/nofp/libg_nano.a(libc_a-findfp.o)
 .debug_str     0x0001ada8      0x53b /usr/lib/gcc/arm-none-eabi/13.2.1/../../../arm-none-eabi/lib/thumb/v7-m/nofp/libg_nano.a(libc_a-fflush.o)
 .debug_str     0x0001ada8      0x595 /usr/lib/gcc/arm-none-eabi/13.2.1/../../../arm-none-eabi/lib/thumb/v7-m/nofp/libg_nano.a(libc_a-mallocr.o)
 .debug_str     0x0001ada8      0x534 /usr/lib/gcc/arm-none-eabi/13.2.1/../../../arm-none-eabi/lib/thumb/v7-m/nofp/libg_nano.a(libc_a-freer.o)
 .debug_str     0x0001ada8      0x1c4 /usr/lib/gcc/arm-none-eabi/13.2.1/../../../arm-none-eabi/lib/thumb/v7-m/nofp/libg_nano.a(libc_a-memmove.o)
 .debug_str     0x0001ada8      0x4c4 /usr/lib/gcc/arm-none-eabi/13.2.1/../../../arm-none-eabi/lib/thumb/v7-m/nofp/libg_nano.a(libc_a-fwalk.o)
 .debug_str     0x0001ada8      0x4e5 /usr/lib/gcc/arm-none-eabi/13.2.1/../../../arm-none-eabi/lib/thumb/v7-m/nofp/libg_nano.a(libc_a-wsetup.o)
 .debug_str     0x0001ada8      0x52a /usr/lib/gcc/arm-none-eabi/13.2.1/../../../arm-none-eabi/lib/thumb/v7-m/nofp/libg_nano.a(libc_a-reallocr.o)
 .debug_str     0x0001ada8      0x793 /usr/lib/gcc/arm-none-eabi/13.2.1/../../../arm-none-eabi/lib/thumb/v7-m/nofp/libg_nano.a(libc_a-nano-vfprintf_i.o)
 .debug_str     0x0001ada8      0x4d2 /usr/lib/gcc/arm-none-eabi/13.2.1/../../../arm-none-eabi/lib/thumb/v7-m/nofp/libg_nano.a(libc_a-mlock.o)
 .debug_str     0x0001ada8      0x647 /usr/lib/gcc/arm-none-eabi/13.2.1/../../../arm-none-eabi/lib/thumb/v7-m/nofp/libg_nano.a(libc_a-makebuf.o)
 .debug_str     0x0001ada8      0x1b5 /usr/lib/gcc/arm-none-eabi/13.2.1/../../../arm-none-eabi/lib/thumb/v7-m/nofp/libg_nano.a(libc_a-memchr-stub.o)
 .debug_str     0x0001ada8      0x4b4 /usr/lib/gcc/arm-none-eabi/13.2.1/../../../arm-none-eabi/lib/thumb/v7-m/nofp/libg_nano.a(libc_a-isattyr.o)
 .debug_str     0x0001ada8      0x4bd /usr/lib/gcc/arm-none-eabi/13.2.1/../../../arm-none-eabi/lib/thumb/v7-m/nofp/libg_nano.a(libc_a-sbrkr.o)
 .debug_str     0x0001ada8      0x521 /usr/lib/gcc/arm-none-eabi/13.2.1/../../../arm-none-eabi/lib/thumb/v7-m/nofp/libg_nano.a(libc_a-stdio.o)
 .debug_str     0x0001ada8      0x4fd /usr/lib/gcc/arm-none-eabi/13.2.1/../../../arm-none-eabi/lib/thumb/v7-m/nofp/libg_nano.a(libc_a-msizer.o)
 .debug_str     0x0001ada8      0x4aa /usr/lib/gcc/arm-none-eabi/13.2.1/../../../arm-none-eabi/lib/thumb/v7-m/nofp/libg_nano.a(libc_a-closer.o)
 .debug_str     0x0001ada8      0x4b8 /usr/lib/gcc/arm-none-eabi/13.2.1/../../../arm-none-eabi/lib/thumb/v7-m/nofp/libg_nano.a(libc_a-readr.o)
 .debug_str     0x0001ada8      0x4d3 /usr/lib/gcc/arm-none-eabi/13.2.1/../../../arm-none-eabi/lib/thumb/v7-m/nofp/libg_nano.a(libc_a-reent.o)
 .debug_str     0x0001ada8      0x5fc /usr/lib/gcc/arm-none-eabi/13.2.1/../../../arm-none-eabi/lib/thumb/v7-m/nofp/libg_nano.a(libc_a-fstatr.o)
 .debug_str     0x0001ada8      0x4b8 /usr/lib/gcc/arm-none-eabi/13.2.1/../../../arm-none-eabi/lib/thumb/v7-m/nofp/libg_nano.a(libc_a-lseekr.o)
 .debug_str     0x0001ada8      0x4ba /usr/lib/gcc/arm-none-eabi/13.2.1/../../../arm-none-eabi/lib/thumb/v7-m/nofp/libg_nano.a(libc_a-writer.o)

.comment        0x00000000       0x26
 .comment       0x00000000       0x26 /tmp/ccZgjSrg.o
                                 0x27 (size before relaxing)
 .comment       0x00000026       0x27 /tmp/ccjkPnUL.o
 .comment       0x00000026       0x27 /tmp/ccXg5BAv.o
 .comment       0x00000026       0x27 /tmp/ccSH4vaM.o
 .comment       0x00000026       0x27 /tmp/ccuYn7H3.o
 .comment       0x00000026       0x27 /tmp/ccLf6hbE.o
 .comment       0x00000026       0x27 /tmp/cc2Rr1Ru.o
 .comment       0x00000026       0x27 /tmp/cchrk9sr.o
 .comment       0x00000026       0x27 /tmp/ccv4qBDE.o
 .comment       0x00000026       0x27 /tmp/ccrcgTiF.o
 .comment       0x00000026       0x27 /tmp/cc60Jkm7.o
 .comment       0x00000026       0x27 /tmp/ccasvc0Q.o
 .comment       0x00000026       0x27 /usr/lib/gcc/arm-none-eabi/13.2.1/../../../arm-none-eabi/lib/thumb/v7-m/nofp/libg_nano.a(libc_a-memset.o)
 .comment       0x00000026       0x27 /usr/lib/gcc/arm-none-eabi/13.2.1/../../../arm-none-eabi/lib/thumb/v7-m/nofp/libg_nano.a(libc_a-printf.o)
 .comment       0x00000026       0x27 /usr/lib/gcc/arm-none-eabi/13.2.1/../../../arm-none-eabi/lib/thumb/v7-m/nofp/libg_nano.a(libc_a-nano-vfprintf.o)
 .comment       0x00000026       0x27 /usr/lib/gcc/arm-none-eabi/13.2.1/../../../arm-none-eabi/lib/thumb/v7-m/nofp/libg_nano.a(libc_a-wbuf.o)
 .comment       0x00000026       0x27 /usr/lib/gcc/arm-none-eabi/13.2.1/../../../arm-none-eabi/lib/thumb/v7-m/nofp/libg_nano.a(libc_a-impure.o)
 .comment       0x00000026       0x27 /usr/lib/gcc/arm-none-eabi/13.2.1/../../../arm-none-eabi/lib/thumb/v7-m/nofp/libg_nano.a(libc_a-fvwrite.o)
 .comment       0x00000026       0x27 /usr/lib/gcc/arm-none-eabi/13.2.1/../../../arm-none-eabi/lib/thumb/v7-m/nofp/libg_nano.a(libc_a-findfp.o)
 .comment       0x00000026       0x27 /usr/lib/gcc/arm-none-eabi/13.2.1/../../../arm-none-eabi/lib/thumb/v7-m/nofp/libg_nano.a(libc_a-fflush.o)
 .comment       0x00000026       0x27 /usr/lib/gcc/arm-none-eabi/13.2.1/../../../arm-none-eabi/lib/thumb/v7-m/nofp/libg_nano.a(libc_a-mallocr.o)
 .comment       0x00000026       0x27 /usr/lib/gcc/arm-none-eabi/13.2.1/../../../arm-none-eabi/lib/thumb/v7-m/nofp/libg_nano.a(libc_a-freer.o)
 .comment       0x00000026       0x27 /usr/lib/gcc/arm-none-eabi/13.2.1/../../../arm-none-eabi/lib/thumb/v7-m/nofp/libg_nano.a(libc_a-memmove.o)
 .comment       0x00000026       0x27 /usr/lib/gcc/arm-none-eabi/13.2.1/../../../arm-none-eabi/lib/thumb/v7-m/nofp/libg_nano.a(libc_a-fwalk.o)
 .comment       0x00000026       0x27 /usr/lib/gcc/arm-none-eabi/13.2.1/../../../arm-none-eabi/lib/thumb/v7-m/nofp/libg_nano.a(libc_a-wsetup.o)
 .comment       0x00000026       0x27 /usr/lib/gcc/arm-none-eabi/13.2.1/../../../arm-none-eabi/lib/thumb/v7-m/nofp/libg_nano.a(libc_a-reallocr.o)
 .comment       0x00000026       0x27 /usr/lib/gcc/arm-none-eabi/13.2.1/../../../arm-none-eabi/lib/thumb/v7-m/nofp/libg_nano.a(libc_a-nano-vfprintf_i.o)
 .comment       0x00000026       0x27 /usr/lib/gcc/arm-none-eabi/13.2.1/../../../arm-none-eabi/lib/thumb/v7-m/nofp/libg_nano.a(libc_a-mlock.o)
 .comment       0x00000026       0x27 /usr/lib/gcc/arm-none-eabi/13.2.1/../../../arm-none-eabi/lib/thumb/v7-m/nofp/libg_nano.a(libc_a-makebuf.o)
 .comment       0x00000026       0x27 /usr/lib/gcc/arm-none-eabi/13.2.1/../../../arm-none-eabi/lib/thumb/v7-m/nofp/libg_nano.a(libc_a-memchr-stub.o)
 .comment       0x00000026       0x27 /usr/lib/gcc/arm-none-eabi/13.2.1/../../../arm-none-eabi/lib/thumb/v7-m/nofp/libg_nano.a(libc_a-isattyr.o)
 .comment       0x00000026       0x27 /usr/lib/gcc/arm-none-eabi/13.2.1/../../../arm-none-eabi/lib/thumb/v7-m/nofp/libg_nano.a(libc_a-sbrkr.o)
 .comment       0x00000026       0x27 /usr/lib/gcc/arm-none-eabi/13.2.1/../../../arm-none-eabi/lib/thumb/v7-m/nofp/libg_nano.a(libc_a-stdio.o)
 .comment       0x00000026       0x27 /usr/lib/gcc/arm-none-eabi/13.2.1/../../../arm-none-eabi/lib/thumb/v7-m/nofp/libg_nano.a(libc_a-msizer.o)
 .comment       0x00000026       0x27 /usr/lib/gcc/arm-none-eabi/13.2.1/../../../arm-none-eabi/lib/thumb/v7-m/nofp/libg_nano.a(libc_a-closer.o)
 .comment       0x00000026       0x27 /usr/lib/gcc/arm-none-eabi/13.2.1/../../../arm-none-eabi/lib/thumb/v7-m/nofp/libg_nano.a(libc_a-readr.o)
 .comment       0x00000026       0x27 /usr/lib/gcc/arm-none-eabi/13.2.1/../../../arm-none-eabi/lib/thumb/v7-m/nofp/libg_nano.a(libc_a-reent.o)
 .comment       0x00000026       0x27 /usr/lib/gcc/arm-none-eabi/13.2.1/../../../arm-none-eabi/lib/thumb/v7-m/nofp/libg_nano.a(libc_a-fstatr.o)
 .comment       0x00000026       0x27 /usr/lib/gcc/arm-none-eabi/13.2.1/../../../arm-none-eabi/lib/thumb/v7-m/nofp/libg_nano.a(libc_a-lseekr.o)
 .comment       0x00000026       0x27 /usr/lib/gcc/arm-none-eabi/13.2.1/../../../arm-none-eabi/lib/thumb/v7-m/nofp/libg_nano.a(libc_a-writer.o)

.ARM.attributes
                0x00000000       0x2b
 .ARM.attributes
                0x00000000       0x2d /tmp/ccZgjSrg.o
 .ARM.attributes
                0x0000002d       0x2d /tmp/ccjkPnUL.o
 .ARM.attributes
                0x0000005a       0x2d /tmp/ccXg5BAv.o
 .ARM.attributes
                0x00000087       0x2d /tmp/ccSH4vaM.o
 .ARM.attributes
                0x000000b4       0x2d /tmp/ccuYn7H3.o
 .ARM.attributes
                0x000000e1       0x2d /tmp/ccLf6hbE.o
 .ARM.attributes
                0x0000010e       0x2d /tmp/cc2Rr1Ru.o
 .ARM.attributes
                0x0000013b       0x2d /tmp/cchrk9sr.o
 .ARM.attributes
                0x00000168       0x2d /tmp/ccv4qBDE.o
 .ARM.attributes
                0x00000195       0x2d /tmp/ccrcgTiF.o
 .ARM.attributes
                0x000001c2       0x2d /tmp/cc60Jkm7.o
 .ARM.attributes
                0x000001ef       0x2d /tmp/ccasvc0Q.o
 .ARM.attributes
                0x0000021c       0x2d /usr/lib/gcc/arm-none-eabi/13.2.1/../../../arm-none-eabi/lib/thumb/v7-m/nofp/libg_nano.a(libc_a-memset.o)
 .ARM.attributes
                0x00000249       0x1b /usr/lib/gcc/arm-none-eabi/13.2.1/../../../arm-none-eabi/lib/thumb/v7-m/nofp/libg_nano.a(libc_a-memcpy.o)
 .ARM.attributes
                0x00000264       0x1b /usr/lib/gcc/arm-none-eabi/13.2.1/../../../arm-none-eabi/lib/thumb/v7-m/nofp/libg_nano.a(libc_a-strcmp.o)
 .ARM.attributes
                0x0000027f       0x2d /usr/lib/gcc/arm-none-eabi/13.2.1/../../../arm-none-eabi/lib/thumb/v7-m/nofp/libg_nano.a(libc_a-printf.o)
 .ARM.attributes
                0x000002ac       0x2d /usr/lib/gcc/arm-none-eabi/13.2.1/../../../arm-none-eabi/lib/thumb/v7-m/nofp/libg_nano.a(libc_a-nano-vfprintf.o)
 .ARM.attributes
                0x000002d9       0x2d /usr/lib/gcc/arm-none-eabi/13.2.1/../../../arm-none-eabi/lib/thumb/v7-m/nofp/libg_nano.a(libc_a-wbuf.o)
 .ARM.attributes
                0x00000306       0x2d /usr/lib/gcc/arm-none-eabi/13.2.1/../../../arm-none-eabi/lib/thumb/v7-m/nofp/libg_nano.a(libc_a-impure.o)
 .ARM.attributes
                0x00000333       0x2d /usr/lib/gcc/arm-none-eabi/13.2.1/../../../arm-none-eabi/lib/thumb/v7-m/nofp/libg_nano.a(libc_a-fvwrite.o)
 .ARM.attributes
                0x00000360       0x2d /usr/lib/gcc/arm-none-eabi/13.2.1/../../../arm-none-eabi/lib/thumb/v7-m/nofp/libg_nano.a(libc_a-findfp.o)
 .ARM.attributes
                0x0000038d       0x2d /usr/lib/gcc/arm-none-eabi/13.2.1/../../../arm-none-eabi/lib/thumb/v7-m/nofp/libg_nano.a(libc_a-fflush.o)
 .ARM.attributes
                0x000003ba       0x2d /usr/lib/gcc/arm-none-eabi/13.2.1/../../../arm-none-eabi/lib/thumb/v7-m/nofp/libg_nano.a(libc_a-mallocr.o)
 .ARM.attributes
                0x000003e7       0x2d /usr/lib/gcc/arm-none-eabi/13.2.1/../../../arm-none-eabi/lib/thumb/v7-m/nofp/libg_nano.a(libc_a-freer.o)
 .ARM.attributes
                0x00000414       0x2d /usr/lib/gcc/arm-none-eabi/13.2.1/../../../arm-none-eabi/lib/thumb/v7-m/nofp/libg_nano.a(libc_a-memmove.o)
 .ARM.attributes
                0x00000441       0x2d /usr/lib/gcc/arm-none-eabi/13.2.1/../../../arm-none-eabi/lib/thumb/v7-m/nofp/libg_nano.a(libc_a-fwalk.o)
 .ARM.attributes
                0x0000046e       0x2d /usr/lib/gcc/arm-none-eabi/13.2.1/../../../arm-none-eabi/lib/thumb/v7-m/nofp/libg_nano.a(libc_a-wsetup.o)
 .ARM.attributes
                0x0000049b       0x2d /usr/lib/gcc/arm-none-eabi/13.2.1/../../../arm-none-eabi/lib/thumb/v7-m/nofp/libg_nano.a(libc_a-reallocr.o)
 .ARM.attributes
                0x000004c8       0x2d /usr/lib/gcc/arm-none-eabi/13.2.1/../../../arm-none-eabi/lib/thumb/v7-m/nofp/libg_nano.a(libc_a-nano-vfprintf_i.o)
 .ARM.attributes
                0x000004f5       0x2d /usr/lib/gcc/arm-none-eabi/13.2.1/../../../arm-none-eabi/lib/thumb/v7-m/nofp/libg_nano.a(libc_a-mlock.o)
 .ARM.attributes
                0x00000522       0x2d /usr/lib/gcc/arm-none-eabi/13.2.1/../../../arm-none-eabi/lib/thumb/v7-m/nofp/libg_nano.a(libc_a-makebuf.o)
 .ARM.attributes
                0x0000054f       0x2d /usr/lib/gcc/arm-none-eabi/13.2.1/../../../arm-none-eabi/lib/thumb/v7-m/nofp/libg_nano.a(libc_a-memchr-stub.o)
 .ARM.attributes
                0x0000057c       0x2d /usr/lib/gcc/arm-none-eabi/13.2.1/../../../arm-none-eabi/lib/thumb/v7-m/nofp/libg_nano.a(libc_a-isattyr.o)
 .ARM.attributes
                0x000005a9       0x2d /usr/lib/gcc/arm-none-eabi/13.2.1/../../../arm-none-eabi/lib/thumb/v7-m/nofp/libg_nano.a(libc_a-sbrkr.o)
 .ARM.attributes
                0x000005d6       0x2d /usr/lib/gcc/arm-none-eabi/13.2.1/../../../arm-none-eabi/lib/thumb/v7-m/nofp/libg_nano.a(libc_a-stdio.o)
 .ARM.attributes
                0x00000603       0x2d /usr/lib/gcc/arm-none-eabi/13.2.1/../../../arm-none-eabi/lib/thumb/v7-m/nofp/libg_nano.a(libc_a-msizer.o)
 .ARM.attributes
                0x00000630       0x2d /usr/lib/gcc/arm-none-eabi/13.2.1/../../../arm-none-eabi/lib/thumb/v7-m/nofp/libg_nano.a(libc_a-closer.o)
 .ARM.attributes
                0x0000065d       0x2d /usr/lib/gcc/arm-none-eabi/13.2.1/../../../arm-none-eabi/lib/thumb/v7-m/nofp/libg_nano.a(libc_a-readr.o)
 .ARM.attributes
                0x0000068a       0x2d /usr/lib/gcc/arm-none-eabi/13.2.1/../../../arm-none-eabi/lib/thumb/v7-m/nofp/libg_nano.a(libc_a-reent.o)
 .ARM.attributes
                0x000006b7       0x2d /usr/lib/gcc/arm-none-eabi/13.2.1/../../../arm-none-eabi/lib/thumb/v7-m/nofp/libg_nano.a(libc_a-fstatr.o)
 .ARM.attributes
                0x000006e4       0x2d /usr/lib/gcc/arm-none-eabi/13.2.1/../../../arm-none-eabi/lib/thumb/v7-m/nofp/libg_nano.a(libc_a-lseekr.o)
 .ARM.attributes
                0x00000711       0x2d /usr/lib/gcc/arm-none-eabi/13.2.1/../../../arm-none-eabi/lib/thumb/v7-m/nofp/libg_nano.a(libc_a-writer.o)

.debug_frame    0x00000000     0x2354
 .debug_frame   0x00000000      0x398 /tmp/ccZgjSrg.o
 .debug_frame   0x00000398       0x48 /tmp/ccjkPnUL.o
 .debug_frame   0x000003e0       0xd4 /tmp/ccXg5BAv.o
 .debug_frame   0x000004b4      0x204 /tmp/ccSH4vaM.o
 .debug_frame   0x000006b8       0xf8 /tmp/ccuYn7H3.o
 .debug_frame   0x000007b0       0x74 /tmp/ccLf6hbE.o
 .debug_frame   0x00000824      0x868 /tmp/cc2Rr1Ru.o
 .debug_frame   0x0000108c      0x478 /tmp/cchrk9sr.o
 .debug_frame   0x00001504       0x88 /tmp/ccv4qBDE.o
 .debug_frame   0x0000158c      0x324 /tmp/ccrcgTiF.o
 .debug_frame   0x000018b0      0x11c /tmp/cc60Jkm7.o
 .debug_frame   0x000019cc      0x114 /tmp/ccasvc0Q.o
 .debug_frame   0x00001ae0       0x2c /usr/lib/gcc/arm-none-eabi/13.2.1/../../../arm-none-eabi/lib/thumb/v7-m/nofp/libg_nano.a(libc_a-memset.o)
 .debug_frame   0x00001b0c       0x3c /usr/lib/gcc/arm-none-eabi/13.2.1/../../../arm-none-eabi/lib/thumb/v7-m/nofp/libg_nano.a(libc_a-strcmp.o)
 .debug_frame   0x00001b48       0x74 /usr/lib/gcc/arm-none-eabi/13.2.1/../../../arm-none-eabi/lib/thumb/v7-m/nofp/libg_nano.a(libc_a-printf.o)
 .debug_frame   0x00001bbc       0xac /usr/lib/gcc/arm-none-eabi/13.2.1/../../../arm-none-eabi/lib/thumb/v7-m/nofp/libg_nano.a(libc_a-nano-vfprintf.o)
 .debug_frame   0x00001c68       0x40 /usr/lib/gcc/arm-none-eabi/13.2.1/../../../arm-none-eabi/lib/thumb/v7-m/nofp/libg_nano.a(libc_a-wbuf.o)
 .debug_frame   0x00001ca8       0x64 /usr/lib/gcc/arm-none-eabi/13.2.1/../../../arm-none-eabi/lib/thumb/v7-m/nofp/libg_nano.a(libc_a-fvwrite.o)
 .debug_frame   0x00001d0c       0xf4 /usr/lib/gcc/arm-none-eabi/13.2.1/../../../arm-none-eabi/lib/thumb/v7-m/nofp/libg_nano.a(libc_a-findfp.o)
 .debug_frame   0x00001e00       0x8c /usr/lib/gcc/arm-none-eabi/13.2.1/../../../arm-none-eabi/lib/thumb/v7-m/nofp/libg_nano.a(libc_a-fflush.o)
 .debug_frame   0x00001e8c       0x50 /usr/lib/gcc/arm-none-eabi/13.2.1/../../../arm-none-eabi/lib/thumb/v7-m/nofp/libg_nano.a(libc_a-mallocr.o)
 .debug_frame   0x00001edc       0x58 /usr/lib/gcc/arm-none-eabi/13.2.1/../../../arm-none-eabi/lib/thumb/v7-m/nofp/libg_nano.a(libc_a-freer.o)
 .debug_frame   0x00001f34       0x40 /usr/lib/gcc/arm-none-eabi/13.2.1/../../../arm-none-eabi/lib/thumb/v7-m/nofp/libg_nano.a(libc_a-memmove.o)
 .debug_frame   0x00001f74       0x34 /usr/lib/gcc/arm-none-eabi/13.2.1/../../../arm-none-eabi/lib/thumb/v7-m/nofp/libg_nano.a(libc_a-fwalk.o)
 .debug_frame   0x00001fa8       0x2c /usr/lib/gcc/arm-none-eabi/13.2.1/../../../arm-none-eabi/lib/thumb/v7-m/nofp/libg_nano.a(libc_a-wsetup.o)
 .debug_frame   0x00001fd4       0x38 /usr/lib/gcc/arm-none-eabi/13.2.1/../../../arm-none-eabi/lib/thumb/v7-m/nofp/libg_nano.a(libc_a-reallocr.o)
 .debug_frame   0x0000200c       0x6c /usr/lib/gcc/arm-none-eabi/13.2.1/../../../arm-none-eabi/lib/thumb/v7-m/nofp/libg_nano.a(libc_a-nano-vfprintf_i.o)
 .debug_frame   0x00002078       0x30 /usr/lib/gcc/arm-none-eabi/13.2.1/../../../arm-none-eabi/lib/thumb/v7-m/nofp/libg_nano.a(libc_a-mlock.o)
 .debug_frame   0x000020a8       0x60 /usr/lib/gcc/arm-none-eabi/13.2.1/../../../arm-none-eabi/lib/thumb/v7-m/nofp/libg_nano.a(libc_a-makebuf.o)
 .debug_frame   0x00002108       0x2c /usr/lib/gcc/arm-none-eabi/13.2.1/../../../arm-none-eabi/lib/thumb/v7-m/nofp/libg_nano.a(libc_a-memchr-stub.o)
 .debug_frame   0x00002134       0x2c /usr/lib/gcc/arm-none-eabi/13.2.1/../../../arm-none-eabi/lib/thumb/v7-m/nofp/libg_nano.a(libc_a-isattyr.o)
 .debug_frame   0x00002160       0x2c /usr/lib/gcc/arm-none-eabi/13.2.1/../../../arm-none-eabi/lib/thumb/v7-m/nofp/libg_nano.a(libc_a-sbrkr.o)
 .debug_frame   0x0000218c       0x8c /usr/lib/gcc/arm-none-eabi/13.2.1/../../../arm-none-eabi/lib/thumb/v7-m/nofp/libg_nano.a(libc_a-stdio.o)
 .debug_frame   0x00002218       0x20 /usr/lib/gcc/arm-none-eabi/13.2.1/../../../arm-none-eabi/lib/thumb/v7-m/nofp/libg_nano.a(libc_a-msizer.o)
 .debug_frame   0x00002238       0x2c /usr/lib/gcc/arm-none-eabi/13.2.1/../../../arm-none-eabi/lib/thumb/v7-m/nofp/libg_nano.a(libc_a-closer.o)
 .debug_frame   0x00002264       0x2c /usr/lib/gcc/arm-none-eabi/13.2.1/../../../arm-none-eabi/lib/thumb/v7-m/nofp/libg_nano.a(libc_a-readr.o)
 .debug_frame   0x00002290       0x40 /usr/lib/gcc/arm-none-eabi/13.2.1/../../../arm-none-eabi/lib/thumb/v7-m/nofp/libg_nano.a(libc_a-reent.o)
 .debug_frame   0x000022d0       0x2c /usr/lib/gcc/arm-none-eabi/13.2.1/../../../arm-none-eabi/lib/thumb/v7-m/nofp/libg_nano.a(libc_a-fstatr.o)
 .debug_frame   0x000022fc       0x2c /usr/lib/gcc/arm-none-eabi/13.2.1/../../../arm-none-eabi/lib/thumb/v7-m/nofp/libg_nano.a(libc_a-lseekr.o)
 .debug_frame   0x00002328       0x2c /usr/lib/gcc/arm-none-eabi/13.2.1/../../../arm-none-eabi/lib/thumb/v7-m/nofp/libg_nano.a(libc_a-writer.o)

.debug_line_str
                0x00000000       0xa5
 .debug_line_str
                0x00000000       0xa5 /usr/lib/gcc/arm-none-eabi/13.2.1/../../../arm-none-eabi/lib/thumb/v7-m/nofp/libg_nano.a(libc_a-memcpy.o)
                                 0x95 (size before relaxing)
 .debug_line_str
                0x000000a5       0x95 /usr/lib/gcc/arm-none-eabi/13.2.1/../../../arm-none-eabi/lib/thumb/v7-m/nofp/libg_nano.a(libc_a-strcmp.o)
